BL51 BANKED LINKER/LOCATER V6.22                                                        05/30/2026  15:17:12  PAGE 1


BL51 BANKED LINKER/LOCATER V6.22, INVOKED BY:
D:\KEIL4\C51\BIN\BL51.EXE STARTUP.obj, Shiyan5.obj TO Shiyan5


MEMORY MODEL: SMALL


INPUT MODULES INCLUDED:
  STARTUP.obj (?C_STARTUP)
  Shiyan5.obj (SHIYAN5)
  D:\KEIL4\C51\LIB\C51S.LIB (?C?CLDOPTR)


LINK MAP OF MODULE:  Shiyan5 (?C_STARTUP)


            TYPE    BASE      LENGTH    RELOCATION   SEGMENT NAME
            -----------------------------------------------------

            * * * * * * *   D A T A   M E M O R Y   * * * * * * *
            REG     0000H     0008H     ABSOLUTE     "REG BANK 0"
            DATA    0008H     0003H     UNIT         _DATA_GROUP_
            IDATA   000BH     0001H     UNIT         ?STACK

            * * * * * * *   C O D E   M E M O R Y   * * * * * * *
            CODE    0000H     0003H     ABSOLUTE     
                    0003H     07FDH                  *** GAP ***
            CODE    0800H     002DH     UNIT         ?C?LIB_CODE
            CODE    082DH     0023H     UNIT         ?PR?_STRING?SHIYAN5
            CODE    0850H     0022H     UNIT         ?PR?MAIN?SHIYAN5
            CODE    0872H     0022H     UNIT         ?PR?_WRITE_COMMAND?SHIYAN5
            CODE    0894H     0022H     UNIT         ?PR?_WRITE_DATA?SHIYAN5
            CODE    08B6H     001BH     UNIT         ?PR?_DELAY?SHIYAN5
            CODE    08D1H     001BH     UNIT         ?PR?LCD_INITIAL?SHIYAN5
            CODE    08ECH     0015H     UNIT         ?CO?SHIYAN5
            CODE    0901H     0011H     UNIT         ?PR?CHECK_BUSY?SHIYAN5
            CODE    0912H     000DH     UNIT         ?PR?_DELAY_MS?SHIYAN5
            CODE    091FH     000CH     UNIT         ?C_C51STARTUP



OVERLAY MAP OF MODULE:   Shiyan5 (?C_STARTUP)


SEGMENT                              DATA_GROUP 
  +--> CALLED SEGMENT              START    LENGTH
--------------------------------------------------
?C_C51STARTUP                      -----    -----
  +--> ?PR?MAIN?SHIYAN5

?PR?MAIN?SHIYAN5                   -----    -----
  +--> ?PR?LCD_INITIAL?SHIYAN5
  +--> ?CO?SHIYAN5
  +--> ?PR?_STRING?SHIYAN5
  +--> ?PR?_DELAY?SHIYAN5

?PR?LCD_INITIAL?SHIYAN5            -----    -----
  +--> ?PR?_WRITE_COMMAND?SHIYAN5
BL51 BANKED LINKER/LOCATER V6.22                                                      05/30/2026  15:17:12  PAGE 2


  +--> ?PR?_DELAY?SHIYAN5

?PR?_WRITE_COMMAND?SHIYAN5         -----    -----
  +--> ?PR?CHECK_BUSY?SHIYAN5
  +--> ?PR?_DELAY_MS?SHIYAN5
  +--> ?PR?_DELAY?SHIYAN5

?PR?_STRING?SHIYAN5                0008H    0003H
  +--> ?PR?_WRITE_COMMAND?SHIYAN5
  +--> ?PR?_WRITE_DATA?SHIYAN5

?PR?_WRITE_DATA?SHIYAN5            -----    -----
  +--> ?PR?CHECK_BUSY?SHIYAN5
  +--> ?PR?_DELAY_MS?SHIYAN5
  +--> ?PR?_DELAY?SHIYAN5



SYMBOL TABLE OF MODULE:  Shiyan5 (?C_STARTUP)

  VALUE           TYPE          NAME
  ----------------------------------

  -------         MODULE        ?C_STARTUP
  C:091FH         SEGMENT       ?C_C51STARTUP
  I:000BH         SEGMENT       ?STACK
  C:0000H         PUBLIC        ?C_STARTUP
  D:00E0H         SYMBOL        ACC
  D:00F0H         SYMBOL        B
  D:0083H         SYMBOL        DPH
  D:0082H         SYMBOL        DPL
  N:0000H         SYMBOL        IBPSTACK
  N:0100H         SYMBOL        IBPSTACKTOP
  N:0080H         SYMBOL        IDATALEN
  C:0922H         SYMBOL        IDATALOOP
  N:0000H         SYMBOL        PBPSTACK
  N:0100H         SYMBOL        PBPSTACKTOP
  N:0000H         SYMBOL        PDATALEN
  N:0000H         SYMBOL        PDATASTART
  N:0000H         SYMBOL        PPAGE
  N:0000H         SYMBOL        PPAGEENABLE
  D:00A0H         SYMBOL        PPAGE_SFR
  D:0081H         SYMBOL        SP
  C:091FH         SYMBOL        STARTUP1
  N:0000H         SYMBOL        XBPSTACK
  N:0000H         SYMBOL        XBPSTACKTOP
  N:0000H         SYMBOL        XDATALEN
  N:0000H         SYMBOL        XDATASTART
  C:0000H         LINE#         126
  C:091FH         LINE#         133
  C:0921H         LINE#         134
  C:0922H         LINE#         135
  C:0923H         LINE#         136
  C:0925H         LINE#         185
  C:0928H         LINE#         196
  -------         ENDMOD        ?C_STARTUP

BL51 BANKED LINKER/LOCATER V6.22                                                      05/30/2026  15:17:12  PAGE 3


  -------         MODULE        SHIYAN5
  C:0000H         SYMBOL        _ICE_DUMMY_
  D:0080H         PUBLIC        P0
  D:0090H         PUBLIC        P1
  D:00A0H         PUBLIC        P2
  D:00B0H         PUBLIC        P3
  C:08D1H         PUBLIC        lcd_initial
  D:00A8H         PUBLIC        IE
  C:08B6H         PUBLIC        _delay
  D:00B8H         PUBLIC        IP
  C:082DH         PUBLIC        _string
  B:00A0H.0       PUBLIC        RS
  C:0850H         PUBLIC        main
  C:0901H         PUBLIC        check_busy
  B:00A0H.1       PUBLIC        RW
  C:0894H         PUBLIC        _write_data
  D:0098H         PUBLIC        SCON
  D:0088H         PUBLIC        TCON
  B:00A0H.2       PUBLIC        E
  C:0912H         PUBLIC        _delay_ms
  D:00C8H         PUBLIC        T2CON
  C:0872H         PUBLIC        _write_command
  D:00D0H         PUBLIC        PSW
  -------         PROC          MAIN
  C:0850H         LINE#         18
  C:0850H         LINE#         19
  C:0853H         LINE#         20
  C:085EH         LINE#         21
  C:0869H         LINE#         22
  C:0869H         LINE#         23
  C:0869H         LINE#         24
  C:0870H         LINE#         25
  -------         ENDPROC       MAIN
  -------         PROC          _DELAY
  D:0006H         SYMBOL        j
  -------         DO            
  D:0005H         SYMBOL        i
  -------         ENDDO         
  C:08B6H         LINE#         28
  C:08B6H         LINE#         29
  C:08B8H         LINE#         30
  C:08C1H         LINE#         31
  C:08C3H         LINE#         32
  C:08C5H         LINE#         33
  C:08C7H         LINE#         34
  C:08C9H         LINE#         35
  C:08D0H         LINE#         36
  -------         ENDPROC       _DELAY
  -------         PROC          _DELAY_MS
  D:0007H         SYMBOL        t
  -------         DO            
  D:0006H         SYMBOL        j
  -------         ENDDO         
  C:0912H         LINE#         38
  C:0912H         LINE#         40
  C:0915H         LINE#         41
  C:091BH         LINE#         42
BL51 BANKED LINKER/LOCATER V6.22                                                      05/30/2026  15:17:12  PAGE 4


  C:091EH         LINE#         43
  -------         ENDPROC       _DELAY_MS
  -------         PROC          CHECK_BUSY
  -------         DO            
  D:0007H         SYMBOL        flag
  -------         ENDDO         
  C:0901H         LINE#         45
  C:0901H         LINE#         46
  C:0901H         LINE#         47
  C:0901H         LINE#         48
  C:0903H         LINE#         49
  C:0905H         LINE#         50
  C:0907H         LINE#         51
  C:0909H         LINE#         52
  C:090BH         LINE#         53
  C:090FH         LINE#         54
  C:0911H         LINE#         55
  -------         ENDPROC       CHECK_BUSY
  -------         PROC          _WRITE_COMMAND
  D:0006H         SYMBOL        com
  C:0872H         LINE#         57
  C:0874H         LINE#         58
  C:0877H         LINE#         59
  C:0879H         LINE#         60
  C:087BH         LINE#         61
  C:087DH         LINE#         62
  C:087FH         LINE#         63
  C:0884H         LINE#         64
  C:0886H         LINE#         65
  C:088BH         LINE#         66
  C:088DH         LINE#         67
  -------         ENDPROC       _WRITE_COMMAND
  -------         PROC          _WRITE_DATA
  D:0006H         SYMBOL        wdata
  C:0894H         LINE#         70
  C:0896H         LINE#         71
  C:0899H         LINE#         72
  C:089BH         LINE#         73
  C:089DH         LINE#         74
  C:089FH         LINE#         75
  C:08A1H         LINE#         76
  C:08A6H         LINE#         77
  C:08A8H         LINE#         78
  C:08ADH         LINE#         79
  C:08AFH         LINE#         80
  -------         ENDPROC       _WRITE_DATA
  -------         PROC          LCD_INITIAL
  C:08D1H         LINE#         83
  C:08D1H         LINE#         84
  C:08D6H         LINE#         85
  C:08DBH         LINE#         86
  C:08E0H         LINE#         87
  C:08E5H         LINE#         88
  -------         ENDPROC       LCD_INITIAL
  -------         PROC          _STRING
  D:0007H         SYMBOL        address
  D:0008H         SYMBOL        s
BL51 BANKED LINKER/LOCATER V6.22                                                      05/30/2026  15:17:12  PAGE 5


  -------         DO            
  D:0004H         SYMBOL        i
  -------         ENDDO         
  C:082DH         LINE#         91
  C:0833H         LINE#         92
  C:0833H         LINE#         94
  C:0836H         LINE#         95
  C:0849H         LINE#         96
  C:0849H         LINE#         97
  C:084CH         LINE#         98
  C:084FH         LINE#         99
  -------         ENDPROC       _STRING
  -------         ENDMOD        SHIYAN5

  -------         MODULE        ?C?CLDOPTR
  C:0800H         PUBLIC        ?C?CLDOPTR
  -------         ENDMOD        ?C?CLDOPTR

******************************************************************************
* RESTRICTED VERSION WITH 0800H BYTE CODE SIZE LIMIT; USED: 0101H BYTE (12%) *
******************************************************************************

Program Size: data=12.0 xdata=0 code=302
LINK/LOCATE RUN COMPLETE.  0 WARNING(S),  0 ERROR(S)
