BL51 BANKED LINKER/LOCATER V6.22                                                        05/16/2026  12:15:44  PAGE 1


BL51 BANKED LINKER/LOCATER V6.22, INVOKED BY:
D:\KEIL4\C51\BIN\BL51.EXE .\STARTUP.obj, esimlab3.obj TO esimlab3


MEMORY MODEL: SMALL


INPUT MODULES INCLUDED:
  .\STARTUP.obj (?C_STARTUP)
  esimlab3.obj (ESIMLAB3)
  D:\KEIL4\C51\LIB\C51S.LIB (PRINTF)
  D:\KEIL4\C51\LIB\C51S.LIB (?C?CLDPTR)
  D:\KEIL4\C51\LIB\C51S.LIB (?C?CLDOPTR)
  D:\KEIL4\C51\LIB\C51S.LIB (?C?CSTPTR)
  D:\KEIL4\C51\LIB\C51S.LIB (?C?PLDIIDATA)
  D:\KEIL4\C51\LIB\C51S.LIB (?C?CCASE)
  D:\KEIL4\C51\LIB\C51S.LIB (PUTCHAR)


LINK MAP OF MODULE:  esimlab3 (?C_STARTUP)


            TYPE    BASE      LENGTH    RELOCATION   SEGMENT NAME
            -----------------------------------------------------

            * * * * * * *   D A T A   M E M O R Y   * * * * * * *
            REG     0000H     0008H     ABSOLUTE     "REG BANK 0"
            DATA    0008H     0014H     UNIT         _DATA_GROUP_
                    001CH     0004H                  *** GAP ***
            BIT     0020H.0   0001H.1   UNIT         _BIT_GROUP_
                    0021H.1   000EH.7                *** GAP ***
            DATA    0030H     0020H     ABSOLUTE     
                    0050H     0005H                  *** GAP ***
            DATA    0055H     0002H     ABSOLUTE     
            IDATA   0057H     0001H     UNIT         ?STACK

            * * * * * * *   C O D E   M E M O R Y   * * * * * * *
            CODE    0000H     0003H     ABSOLUTE     
                    0003H     07FDH                  *** GAP ***
            CODE    0800H     035CH     UNIT         ?PR?PRINTF?PRINTF
            CODE    0B5CH     008EH     UNIT         ?C?LIB_CODE
            CODE    0BEAH     0044H     UNIT         ?PR?MAIN?ESIMLAB3
            CODE    0C2EH     0027H     UNIT         ?PR?PUTCHAR?PUTCHAR
            CODE    0C55H     0016H     UNIT         ?PR?_DELAYMS?ESIMLAB3
            CODE    0C6BH     0011H     UNIT         ?CO?ESIMLAB3
            CODE    0C7CH     000CH     UNIT         ?C_C51STARTUP



OVERLAY MAP OF MODULE:   esimlab3 (?C_STARTUP)


SEGMENT                           BIT_GROUP          DATA_GROUP 
  +--> CALLED SEGMENT          START    LENGTH     START    LENGTH
------------------------------------------------------------------
?C_C51STARTUP                  -----    -----      -----    -----
  +--> ?PR?MAIN?ESIMLAB3

BL51 BANKED LINKER/LOCATER V6.22                                                      05/16/2026  12:15:44  PAGE 2


?PR?MAIN?ESIMLAB3              -----    -----      -----    -----
  +--> ?CO?ESIMLAB3
  +--> ?PR?PRINTF?PRINTF
  +--> ?PR?_DELAYMS?ESIMLAB3

?PR?PRINTF?PRINTF              0020H.0  0001H.1    0008H    0014H
  +--> ?PR?PUTCHAR?PUTCHAR



SYMBOL TABLE OF MODULE:  esimlab3 (?C_STARTUP)

  VALUE           TYPE          NAME
  ----------------------------------

  -------         MODULE        ?C_STARTUP
  C:0C7CH         SEGMENT       ?C_C51STARTUP
  I:0057H         SEGMENT       ?STACK
  C:0000H         PUBLIC        ?C_STARTUP
  D:00E0H         SYMBOL        ACC
  D:00F0H         SYMBOL        B
  D:0083H         SYMBOL        DPH
  D:0082H         SYMBOL        DPL
  N:0000H         SYMBOL        IBPSTACK
  N:0100H         SYMBOL        IBPSTACKTOP
  N:0080H         SYMBOL        IDATALEN
  C:0C7FH         SYMBOL        IDATALOOP
  N:0000H         SYMBOL        PBPSTACK
  N:0000H         SYMBOL        PBPSTACKTOP
  N:0000H         SYMBOL        PDATALEN
  N:0000H         SYMBOL        PDATASTART
  N:0000H         SYMBOL        PPAGE
  N:0000H         SYMBOL        PPAGEENABLE
  D:00A0H         SYMBOL        PPAGE_SFR
  D:0081H         SYMBOL        SP
  C:0C7CH         SYMBOL        STARTUP1
  N:0000H         SYMBOL        XBPSTACK
  N:0000H         SYMBOL        XBPSTACKTOP
  N:0000H         SYMBOL        XDATALEN
  N:0000H         SYMBOL        XDATASTART
  C:0000H         LINE#         92
  C:0C7CH         LINE#         99
  C:0C7EH         LINE#         100
  C:0C7FH         LINE#         101
  C:0C80H         LINE#         102
  C:0C82H         LINE#         151
  C:0C85H         LINE#         155
  -------         ENDMOD        ?C_STARTUP

  -------         MODULE        ESIMLAB3
  C:0000H         SYMBOL        _ICE_DUMMY_
  C:0C55H         PUBLIC        _DelayMS
  D:0081H         PUBLIC        SP
  C:0BEAH         PUBLIC        main
  D:0098H         PUBLIC        SCON
  D:0089H         PUBLIC        TMOD
  D:008DH         PUBLIC        TH1
BL51 BANKED LINKER/LOCATER V6.22                                                      05/16/2026  12:15:44  PAGE 3


  B:0088H.6       PUBLIC        TR1
  D:0030H         PUBLIC        a
  D:0055H         PUBLIC        i
  -------         PROC          _DELAYMS
  D:0006H         SYMBOL        ms
  -------         DO            
  D:0005H         SYMBOL        t
  -------         ENDDO         
  C:0C55H         LINE#         10
  C:0C55H         LINE#         11
  C:0C55H         LINE#         14
  C:0C5FH         LINE#         15
  C:0C6AH         LINE#         16
  -------         ENDPROC       _DELAYMS
  -------         PROC          MAIN
  C:0BEAH         LINE#         18
  C:0BEAH         LINE#         19
  C:0BEAH         LINE#         20
  C:0BEDH         LINE#         22
  C:0BF0H         LINE#         23
  C:0BF3H         LINE#         24
  C:0BF6H         LINE#         25
  C:0BF8H         LINE#         27
  C:0BFDH         LINE#         28
  C:0BFDH         LINE#         29
  C:0C05H         LINE#         30
  C:0C14H         LINE#         31
  C:0C1BH         LINE#         32
  C:0C2CH         LINE#         34
  -------         ENDPROC       MAIN
  -------         ENDMOD        ESIMLAB3

  -------         MODULE        PRINTF
  D:0008H         PUBLIC        ?_PRINTF517?BYTE
  D:0008H         PUBLIC        ?_PRINTF?BYTE
  D:0008H         PUBLIC        ?_SPRINTF517?BYTE
  D:0008H         PUBLIC        ?_SPRINTF?BYTE
  C:0862H         PUBLIC        _PRINTF
  C:0862H         PUBLIC        _PRINTF517
  C:085CH         PUBLIC        _SPRINTF
  C:085CH         PUBLIC        _SPRINTF517
  -------         ENDMOD        PRINTF

  -------         MODULE        ?C?CLDPTR
  C:0B5CH         PUBLIC        ?C?CLDPTR
  -------         ENDMOD        ?C?CLDPTR

  -------         MODULE        ?C?CLDOPTR
  C:0B75H         PUBLIC        ?C?CLDOPTR
  -------         ENDMOD        ?C?CLDOPTR

  -------         MODULE        ?C?CSTPTR
  C:0BA2H         PUBLIC        ?C?CSTPTR
  -------         ENDMOD        ?C?CSTPTR

  -------         MODULE        ?C?PLDIIDATA
  C:0BB4H         PUBLIC        ?C?PLDIIDATA
BL51 BANKED LINKER/LOCATER V6.22                                                      05/16/2026  12:15:44  PAGE 4


  -------         ENDMOD        ?C?PLDIIDATA

  -------         MODULE        ?C?CCASE
  C:0BC4H         PUBLIC        ?C?CCASE
  -------         ENDMOD        ?C?CCASE

  -------         MODULE        PUTCHAR
  C:0C2EH         PUBLIC        _PUTCHAR
  -------         ENDMOD        PUTCHAR

******************************************************************************
* RESTRICTED VERSION WITH 0800H BYTE CODE SIZE LIMIT; USED: 007AH BYTE ( 5%) *
******************************************************************************

Program Size: data=64.1 xdata=0 code=1163
LINK/LOCATE RUN COMPLETE.  0 WARNING(S),  0 ERROR(S)
