BL51 BANKED LINKER/LOCATER V6.22                                                        05/28/2025  19:13:21  PAGE 1


BL51 BANKED LINKER/LOCATER V6.22, INVOKED BY:
C:\KEIL\C51\BIN\BL51.EXE STARTUP.obj, LCDshow.obj TO shiyan5


MEMORY MODEL: SMALL


INPUT MODULES INCLUDED:
  STARTUP.obj (?C_STARTUP)
  LCDshow.obj (LCDSHOW)
  C:\KEIL\C51\LIB\C51S.LIB (?C?CLDOPTR)


LINK MAP OF MODULE:  shiyan5 (?C_STARTUP)


            TYPE    BASE      LENGTH    RELOCATION   SEGMENT NAME
            -----------------------------------------------------

            * * * * * * *   D A T A   M E M O R Y   * * * * * * *
            REG     0000H     0008H     ABSOLUTE     "REG BANK 0"
            DATA    0008H     0003H     UNIT         _DATA_GROUP_
            IDATA   000BH     0001H     UNIT         ?STACK

            * * * * * * *   C O D E   M E M O R Y   * * * * * * *
            CODE    0000H     0003H     ABSOLUTE     
            CODE    0003H     002DH     UNIT         ?C?LIB_CODE
            CODE    0030H     0023H     UNIT         ?PR?_STRING?LCDSHOW
            CODE    0053H     0022H     UNIT         ?PR?MAIN?LCDSHOW
            CODE    0075H     001BH     UNIT         ?PR?_DELAY?LCDSHOW
            CODE    0090H     001BH     UNIT         ?PR?LCD_INITIAL?LCDSHOW
            CODE    00ABH     001AH     UNIT         ?PR?_DELAY_MS?LCDSHOW
            CODE    00C5H     0015H     UNIT         ?PR?_WRITE_COMMAND?LCDSHOW
            CODE    00DAH     0015H     UNIT         ?PR?_WRITE_DATA?LCDSHOW
            CODE    00EFH     0015H     UNIT         ?CO?LCDSHOW
            CODE    0104H     0011H     UNIT         ?PR?CHECK_BUSY?LCDSHOW
            CODE    0115H     000CH     UNIT         ?C_C51STARTUP



OVERLAY MAP OF MODULE:   shiyan5 (?C_STARTUP)


SEGMENT                              DATA_GROUP 
  +--> CALLED SEGMENT              START    LENGTH
--------------------------------------------------
?C_C51STARTUP                      -----    -----
  +--> ?PR?MAIN?LCDSHOW

?PR?MAIN?LCDSHOW                   -----    -----
  +--> ?PR?LCD_INITIAL?LCDSHOW
  +--> ?CO?LCDSHOW
  +--> ?PR?_STRING?LCDSHOW
  +--> ?PR?_DELAY?LCDSHOW

?PR?LCD_INITIAL?LCDSHOW            -----    -----
  +--> ?PR?_WRITE_COMMAND?LCDSHOW
  +--> ?PR?_DELAY?LCDSHOW
BL51 BANKED LINKER/LOCATER V6.22                                                      05/28/2025  19:13:21  PAGE 2



?PR?_WRITE_COMMAND?LCDSHOW         -----    -----
  +--> ?PR?CHECK_BUSY?LCDSHOW
  +--> ?PR?_DELAY_MS?LCDSHOW
  +--> ?PR?_DELAY?LCDSHOW

?PR?_STRING?LCDSHOW                0008H    0003H
  +--> ?PR?_WRITE_COMMAND?LCDSHOW
  +--> ?PR?_WRITE_DATA?LCDSHOW

?PR?_WRITE_DATA?LCDSHOW            -----    -----
  +--> ?PR?CHECK_BUSY?LCDSHOW
  +--> ?PR?_DELAY_MS?LCDSHOW
  +--> ?PR?_DELAY?LCDSHOW



SYMBOL TABLE OF MODULE:  shiyan5 (?C_STARTUP)

  VALUE           TYPE          NAME
  ----------------------------------

  -------         MODULE        ?C_STARTUP
  C:0115H         SEGMENT       ?C_C51STARTUP
  I:000BH         SEGMENT       ?STACK
  C:0000H         PUBLIC        ?C_STARTUP
  D:00E0H         SYMBOL        ACC
  D:00F0H         SYMBOL        B
  D:0083H         SYMBOL        DPH
  D:0082H         SYMBOL        DPL
  N:0000H         SYMBOL        IBPSTACK
  N:0100H         SYMBOL        IBPSTACKTOP
  N:0080H         SYMBOL        IDATALEN
  C:0118H         SYMBOL        IDATALOOP
  N:0000H         SYMBOL        PBPSTACK
  N:0100H         SYMBOL        PBPSTACKTOP
  N:0000H         SYMBOL        PDATALEN
  N:0000H         SYMBOL        PDATASTART
  N:0000H         SYMBOL        PPAGE
  N:0000H         SYMBOL        PPAGEENABLE
  D:00A0H         SYMBOL        PPAGE_SFR
  D:0081H         SYMBOL        SP
  C:0115H         SYMBOL        STARTUP1
  N:0000H         SYMBOL        XBPSTACK
  N:0000H         SYMBOL        XBPSTACKTOP
  N:0000H         SYMBOL        XDATALEN
  N:0000H         SYMBOL        XDATASTART
  C:0000H         LINE#         126
  C:0115H         LINE#         133
  C:0117H         LINE#         134
  C:0118H         LINE#         135
  C:0119H         LINE#         136
  C:011BH         LINE#         185
  C:011EH         LINE#         196
  -------         ENDMOD        ?C_STARTUP

  -------         MODULE        LCDSHOW
BL51 BANKED LINKER/LOCATER V6.22                                                      05/28/2025  19:13:21  PAGE 3


  C:0000H         SYMBOL        _ICE_DUMMY_
  D:0080H         PUBLIC        P0
  D:0090H         PUBLIC        P1
  D:00A0H         PUBLIC        P2
  D:00B0H         PUBLIC        P3
  C:0090H         PUBLIC        lcd_initial
  D:00A8H         PUBLIC        IE
  C:0075H         PUBLIC        _delay
  D:00B8H         PUBLIC        IP
  C:0030H         PUBLIC        _string
  B:00A0H.0       PUBLIC        RS
  C:0053H         PUBLIC        main
  C:0104H         PUBLIC        check_busy
  B:00A0H.1       PUBLIC        RW
  C:00DAH         PUBLIC        _write_data
  D:0098H         PUBLIC        SCON
  D:0088H         PUBLIC        TCON
  B:00A0H.2       PUBLIC        E
  C:00B8H         PUBLIC        _delay_ms
  D:00C8H         PUBLIC        T2CON
  C:00C5H         PUBLIC        _write_command
  D:00D0H         PUBLIC        PSW
  -------         PROC          MAIN
  C:0053H         LINE#         18
  C:0053H         LINE#         19
  C:0056H         LINE#         20
  C:0061H         LINE#         21
  C:006CH         LINE#         22
  C:006CH         LINE#         23
  C:006CH         LINE#         24
  C:0073H         LINE#         25
  -------         ENDPROC       MAIN
  -------         PROC          _DELAY
  D:0006H         SYMBOL        j
  -------         DO            
  D:0005H         SYMBOL        i
  -------         ENDDO         
  C:0075H         LINE#         28
  C:0075H         LINE#         29
  C:0077H         LINE#         30
  C:0080H         LINE#         31
  C:0082H         LINE#         32
  C:0084H         LINE#         33
  C:0086H         LINE#         34
  C:0088H         LINE#         35
  C:008FH         LINE#         36
  -------         ENDPROC       _DELAY
  -------         PROC          L?0031
  -------         ENDPROC       L?0031
  -------         PROC          _DELAY_MS
  D:0007H         SYMBOL        t
  -------         DO            
  D:0006H         SYMBOL        j
  -------         ENDDO         
  C:00B8H         LINE#         38
  C:00B8H         LINE#         40
  C:00BBH         LINE#         41
BL51 BANKED LINKER/LOCATER V6.22                                                      05/28/2025  19:13:21  PAGE 4


  C:00C1H         LINE#         42
  C:00C4H         LINE#         43
  -------         ENDPROC       _DELAY_MS
  -------         PROC          CHECK_BUSY
  -------         DO            
  D:0007H         SYMBOL        flag
  -------         ENDDO         
  C:0104H         LINE#         45
  C:0104H         LINE#         46
  C:0104H         LINE#         47
  C:0104H         LINE#         48
  C:0106H         LINE#         49
  C:0108H         LINE#         50
  C:010AH         LINE#         51
  C:010CH         LINE#         52
  C:010EH         LINE#         53
  C:0112H         LINE#         54
  C:0114H         LINE#         55
  -------         ENDPROC       CHECK_BUSY
  -------         PROC          _WRITE_COMMAND
  D:0006H         SYMBOL        com
  C:00C5H         LINE#         57
  C:00C7H         LINE#         58
  C:00CAH         LINE#         59
  C:00CCH         LINE#         60
  C:00CEH         LINE#         61
  C:00CEH         LINE#         62
  C:00CEH         LINE#         63
  C:00CEH         LINE#         64
  C:00CEH         LINE#         65
  C:00D1H         LINE#         66
  C:00D3H         LINE#         67
  -------         ENDPROC       _WRITE_COMMAND
  -------         PROC          _WRITE_DATA
  D:0006H         SYMBOL        wdata
  C:00DAH         LINE#         70
  C:00DCH         LINE#         71
  C:00DFH         LINE#         72
  C:00E1H         LINE#         73
  C:00E3H         LINE#         74
  C:00E3H         LINE#         75
  C:00E3H         LINE#         76
  C:00E3H         LINE#         77
  C:00E3H         LINE#         78
  C:00E6H         LINE#         79
  C:00E8H         LINE#         80
  -------         ENDPROC       _WRITE_DATA
  -------         PROC          LCD_INITIAL
  C:0090H         LINE#         83
  C:0090H         LINE#         84
  C:0095H         LINE#         85
  C:009AH         LINE#         86
  C:009FH         LINE#         87
  C:00A4H         LINE#         88
  -------         ENDPROC       LCD_INITIAL
  -------         PROC          _STRING
  D:0007H         SYMBOL        address
BL51 BANKED LINKER/LOCATER V6.22                                                      05/28/2025  19:13:21  PAGE 5


  D:0008H         SYMBOL        s
  -------         DO            
  D:0004H         SYMBOL        i
  -------         ENDDO         
  C:0030H         LINE#         91
  C:0036H         LINE#         92
  C:0036H         LINE#         94
  C:0039H         LINE#         95
  C:004CH         LINE#         96
  C:004CH         LINE#         97
  C:004FH         LINE#         98
  C:0052H         LINE#         99
  -------         ENDPROC       _STRING
  -------         ENDMOD        LCDSHOW

  -------         MODULE        ?C?CLDOPTR
  C:0003H         PUBLIC        ?C?CLDOPTR
  -------         ENDMOD        ?C?CLDOPTR

Program Size: data=12.0 xdata=0 code=289
LINK/LOCATE RUN COMPLETE.  0 WARNING(S),  0 ERROR(S)
