A51 MACRO ASSEMBLER  ASMSIN                                                               05/15/2026 10:06:23 PAGE     1


MACRO ASSEMBLER A51 V7.07
OBJECT MODULE PLACED IN asmsin.OBJ
ASSEMBLER INVOKED BY: D:\Keil\C51\BIN\A51.EXE asmsin.asm SET(SMALL) DEBUG EP

LOC  OBJ            LINE     SOURCE

                       1     ?PR?_ASMSIN SEGMENT CODE;
                       2     PUBLIC _ASMSIN;
                       3     EXTRN CODE(_SIN);
----                   4     RSEG ?PR?_ASMSIN;
0000                   5     _ASMSIN:
0000 120000   F        6        LCALL _SIN;
0003 22                7     RET
                       8     END
A51 MACRO ASSEMBLER  ASMSIN                                                               05/15/2026 10:06:23 PAGE     2

SYMBOL TABLE LISTING
------ ----- -------


N A M E             T Y P E  V A L U E   ATTRIBUTES

?PR?_ASMSIN. . . .  C SEG    0004H       REL=UNIT
_ASMSIN. . . . . .  C ADDR   0000H   R   SEG=?PR?_ASMSIN
_SIN . . . . . . .  C ADDR   -----       EXT


REGISTER BANK(S) USED: 0 


ASSEMBLY COMPLETE.  0 WARNING(S), 0 ERROR(S)
