BL51 BANKED LINKER/LOCATER V6.22                                                        06/06/2026  15:21:09  PAGE 1


BL51 BANKED LINKER/LOCATER V6.22, INVOKED BY:
D:\KEIL4\C51\BIN\BL51.EXE Shiyan7(1).obj TO Shiyan7(1)


MEMORY MODEL: SMALL


INPUT MODULES INCLUDED:
  Shiyan7(1).obj (SHIYAN7_1_)
  D:\KEIL4\C51\LIB\C51S.LIB (?C_STARTUP)
  D:\KEIL4\C51\LIB\C51S.LIB (?C?UIDIV)


LINK MAP OF MODULE:  Shiyan7(1) (SHIYAN7_1_)


            TYPE    BASE      LENGTH    RELOCATION   SEGMENT NAME
            -----------------------------------------------------

            * * * * * * *   D A T A   M E M O R Y   * * * * * * *
            REG     0000H     0008H     ABSOLUTE     "REG BANK 0"
            DATA    0008H     0006H     UNIT         _DATA_GROUP_
            IDATA   000EH     0001H     UNIT         ?STACK

            * * * * * * *   C O D E   M E M O R Y   * * * * * * *
            CODE    0000H     0003H     ABSOLUTE     
                    0003H     0008H                  *** GAP ***
            CODE    000BH     0003H     ABSOLUTE     
                    000EH     07F2H                  *** GAP ***
            CODE    0800H     00A7H     UNIT         ?PR?MAIN?SHIYAN7_1_
            CODE    08A7H     0055H     UNIT         ?C?LIB_CODE
            CODE    08FCH     001FH     UNIT         ?PR?_DELAY?SHIYAN7_1_
            CODE    091BH     000FH     UNIT         ?CO?SHIYAN7_1_
            CODE    092AH     000CH     UNIT         ?C_C51STARTUP
            CODE    0936H     0003H     UNIT         ?PR?TIMER0_INT?SHIYAN7_1_



OVERLAY MAP OF MODULE:   Shiyan7(1) (SHIYAN7_1_)


SEGMENT                             DATA_GROUP 
  +--> CALLED SEGMENT             START    LENGTH
-------------------------------------------------
?C_C51STARTUP                     -----    -----
  +--> ?PR?MAIN?SHIYAN7_1_

?PR?MAIN?SHIYAN7_1_               0008H    0006H
  +--> ?CO?SHIYAN7_1_
  +--> ?PR?_DELAY?SHIYAN7_1_



SYMBOL TABLE OF MODULE:  Shiyan7(1) (SHIYAN7_1_)

  VALUE           TYPE          NAME
  ----------------------------------

BL51 BANKED LINKER/LOCATER V6.22                                                      06/06/2026  15:21:09  PAGE 2


  -------         MODULE        SHIYAN7_1_
  C:0000H         SYMBOL        _ICE_DUMMY_
  D:0080H         PUBLIC        P0
  C:0936H         PUBLIC        Timer0_INT
  D:0090H         PUBLIC        P1
  C:0926H         PUBLIC        combit
  C:091BH         PUBLIC        segbit
  D:00A0H         PUBLIC        P2
  D:00B0H         PUBLIC        P3
  D:00A8H         PUBLIC        IE
  B:00B0H.7       PUBLIC        OE
  B:00A0H.7       PUBLIC        CS
  D:00B8H         PUBLIC        IP
  C:0800H         PUBLIC        main
  B:00B0H.6       PUBLIC        ST
  D:0098H         PUBLIC        SCON
  D:0089H         PUBLIC        TMOD
  D:0088H         PUBLIC        TCON
  D:008CH         PUBLIC        TH0
  D:008AH         PUBLIC        TL0
  B:0088H.4       PUBLIC        TR0
  B:00B0H.0       PUBLIC        EOC
  B:00B0H.1       PUBLIC        CLK
  D:00C8H         PUBLIC        T2CON
  C:08FCH         PUBLIC        _Delay
  D:00D0H         PUBLIC        PSW
  -------         PROC          _DELAY
  D:0006H         SYMBOL        i
  -------         DO            
  D:0004H         SYMBOL        j
  -------         ENDDO         
  C:08FCH         LINE#         30
  C:08FCH         LINE#         31
  C:08FCH         LINE#         33
  C:0905H         LINE#         34
  C:0905H         LINE#         35
  C:0908H         LINE#         36
  C:0908H         LINE#         38
  C:0913H         LINE#         39
  C:091AH         LINE#         40
  -------         ENDPROC       _DELAY
  -------         PROC          MAIN
  -------         DO            
  D:0007H         SYMBOL        temp
  D:0003H         SYMBOL        loopdat1
  D:0008H         SYMBOL        voldata
  D:000AH         SYMBOL        dispbuf
  -------         ENDDO         
  C:0800H         LINE#         42
  C:0800H         LINE#         43
  C:0800H         LINE#         50
  C:0803H         LINE#         51
  C:0806H         LINE#         52
  C:0809H         LINE#         53
  C:080CH         LINE#         54
  C:080EH         LINE#         56
  C:0810H         LINE#         58
BL51 BANKED LINKER/LOCATER V6.22                                                      06/06/2026  15:21:09  PAGE 3


  C:0810H         LINE#         59
  C:0810H         LINE#         61
  C:0812H         LINE#         62
  C:0814H         LINE#         63
  C:0816H         LINE#         66
  C:0819H         LINE#         69
  C:081BH         LINE#         70
  C:081EH         LINE#         71
  C:0820H         LINE#         72
  C:0822H         LINE#         78
  C:0835H         LINE#         81
  C:083EH         LINE#         82
  C:0852H         LINE#         83
  C:0866H         LINE#         84
  C:0873H         LINE#         87
  C:0877H         LINE#         88
  C:0877H         LINE#         89
  C:087AH         LINE#         90
  C:087AH         LINE#         93
  C:0882H         LINE#         94
  C:0882H         LINE#         95
  C:0885H         LINE#         97
  C:0890H         LINE#         100
  C:0893H         LINE#         101
  C:0893H         LINE#         102
  C:0896H         LINE#         103
  C:0896H         LINE#         105
  C:089DH         LINE#         106
  C:08A4H         LINE#         107
  -------         ENDPROC       MAIN
  -------         PROC          TIMER0_INT
  C:0936H         LINE#         112
  C:0936H         LINE#         114
  C:0938H         LINE#         115
  -------         ENDPROC       TIMER0_INT
  -------         ENDMOD        SHIYAN7_1_

  -------         MODULE        ?C?UIDIV
  C:08A7H         PUBLIC        ?C?UIDIV
  -------         ENDMOD        ?C?UIDIV

******************************************************************************
* RESTRICTED VERSION WITH 0800H BYTE CODE SIZE LIMIT; USED: 00DBH BYTE (10%) *
******************************************************************************

Program Size: data=15.0 xdata=0 code=319
LINK/LOCATE RUN COMPLETE.  0 WARNING(S),  0 ERROR(S)
