BL51 BANKED LINKER/LOCATER V5.03                                                        05/30/2026  15:14:57  PAGE 1


BL51 BANKED LINKER/LOCATER V5.03, INVOKED BY:
E:\KEILUVISION2\C51\BIN\BL51.EXE .\STARTUP.obj, hardware7e.obj TO hardware7e


MEMORY MODEL: SMALL


INPUT MODULES INCLUDED:
  .\STARTUP.obj (?C_STARTUP)
  hardware7e.obj (HARDWARE7E)
  E:\KEILUVISION2\C51\LIB\C51S.LIB (?C?UIDIV)


LINK MAP OF MODULE:  hardware7e (?C_STARTUP)


            TYPE    BASE      LENGTH    RELOCATION   SEGMENT NAME
            -----------------------------------------------------

            * * * * * * *   D A T A   M E M O R Y   * * * * * * *
            REG     0000H     0008H     ABSOLUTE     "REG BANK 0"
            DATA    0008H     0006H     UNIT         _DATA_GROUP_
            IDATA   000EH     0001H     UNIT         ?STACK

            * * * * * * *   C O D E   M E M O R Y   * * * * * * *
            CODE    0000H     0003H     ABSOLUTE     
                    0003H     0008H                  *** GAP ***
            CODE    000BH     0003H     ABSOLUTE     
                    000EH     07F2H                  *** GAP ***
            CODE    0800H     0099H     UNIT         ?PR?MAIN?HARDWARE7E
            CODE    0899H     0055H     UNIT         ?C?LIB_CODE
            CODE    08EEH     001FH     UNIT         ?PR?_DELAY?HARDWARE7E
            CODE    090DH     000FH     UNIT         ?CO?HARDWARE7E
            CODE    091CH     000CH     UNIT         ?C_C51STARTUP
            CODE    0928H     0003H     UNIT         ?PR?TIMER0_INT?HARDWARE7E



OVERLAY MAP OF MODULE:   hardware7e (?C_STARTUP)


SEGMENT                             DATA_GROUP 
  +--> CALLED SEGMENT             START    LENGTH
-------------------------------------------------
?C_C51STARTUP                     -----    -----
  +--> ?PR?MAIN?HARDWARE7E

?PR?MAIN?HARDWARE7E               0008H    0006H
  +--> ?CO?HARDWARE7E
  +--> ?PR?_DELAY?HARDWARE7E



SYMBOL TABLE OF MODULE:  hardware7e (?C_STARTUP)

  VALUE           TYPE          NAME
  ----------------------------------

BL51 BANKED LINKER/LOCATER V5.03                                                      05/30/2026  15:14:57  PAGE 2


  -------         MODULE        ?C_STARTUP
  C:091CH         SEGMENT       ?C_C51STARTUP
  I:000EH         SEGMENT       ?STACK
  C:0000H         PUBLIC        ?C_STARTUP
  D:00E0H         SYMBOL        ACC
  D:00F0H         SYMBOL        B
  D:0083H         SYMBOL        DPH
  D:0082H         SYMBOL        DPL
  N:0000H         SYMBOL        IBPSTACK
  N:0100H         SYMBOL        IBPSTACKTOP
  N:0080H         SYMBOL        IDATALEN
  C:091FH         SYMBOL        IDATALOOP
  N:0000H         SYMBOL        PBPSTACK
  N:0000H         SYMBOL        PBPSTACKTOP
  N:0000H         SYMBOL        PDATALEN
  N:0000H         SYMBOL        PDATASTART
  N:0000H         SYMBOL        PPAGE
  N:0000H         SYMBOL        PPAGEENABLE
  D:00A0H         SYMBOL        PPAGE_SFR
  D:0081H         SYMBOL        SP
  C:091CH         SYMBOL        STARTUP1
  N:0000H         SYMBOL        XBPSTACK
  N:0000H         SYMBOL        XBPSTACKTOP
  N:0000H         SYMBOL        XDATALEN
  N:0000H         SYMBOL        XDATASTART
  C:0000H         LINE#         92
  C:091CH         LINE#         99
  C:091EH         LINE#         100
  C:091FH         LINE#         101
  C:0920H         LINE#         102
  C:0922H         LINE#         151
  C:0925H         LINE#         155
  -------         ENDMOD        ?C_STARTUP

  -------         MODULE        HARDWARE7E
  C:0000H         SYMBOL        _ICE_DUMMY_
  D:0080H         PUBLIC        P0
  C:0928H         PUBLIC        Timer0_INT
  D:0090H         PUBLIC        P1
  C:0918H         PUBLIC        combit
  C:090DH         PUBLIC        segbit
  D:00A0H         PUBLIC        P2
  D:00B0H         PUBLIC        P3
  D:00A8H         PUBLIC        IE
  B:00B0H.7       PUBLIC        OE
  B:00A0H.7       PUBLIC        CS
  D:00B8H         PUBLIC        IP
  C:0800H         PUBLIC        main
  B:00B0H.6       PUBLIC        ST
  D:0098H         PUBLIC        SCON
  D:0089H         PUBLIC        TMOD
  D:0088H         PUBLIC        TCON
  D:008CH         PUBLIC        TH0
  D:008AH         PUBLIC        TL0
  C:08EEH         PUBLIC        _Delay
  B:0088H.4       PUBLIC        TR0
  B:00B0H.0       PUBLIC        EOC
BL51 BANKED LINKER/LOCATER V5.03                                                      05/30/2026  15:14:57  PAGE 3


  B:00B0H.1       PUBLIC        CLK
  D:00C8H         PUBLIC        T2CON
  D:00D0H         PUBLIC        PSW
  -------         PROC          _DELAY
  D:0006H         SYMBOL        i
  -------         DO            
  D:0004H         SYMBOL        j
  -------         ENDDO         
  C:08EEH         LINE#         21
  C:08EEH         LINE#         22
  C:08EEH         LINE#         24
  C:08F7H         LINE#         25
  C:08F7H         LINE#         26
  C:08FAH         LINE#         27
  C:0905H         LINE#         28
  C:090CH         LINE#         29
  -------         ENDPROC       _DELAY
  -------         PROC          MAIN
  -------         DO            
  D:0007H         SYMBOL        temp
  D:0003H         SYMBOL        loopdat1
  D:0008H         SYMBOL        voldata
  D:000AH         SYMBOL        dispbuf
  -------         ENDDO         
  C:0800H         LINE#         32
  C:0800H         LINE#         33
  C:0800H         LINE#         37
  C:0803H         LINE#         38
  C:0806H         LINE#         39
  C:0809H         LINE#         40
  C:080CH         LINE#         41
  C:080EH         LINE#         42
  C:0810H         LINE#         43
  C:0810H         LINE#         44
  C:0810H         LINE#         47
  C:0812H         LINE#         48
  C:0814H         LINE#         49
  C:0816H         LINE#         51
  C:0816H         LINE#         52
  C:0819H         LINE#         54
  C:081BH         LINE#         55
  C:081DH         LINE#         56
  C:081FH         LINE#         58
  C:082DH         LINE#         60
  C:0839H         LINE#         61
  C:084DH         LINE#         62
  C:0861H         LINE#         63
  C:086EH         LINE#         65
  C:0876H         LINE#         66
  C:0876H         LINE#         68
  C:0881H         LINE#         69
  C:0884H         LINE#         70
  C:0884H         LINE#         73
  C:0887H         LINE#         74
  C:0887H         LINE#         75
  C:088FH         LINE#         76
  C:0896H         LINE#         78
BL51 BANKED LINKER/LOCATER V5.03                                                      05/30/2026  15:14:57  PAGE 4


  -------         ENDPROC       MAIN
  -------         PROC          TIMER0_INT
  C:0928H         LINE#         82
  C:0928H         LINE#         84
  C:092AH         LINE#         85
  -------         ENDPROC       TIMER0_INT
  -------         ENDMOD        HARDWARE7E

  -------         MODULE        ?C?UIDIV
  C:0899H         PUBLIC        ?C?UIDIV
  -------         ENDMOD        ?C?UIDIV

******************************************************************************
* RESTRICTED VERSION WITH 0800H BYTE CODE SIZE LIMIT; USED: 00E4H BYTE (11%) *
******************************************************************************

Program Size: data=15.0 xdata=0 code=305
LINK/LOCATE RUN COMPLETE.  0 WARNING(S),  0 ERROR(S)
