C51 COMPILER V9.02   LED                                                                   05/16/2026 13:20:45 PAGE 1   


C51 COMPILER V9.02, COMPILATION OF MODULE LED
OBJECT MODULE PLACED IN LED.OBJ
COMPILER INVOKED BY: D:\Keil4\C51\BIN\C51.EXE LED.c BROWSE DEBUG OBJECTEXTEND

line level    source

   1          #include <reg52.h>
   2          #include <intrins.h>
   3          
   4          #define uchar unsigned char
   5          #define uint  unsigned int
   6          
   7          sbit K1 = P1^0;
   8          sbit K2 = P1^1;
   9          
  10          void Delay(uint xms)
  11          {
  12   1          uchar i, j;
  13   1      
  14   1          while(xms--)
  15   1          {
  16   2              i = 2;
  17   2              j = 239;
  18   2              do
  19   2              {
  20   3                  while(--j);
  21   3              } while(--i);
  22   2          }
  23   1      }
  24          
  25          void main()
  26          {
  27   1          P0 = 0xFE;
  28   1      
  29   1          while(1)
  30   1          {
  31   2              if(K1 == 0)
  32   2              {
  33   3                  Delay(20);
  34   3                  if(K1 == 0)
  35   3                  {
  36   4                      while(K1 == 0);
  37   4                      Delay(20);
  38   4      
  39   4                      P0 = _crol_(P0, 1);
  40   4                  }
  41   3              }
  42   2      
  43   2              if(K2 == 0)
  44   2              {
  45   3                  Delay(20);
  46   3                  if(K2 == 0)
  47   3                  {
  48   4                      while(K2 == 0);
  49   4                      Delay(20);
  50   4      
  51   4                      P0 = _cror_(P0, 1);
  52   4                  }
  53   3              }
  54   2          }
  55   1      }
C51 COMPILER V9.02   LED                                                                   05/16/2026 13:20:45 PAGE 2   



MODULE INFORMATION:   STATIC OVERLAYABLE
   CODE SIZE        =     86    ----
   CONSTANT SIZE    =   ----    ----
   XDATA SIZE       =   ----    ----
   PDATA SIZE       =   ----    ----
   DATA SIZE        =   ----    ----
   IDATA SIZE       =   ----    ----
   BIT SIZE         =   ----    ----
END OF MODULE INFORMATION.


C51 COMPILATION COMPLETE.  0 WARNING(S),  0 ERROR(S)
