BL51 BANKED LINKER/LOCATER V6.22                                                        05/16/2026  13:20:46  PAGE 1


BL51 BANKED LINKER/LOCATER V6.22, INVOKED BY:
D:\KEIL4\C51\BIN\BL51.EXE STARTUP.obj, LED.obj TO ShiYan1_LED RAMSIZE (256)


MEMORY MODEL: SMALL


INPUT MODULES INCLUDED:
  STARTUP.obj (?C_STARTUP)
  LED.obj (LED)


LINK MAP OF MODULE:  ShiYan1_LED (?C_STARTUP)


            TYPE    BASE      LENGTH    RELOCATION   SEGMENT NAME
            -----------------------------------------------------

            * * * * * * *   D A T A   M E M O R Y   * * * * * * *
            REG     0000H     0008H     ABSOLUTE     "REG BANK 0"
            IDATA   0008H     0001H     UNIT         ?STACK

            * * * * * * *   C O D E   M E M O R Y   * * * * * * *
            CODE    0000H     0003H     ABSOLUTE     
                    0003H     07FDH                  *** GAP ***
            CODE    0800H     003DH     UNIT         ?PR?MAIN?LED
            CODE    083DH     0019H     UNIT         ?PR?_DELAY?LED
            CODE    0856H     000CH     UNIT         ?C_C51STARTUP



OVERLAY MAP OF MODULE:   ShiYan1_LED (?C_STARTUP)


SEGMENT
  +--> CALLED SEGMENT
---------------------
?C_C51STARTUP
  +--> ?PR?MAIN?LED

?PR?MAIN?LED
  +--> ?PR?_DELAY?LED



SYMBOL TABLE OF MODULE:  ShiYan1_LED (?C_STARTUP)

  VALUE           TYPE          NAME
  ----------------------------------

  -------         MODULE        ?C_STARTUP
  C:0856H         SEGMENT       ?C_C51STARTUP
  I:0008H         SEGMENT       ?STACK
  C:0000H         PUBLIC        ?C_STARTUP
  D:00E0H         SYMBOL        ACC
  D:00F0H         SYMBOL        B
  D:0083H         SYMBOL        DPH
  D:0082H         SYMBOL        DPL
BL51 BANKED LINKER/LOCATER V6.22                                                      05/16/2026  13:20:46  PAGE 2


  N:0000H         SYMBOL        IBPSTACK
  N:0100H         SYMBOL        IBPSTACKTOP
  N:0080H         SYMBOL        IDATALEN
  C:0859H         SYMBOL        IDATALOOP
  N:0000H         SYMBOL        PBPSTACK
  N:0100H         SYMBOL        PBPSTACKTOP
  N:0000H         SYMBOL        PDATALEN
  N:0000H         SYMBOL        PDATASTART
  N:0000H         SYMBOL        PPAGE
  N:0000H         SYMBOL        PPAGEENABLE
  D:00A0H         SYMBOL        PPAGE_SFR
  D:0081H         SYMBOL        SP
  C:0856H         SYMBOL        STARTUP1
  N:0000H         SYMBOL        XBPSTACK
  N:0000H         SYMBOL        XBPSTACKTOP
  N:0000H         SYMBOL        XDATALEN
  N:0000H         SYMBOL        XDATASTART
  C:0000H         LINE#         126
  C:0856H         LINE#         133
  C:0858H         LINE#         134
  C:0859H         LINE#         135
  C:085AH         LINE#         136
  C:085CH         LINE#         185
  C:085FH         LINE#         196
  -------         ENDMOD        ?C_STARTUP

  -------         MODULE        LED
  C:0000H         SYMBOL        _ICE_DUMMY_
  D:0080H         PUBLIC        P0
  D:0090H         PUBLIC        P1
  D:00B0H         PUBLIC        P3
  D:00A8H         PUBLIC        IE
  D:00B8H         PUBLIC        IP
  C:0800H         PUBLIC        main
  D:0098H         PUBLIC        SCON
  D:0088H         PUBLIC        TCON
  D:00C8H         PUBLIC        T2CON
  C:0841H         PUBLIC        _Delay
  D:00D0H         PUBLIC        PSW
  B:0090H.0       PUBLIC        K1
  B:0090H.1       PUBLIC        K2
  C:083DH         SYMBOL        L?0026
  -------         PROC          L?0025
  -------         ENDPROC       L?0025
  C:083DH         SYMBOL        L?0026
  -------         PROC          _DELAY
  D:0006H         SYMBOL        xms
  -------         DO            
  D:0005H         SYMBOL        i
  D:0004H         SYMBOL        j
  -------         ENDDO         
  C:0841H         LINE#         10
  C:0841H         LINE#         11
  C:0841H         LINE#         14
  C:084BH         LINE#         15
  C:084BH         LINE#         16
  C:084DH         LINE#         17
BL51 BANKED LINKER/LOCATER V6.22                                                      05/16/2026  13:20:46  PAGE 3


  C:084FH         LINE#         19
  C:084FH         LINE#         20
  C:0851H         LINE#         21
  C:0853H         LINE#         22
  C:0855H         LINE#         23
  -------         ENDPROC       _DELAY
  -------         PROC          MAIN
  C:0800H         LINE#         25
  C:0800H         LINE#         26
  C:0800H         LINE#         27
  C:0803H         LINE#         29
  C:0803H         LINE#         30
  C:0803H         LINE#         31
  C:0806H         LINE#         32
  C:0806H         LINE#         33
  C:0809H         LINE#         34
  C:080CH         LINE#         35
  C:080CH         LINE#         36
  C:080FH         LINE#         37
  C:0812H         LINE#         39
  C:081FH         LINE#         40
  C:081FH         LINE#         41
  C:081FH         LINE#         43
  C:0822H         LINE#         44
  C:0822H         LINE#         45
  C:0825H         LINE#         46
  C:0828H         LINE#         47
  C:0828H         LINE#         48
  C:082BH         LINE#         49
  C:082EH         LINE#         51
  C:083BH         LINE#         52
  C:083BH         LINE#         53
  C:083BH         LINE#         54
  -------         ENDPROC       MAIN
  -------         ENDMOD        LED

******************************************************************************
* RESTRICTED VERSION WITH 0800H BYTE CODE SIZE LIMIT; USED: 0065H BYTE ( 4%) *
******************************************************************************

Program Size: data=9.0 xdata=0 code=101
LINK/LOCATE RUN COMPLETE.  0 WARNING(S),  0 ERROR(S)
