C51 COMPILER V9.01   CODE2                                                                 05/27/2024 15:49:45 PAGE 1   


C51 COMPILER V9.01, COMPILATION OF MODULE CODE2
OBJECT MODULE PLACED IN code2.OBJ
COMPILER INVOKED BY: D:\Keil_v5\C51\BIN\C51.EXE code2.c BROWSE DEBUG OBJECTEXTEND

line level    source

   1          #include <reg52.h>
   2          void delay(unsigned int time) {
   3   1          unsigned int i, j;
   4   1          for(i = 0; i < time; i++)
   5   1              for(j = 0; j < 125; j++);
   6   1              }
   7                  void main() {
   8   1          unsigned char led_status = 0x01;
   9   1          P0= 0XFE;
  10   1          while(1) {
  11   2                     delay(250);
  12   2                       led_status = led_status << 1;
  13   2                  if(led_status == 0)
  14   2                      led_status = 0x01;
  15   2                      P0=    ~led_status;
  16   2                   
  17   2          }
  18   1          }


MODULE INFORMATION:   STATIC OVERLAYABLE
   CODE SIZE        =     58    ----
   CONSTANT SIZE    =   ----    ----
   XDATA SIZE       =   ----    ----
   PDATA SIZE       =   ----    ----
   DATA SIZE        =   ----    ----
   IDATA SIZE       =   ----    ----
   BIT SIZE         =   ----    ----
END OF MODULE INFORMATION.


C51 COMPILATION COMPLETE.  0 WARNING(S),  0 ERROR(S)
