C51 COMPILER V9.02   SHIYAN6                                                               05/28/2025 16:51:05 PAGE 1   


C51 COMPILER V9.02, COMPILATION OF MODULE SHIYAN6
OBJECT MODULE PLACED IN shiyan6.OBJ
COMPILER INVOKED BY: C:\Keil\C51\BIN\C51.EXE shiyan6.c BROWSE DEBUG OBJECTEXTEND

line level    source

   1          #include <reg52.h>
   2          #include <INTRINS.H>
   3          #define uchar unsigned char
   4          #define uint unsigned int
   5          
   6          int i,j;
   7          const uchar code a[][32]=
   8                  {
   9                  0x00,0x00,0xC0,0x38,0xE0,0x00,0x00,0x00,0x00,0x00,0x00,0x00,0x00,0x00,0x00,0x00,0x20,0x3C,0x23,0x02,0x02,
             -0x27,0x38,0x20,0x00,0x00,0x00,0x00,0x00,0x00,0x00,0x00,
  10                  0x18,0x08,0x08,0xF8,0x08,0x08,0x18,0x00,0x00,0x00,0x00,0x00,0x00,0x00,0x00,0x00,0x00,0x00,0x20,0x3F,0x20,
             -0x00,0x00,0x00,0x00,0x00,0x00,0x00,0x00,0x00,0x00,0x00,
  11                  0x00,0x70,0x88,0x08,0x08,0x88,0x70,0x00,0x00,0x00,0x00,0x00,0x00,0x00,0x00,0x00,0x00,0x1C,0x22,0x21,0x21,
             -0x22,0x1C,0x00,0x00,0x00,0x00,0x00,0x00,0x00,0x00,0x00,       
  12                  0x00,0xF0,0x08,0x08,0x08,0x10,0xE0,0x00,0x00,0x00,0x00,0x00,0x00,0x00,0x00,0x00,0x00,0x01,0x12,0x22,0x22,
             -0x11,0x0F,0x00,0x00,0x00,0x00,0x00,0x00,0x00,0x00,0x00,               
  13                  0xC0,0x30,0x08,0x08,0x08,0x08,0x38,0x00,0x00,0x00,0x00,0x00,0x00,0x00,0x00,0x00,0x07,0x18,0x20,0x20,0x20,
             -0x10,0x08,0x00,0x00,0x00,0x00,0x00,0x00,0x00,0x00,0x00,
  14                  0x00,0xF8,0x88,0x88,0x88,0x08,0x08,0x00,0x00,0x00,0x00,0x00,0x00,0x00,0x00,0x00,0x00,0x19,0x20,0x20,0x20,
             -0x11,0x0E,0x00,0x00,0x00,0x00,0x00,0x00,0x00,0x00,0x00,
  15                  0x00,0x00,0x10,0x10,0xF8,0x00,0x00,0x00,0x00,0x00,0x00,0x00,0x00,0x00,0x00,0x00,0x00,0x00,0x20,0x20,0x3F,
             -0x20,0x20,0x00,0x00,0x00,0x00,0x00,0x00,0x00,0x00,0x00,       
  16                  0x00,0x00,0xF8,0x49,0x4A,0x4C,0x48,0xF8,0x48,0x4C,0x4A,0x49,0xFC,0x08,0x00,0x00,0x10,0x10,0x17,0x12,0x12,
             -0x12,0x12,0xFF,0x12,0x12,0x12,0x12,0x13,0x18,0x10,0x00,
  17                  0x00,0x00,0x00,0xFE,0x20,0x20,0x20,0x20,0x20,0x3F,0x20,0x20,0x20,0x20,0x00,0x00,0x00,0x80,0x60,0x1F,0x02,
             -0x02,0x02,0x02,0x02,0x02,0xFE,0x00,0x00,0x00,0x00,0x00,
  18                  0x10,0x10,0xD0,0xFF,0x90,0x10,0x00,0xFE,0x02,0x02,0x02,0xFE,0x00,0x00,0x00,0x00,0x04,0x03,0x00,0xFF,0x00,
             -0x83,0x60,0x1F,0x00,0x00,0x00,0x3F,0x40,0x40,0x78,0x00,
  19                  0x08,0x04,0x93,0x92,0x96,0x9A,0x92,0xFA,0x94,0x93,0x92,0x96,0xFA,0x02,0x02,0x00,0x40,0x40,0x47,0x24,0x24,
             -0x14,0x0C,0xFF,0x04,0x04,0x24,0x44,0x24,0x1C,0x00,0x00,               
  20                  0x20,0x20,0x20,0x20,0x20,0x20,0x21,0x22,0x2C,0x20,0x20,0x20,0x20,0x20,0x20,0x00,0x00,0x40,0x20,0x10,0x0C,
             -0x03,0x00,0x00,0x00,0x01,0x02,0x04,0x18,0x60,0x00,0x00,
  21                  0x00,0x02,0x0C,0x80,0x60,0x80,0x40,0x30,0x0F,0xC8,0x08,0x08,0x28,0x18,0x00,0x00,0x02,0x02,0x7E,0x01,0x80,
             -0x40,0x20,0x18,0x06,0x01,0x06,0x18,0x20,0x40,0x80,0x00,
  22                  0x10,0x0C,0x04,0x84,0x14,0x64,0x05,0x06,0xF4,0x04,0x04,0x04,0x04,0x14,0x0C,0x00,0x04,0x84,0x84,0x44,0x47,
             -0x24,0x14,0x0C,0x07,0x0C,0x14,0x24,0x44,0x84,0x04,0x00,
  23                  0x02,0xFA,0x82,0x82,0xFE,0x80,0x40,0x20,0x50,0x4C,0x43,0x4C,0x50,0x20,0x40,0x00,0x08,0x18,0x48,0x84,0x44,
             -0x3F,0x40,0x44,0x58,0x41,0x4E,0x60,0x58,0x47,0x40,0x00,
  24                  0x40,0x40,0x42,0xCC,0x00,0x80,0x88,0x88,0xFF,0x88,0x88,0xFF,0x88,0x88,0x80,0x00,0x00,0x40,0x20,0x1F,0x20,
             -0x40,0x50,0x4C,0x43,0x40,0x40,0x5F,0x40,0x40,0x40,0x00,
  25                  0x00,0x10,0x88,0xC4,0x33,0x00,0x40,0x42,0x42,0x42,0xC2,0x42,0x42,0x42,0x40,0x00,0x02,0x01,0x00,0xFF,0x00,
             -0x00,0x00,0x00,0x40,0x80,0x7F,0x00,0x00,0x00,0x00,0x00,
  26                  0x00,0x00,0xF0,0x10,0x10,0x10,0x10,0xFF,0x10,0x10,0x10,0x10,0xF0,0x00,0x00,0x00,0x00,0x00,0x0F,0x04,0x04,
             -0x04,0x04,0xFF,0x04,0x04,0x04,0x04,0x0F,0x00,0x00,0x00
  27                  };
  28                  
  29          sbit RST=P2^0;
  30          sbit E=P2^2;
  31          sbit RW=P2^3;
  32          sbit RS=P2^4;
  33          sbit CS1=P2^5;
  34          sbit CS2=P2^6;
  35          
  36          
  37          void Delayms(unsigned int xms)
C51 COMPILER V9.02   SHIYAN6                                                               05/28/2025 16:51:05 PAGE 2   

  38          {
  39   1          unsigned char i, j;
  40   1          while (xms--)
  41   1          {
  42   2              i = 2;
  43   2              j = 239;
  44   2              do
  45   2              {
  46   3                  while (--j);
  47   3              } while (--i);
  48   2          }
  49   1      }
  50          void Delayus(unsigned int xms)
  51          {
  52   1          unsigned char i, j;
  53   1          while (xms--)
  54   1          {
  55   2              i = 2;
  56   2              j = 24;
  57   2              do
  58   2              {
  59   3                  while (--j);
  60   3              } while (--i);
  61   2          }
  62   1      }
  63          void Check_busy() 
  64          { 
  65   1              uchar a; 
  66   1              RW=1; 
  67   1              RS=0; 
  68   1              E=1;
  69   1              while(1) 
  70   1              { 
  71   2                      E=0;
  72   2                      if(!(P1&0x80))
  73   2                      break;
  74   2                      E=1; 
  75   2                      a++; 
  76   2                      if(a>10)
  77   2                      break; 
  78   2              } 
  79   1      }
  80          void write_cmd(unsigned char a) 
  81          { 
  82   1              Check_busy(); 
  83   1              RS=0; 
  84   1              RW=0; 
  85   1              E=0;
  86   1              P0=a; 
  87   1        Delayms(10);  
  88   1              E=1; 
  89   1        Delayms(10);
  90   1              E=0; 
  91   1      } 
  92          void write_data(unsigned char a) 
  93          { 
  94   1              Check_busy(); 
  95   1              RS=1; 
  96   1              RW=0;
  97   1              E=0;
  98   1              P0=a;
  99   1        Delayms(10);  
C51 COMPILER V9.02   SHIYAN6                                                               05/28/2025 16:51:05 PAGE 3   

 100   1              E=1; 
 101   1        Delayms(10);  
 102   1              E=0; 
 103   1      }
 104          void LCD_Init() 
 105          { 
 106   1              write_cmd(0x30);
 107   1              Delayus(10); 
 108   1      //      write_cmd(0x0c);
 109   1      //      Delayus(10); 
 110   1      //      write_cmd(0x01);
 111   1      //      Delayms(10); 
 112   1      //      write_cmd(0x06);
 113   1      //      Delayus(10);
 114   1      } 
 115          void set_xy(unsigned char x,unsigned char y)//x??, y??
 116          { 
 117   1              if(y>=64)
 118   1              {
 119   2                      CS1=1; 
 120   2                      CS2=0; 
 121   2                      y=y-64; 
 122   2              } 
 123   1              else
 124   1              {
 125   2                      CS2=1;  
 126   2                      CS1=0; 
 127   2              } 
 128   1      write_cmd(0x40|y);//DDRAM
 129   1      write_cmd(0xb8|x);
 130   1      }
 131          
 132          void Disp_hz(unsigned char R,unsigned char L,unsigned char *p) 
 133          { 
 134   1      uchar i; 
 135   1      for(i=0;i<16;i++) 
 136   1      { 
 137   2      set_xy(2*R,16*L+i);
 138   2      write_data(p[i]); 
 139   2      //set_xy(2*R+1,16*L+i); 
 140   2      //write_data(p[i+16]); 
 141   2      } 
 142   1      }
 143          
 144          void main()
 145          {
 146   1              LCD_Init();
 147   1      for(i=0;i<18;i++)
 148   1                      {
 149   2                              if(i>=16)
 150   2                              {
 151   3                                      j=2;
 152   3                                      Disp_hz(j,i-16,a[i]);
 153   3                              }
 154   2                              else if(i>=8)
 155   2                              {
 156   3                                      j=1;
 157   3                                      Disp_hz(j,i-8,a[i]);
 158   3                              }
 159   2                                      else
 160   2                              {
 161   3                                      j=0;
C51 COMPILER V9.02   SHIYAN6                                                               05/28/2025 16:51:05 PAGE 4   

 162   3                                      Disp_hz(j,i,a[i]);
 163   3                              }
 164   2                      }
 165   1                      Delayus(1); 
 166   1              while (1)
 167   1              {
 168   2                      
 169   2              }
 170   1      }


MODULE INFORMATION:   STATIC OVERLAYABLE
   CODE SIZE        =    378    ----
   CONSTANT SIZE    =    576    ----
   XDATA SIZE       =   ----    ----
   PDATA SIZE       =   ----    ----
   DATA SIZE        =      4       7
   IDATA SIZE       =   ----    ----
   BIT SIZE         =   ----    ----
END OF MODULE INFORMATION.


C51 COMPILATION COMPLETE.  0 WARNING(S),  0 ERROR(S)
