BL51 BANKED LINKER/LOCATER V6.22                                                        05/28/2025  16:51:05  PAGE 1


BL51 BANKED LINKER/LOCATER V6.22, INVOKED BY:
C:\KEIL\C51\BIN\BL51.EXE STARTUP.obj, shiyan6.obj TO shiyan6


MEMORY MODEL: SMALL


INPUT MODULES INCLUDED:
  STARTUP.obj (?C_STARTUP)
  shiyan6.obj (SHIYAN6)
  C:\KEIL\C51\LIB\C51S.LIB (?C?CLDOPTR)


LINK MAP OF MODULE:  shiyan6 (?C_STARTUP)


            TYPE    BASE      LENGTH    RELOCATION   SEGMENT NAME
            -----------------------------------------------------

            * * * * * * *   D A T A   M E M O R Y   * * * * * * *
            REG     0000H     0008H     ABSOLUTE     "REG BANK 0"
            DATA    0008H     0007H     UNIT         _DATA_GROUP_
            DATA    000FH     0004H     UNIT         ?DT?SHIYAN6
            IDATA   0013H     0001H     UNIT         ?STACK

            * * * * * * *   C O D E   M E M O R Y   * * * * * * *
            CODE    0000H     0003H     ABSOLUTE     
                    0003H     07FDH                  *** GAP ***
            CODE    0800H     0240H     UNIT         ?CO?SHIYAN6
            CODE    0A40H     00A3H     UNIT         ?PR?MAIN?SHIYAN6
            CODE    0AE3H     003AH     UNIT         ?PR?_DISP_HZ?SHIYAN6
            CODE    0B1DH     002DH     UNIT         ?C?LIB_CODE
            CODE    0B4AH     0028H     UNIT         ?PR?_DELAYMS?SHIYAN6
            CODE    0B72H     0024H     UNIT         ?PR?_SET_XY?SHIYAN6
            CODE    0B96H     001AH     UNIT         ?PR?CHECK_BUSY?SHIYAN6
            CODE    0BB0H     0015H     UNIT         ?PR?_DELAYUS?SHIYAN6
            CODE    0BC5H     000CH     UNIT         ?C_C51STARTUP
            CODE    0BD1H     000CH     UNIT         ?PR?LCD_INIT?SHIYAN6
            CODE    0BDDH     000BH     UNIT         ?PR?_WRITE_CMD?SHIYAN6
            CODE    0BE8H     000BH     UNIT         ?PR?_WRITE_DATA?SHIYAN6



OVERLAY MAP OF MODULE:   shiyan6 (?C_STARTUP)


SEGMENT                           DATA_GROUP 
  +--> CALLED SEGMENT           START    LENGTH
-----------------------------------------------
?C_C51STARTUP                   -----    -----
  +--> ?PR?MAIN?SHIYAN6

?PR?MAIN?SHIYAN6                -----    -----
  +--> ?PR?LCD_INIT?SHIYAN6
  +--> ?CO?SHIYAN6
  +--> ?PR?_DISP_HZ?SHIYAN6
  +--> ?PR?_DELAYUS?SHIYAN6

BL51 BANKED LINKER/LOCATER V6.22                                                      05/28/2025  16:51:05  PAGE 2


?PR?LCD_INIT?SHIYAN6            -----    -----
  +--> ?PR?_WRITE_CMD?SHIYAN6
  +--> ?PR?_DELAYUS?SHIYAN6

?PR?_WRITE_CMD?SHIYAN6          -----    -----
  +--> ?PR?CHECK_BUSY?SHIYAN6
  +--> ?PR?_DELAYMS?SHIYAN6

?PR?CHECK_BUSY?SHIYAN6          000EH    0001H

?PR?_DISP_HZ?SHIYAN6            0008H    0006H
  +--> ?PR?_SET_XY?SHIYAN6
  +--> ?PR?_WRITE_DATA?SHIYAN6

?PR?_SET_XY?SHIYAN6             -----    -----
  +--> ?PR?_WRITE_CMD?SHIYAN6

?PR?_WRITE_DATA?SHIYAN6         -----    -----
  +--> ?PR?CHECK_BUSY?SHIYAN6
  +--> ?PR?_DELAYMS?SHIYAN6



SYMBOL TABLE OF MODULE:  shiyan6 (?C_STARTUP)

  VALUE           TYPE          NAME
  ----------------------------------

  -------         MODULE        ?C_STARTUP
  C:0BC5H         SEGMENT       ?C_C51STARTUP
  I:0013H         SEGMENT       ?STACK
  C:0000H         PUBLIC        ?C_STARTUP
  D:00E0H         SYMBOL        ACC
  D:00F0H         SYMBOL        B
  D:0083H         SYMBOL        DPH
  D:0082H         SYMBOL        DPL
  N:0000H         SYMBOL        IBPSTACK
  N:0100H         SYMBOL        IBPSTACKTOP
  N:0080H         SYMBOL        IDATALEN
  C:0BC8H         SYMBOL        IDATALOOP
  N:0000H         SYMBOL        PBPSTACK
  N:0100H         SYMBOL        PBPSTACKTOP
  N:0000H         SYMBOL        PDATALEN
  N:0000H         SYMBOL        PDATASTART
  N:0000H         SYMBOL        PPAGE
  N:0000H         SYMBOL        PPAGEENABLE
  D:00A0H         SYMBOL        PPAGE_SFR
  D:0081H         SYMBOL        SP
  C:0BC5H         SYMBOL        STARTUP1
  N:0000H         SYMBOL        XBPSTACK
  N:0000H         SYMBOL        XBPSTACKTOP
  N:0000H         SYMBOL        XDATALEN
  N:0000H         SYMBOL        XDATASTART
  C:0000H         LINE#         126
  C:0BC5H         LINE#         133
  C:0BC7H         LINE#         134
  C:0BC8H         LINE#         135
BL51 BANKED LINKER/LOCATER V6.22                                                      05/28/2025  16:51:05  PAGE 3


  C:0BC9H         LINE#         136
  C:0BCBH         LINE#         185
  C:0BCEH         LINE#         196
  -------         ENDMOD        ?C_STARTUP

  -------         MODULE        SHIYAN6
  C:0000H         SYMBOL        _ICE_DUMMY_
  D:0080H         PUBLIC        P0
  D:0090H         PUBLIC        P1
  D:00A0H         PUBLIC        P2
  D:00B0H         PUBLIC        P3
  C:0B96H         PUBLIC        Check_busy
  D:00A8H         PUBLIC        IE
  D:00B8H         PUBLIC        IP
  C:0B72H         PUBLIC        _set_xy
  B:00A0H.4       PUBLIC        RS
  C:0A40H         PUBLIC        main
  B:00A0H.3       PUBLIC        RW
  C:0BE8H         PUBLIC        _write_data
  D:0098H         PUBLIC        SCON
  D:0088H         PUBLIC        TCON
  C:0BDDH         PUBLIC        _write_cmd
  B:00A0H.2       PUBLIC        E
  B:00A0H.5       PUBLIC        CS1
  B:00A0H.6       PUBLIC        CS2
  C:0BD1H         PUBLIC        LCD_Init
  C:0B5DH         PUBLIC        _Delayms
  C:0AE3H         PUBLIC        _Disp_hz
  C:0BB0H         PUBLIC        _Delayus
  C:0800H         PUBLIC        a
  D:00C8H         PUBLIC        T2CON
  D:000FH         PUBLIC        i
  D:0011H         PUBLIC        j
  D:00D0H         PUBLIC        PSW
  -------         PROC          L?0050
  -------         ENDPROC       L?0050
  -------         PROC          _DELAYMS
  D:0006H         SYMBOL        xms
  -------         DO            
  D:0005H         SYMBOL        i
  D:0004H         SYMBOL        j
  -------         ENDDO         
  C:0B5DH         LINE#         37
  C:0B5DH         LINE#         38
  C:0B5DH         LINE#         40
  C:0B67H         LINE#         41
  C:0B67H         LINE#         42
  C:0B69H         LINE#         43
  C:0B6BH         LINE#         45
  C:0B6BH         LINE#         46
  C:0B6DH         LINE#         47
  C:0B6FH         LINE#         48
  C:0B71H         LINE#         49
  -------         ENDPROC       _DELAYMS
  -------         PROC          _DELAYUS
  D:0006H         SYMBOL        xms
  -------         DO            
BL51 BANKED LINKER/LOCATER V6.22                                                      05/28/2025  16:51:05  PAGE 4


  D:0005H         SYMBOL        i
  D:0004H         SYMBOL        j
  -------         ENDDO         
  C:0BB0H         LINE#         50
  C:0BB0H         LINE#         51
  C:0BB0H         LINE#         53
  C:0BBAH         LINE#         54
  C:0BBAH         LINE#         55
  C:0BBCH         LINE#         56
  C:0BBEH         LINE#         58
  C:0BBEH         LINE#         59
  C:0BC0H         LINE#         60
  C:0BC2H         LINE#         61
  C:0BC4H         LINE#         62
  -------         ENDPROC       _DELAYUS
  -------         PROC          CHECK_BUSY
  -------         DO            
  D:000EH         SYMBOL        a
  -------         ENDDO         
  C:0B96H         LINE#         63
  C:0B96H         LINE#         64
  C:0B96H         LINE#         66
  C:0B98H         LINE#         67
  C:0B9AH         LINE#         68
  C:0B9CH         LINE#         69
  C:0B9CH         LINE#         70
  C:0B9CH         LINE#         71
  C:0B9EH         LINE#         72
  C:0BA3H         LINE#         73
  C:0BA3H         LINE#         74
  C:0BA5H         LINE#         75
  C:0BA7H         LINE#         76
  C:0BAEH         LINE#         77
  C:0BAFH         LINE#         79
  -------         ENDPROC       CHECK_BUSY
  -------         PROC          _WRITE_CMD
  D:0007H         SYMBOL        a
  C:0BDDH         LINE#         80
  C:0BDDH         LINE#         81
  C:0BDDH         LINE#         82
  C:0BE0H         LINE#         83
  C:0BE2H         LINE#         84
  C:0BE2H         LINE#         85
  C:0BE2H         LINE#         86
  C:0BE2H         LINE#         87
  C:0BE2H         LINE#         88
  C:0BE2H         LINE#         89
  C:0BE5H         LINE#         90
  C:0BE7H         LINE#         91
  -------         ENDPROC       _WRITE_CMD
  -------         PROC          _WRITE_DATA
  D:0007H         SYMBOL        a
  C:0BE8H         LINE#         92
  C:0BE8H         LINE#         93
  C:0BE8H         LINE#         94
  C:0BEBH         LINE#         95
  C:0BEDH         LINE#         96
BL51 BANKED LINKER/LOCATER V6.22                                                      05/28/2025  16:51:05  PAGE 5


  C:0BEDH         LINE#         97
  C:0BEDH         LINE#         98
  C:0BEDH         LINE#         99
  C:0BEDH         LINE#         100
  C:0BEDH         LINE#         101
  C:0BF0H         LINE#         102
  C:0BF2H         LINE#         103
  -------         ENDPROC       _WRITE_DATA
  -------         PROC          LCD_INIT
  C:0BD1H         LINE#         104
  C:0BD1H         LINE#         105
  C:0BD1H         LINE#         106
  C:0BD6H         LINE#         107
  -------         ENDPROC       LCD_INIT
  -------         PROC          _SET_XY
  D:0003H         SYMBOL        x
  D:0005H         SYMBOL        y
  C:0B72H         LINE#         115
  C:0B74H         LINE#         116
  C:0B74H         LINE#         117
  C:0B7AH         LINE#         118
  C:0B7AH         LINE#         119
  C:0B7CH         LINE#         120
  C:0B7EH         LINE#         121
  C:0B82H         LINE#         122
  C:0B84H         LINE#         124
  C:0B84H         LINE#         125
  C:0B86H         LINE#         126
  C:0B88H         LINE#         127
  C:0B88H         LINE#         128
  C:0B8FH         LINE#         129
  -------         ENDPROC       _SET_XY
  -------         PROC          _DISP_HZ
  D:0008H         SYMBOL        R
  D:0009H         SYMBOL        L
  D:000AH         SYMBOL        p
  -------         DO            
  D:000DH         SYMBOL        i
  -------         ENDDO         
  C:0AE3H         LINE#         132
  C:0AEDH         LINE#         133
  C:0AEDH         LINE#         135
  C:0AF0H         LINE#         136
  C:0AF0H         LINE#         137
  C:0B00H         LINE#         138
  C:0B13H         LINE#         141
  C:0B1CH         LINE#         142
  -------         ENDPROC       _DISP_HZ
  -------         PROC          MAIN
  C:0A40H         LINE#         144
  C:0A40H         LINE#         145
  C:0A40H         LINE#         146
  C:0A43H         LINE#         147
  C:0A48H         LINE#         148
  C:0A48H         LINE#         149
  C:0A55H         LINE#         150
  C:0A55H         LINE#         151
BL51 BANKED LINKER/LOCATER V6.22                                                      05/28/2025  16:51:05  PAGE 6


  C:0A5BH         LINE#         152
  C:0A71H         LINE#         153
  C:0A73H         LINE#         154
  C:0A80H         LINE#         155
  C:0A80H         LINE#         156
  C:0A86H         LINE#         157
  C:0A9CH         LINE#         158
  C:0A9EH         LINE#         160
  C:0A9EH         LINE#         161
  C:0AA3H         LINE#         162
  C:0AC4H         LINE#         163
  C:0AC4H         LINE#         164
  C:0ADAH         LINE#         165
  C:0AE1H         LINE#         166
  C:0AE1H         LINE#         167
  C:0AE1H         LINE#         169
  -------         ENDPROC       MAIN
  -------         ENDMOD        SHIYAN6

  -------         MODULE        ?C?CLDOPTR
  C:0B1DH         PUBLIC        ?C?CLDOPTR
  -------         ENDMOD        ?C?CLDOPTR

******************************************************************************
* RESTRICTED VERSION WITH 0800H BYTE CODE SIZE LIMIT; USED: 03C9H BYTE (47%) *
******************************************************************************

Program Size: data=20.0 xdata=0 code=1014
LINK/LOCATE RUN COMPLETE.  0 WARNING(S),  0 ERROR(S)
