C51 COMPILER V7.06   LINEE                                                                 05/15/2026 09:16:19 PAGE 1   


C51 COMPILER V7.06, COMPILATION OF MODULE LINEE
OBJECT MODULE PLACED IN linee.OBJ
COMPILER INVOKED BY: D:\Keil\C51\BIN\C51.EXE linee.c BROWSE DEBUG OBJECTEXTEND

stmt level    source

   1          #include<reg51.h>
   2          #include<stdio.h>
   3          char data a[32] _at_ 0x30;
   4          void main()
   5          {
   6   1      char code
   7   1      b[32]={1,3,9,2,17,4,11,6,5,20,100,64,21,14,79,35,92,7,91,23,65,16,13,18,18,73,65,101,27,19,62,69};
   8   1      int i=0;
   9   1      int t=0;
  10   1      int j=0;
  11   1      for(i=0;i<32;i++)
  12   1      {a[i]=b[j];
  13   2      j++;
  14   2      }
  15   1      for(j=0;j<31;j++)
  16   1        for(i=0;i<31-j;i++)
  17   1          if(a[i]>a[i+1])
  18   1           {
  19   2            t=a[i];
  20   2            a[i]=a[i+1];
  21   2            a[i+1]=t;
  22   2           }
  23   1           while(1);
  24   1      }
  25          


MODULE INFORMATION:   STATIC OVERLAYABLE
   CODE SIZE        =    127    ----
   CONSTANT SIZE    =     32    ----
   XDATA SIZE       =   ----    ----
   PDATA SIZE       =   ----    ----
   DATA SIZE        =   ----       2
   IDATA SIZE       =   ----    ----
   BIT SIZE         =   ----    ----
END OF MODULE INFORMATION.


C51 COMPILATION COMPLETE.  0 WARNING(S),  0 ERROR(S)
