C51 COMPILER V9.02   MAIN                                                                  05/16/2026 15:29:22 PAGE 1   


C51 COMPILER V9.02, COMPILATION OF MODULE MAIN
OBJECT MODULE PLACED IN main.OBJ
COMPILER INVOKED BY: D:\Keil4\C51\BIN\C51.exe ..\main.c ROM(SMALL) OBJECT(main.OBJ)

line level    source

   1          #include <reg52.h>
   2          #include <INTRINS.H>
   3          
   4          void Delay(unsigned int xms)
   5          {
   6   1        unsigned char i,j;
   7   1        while(xms--)
   8   1        {
   9   2          i=2;
  10   2              j=239;
  11   2              do
  12   2              {
  13   3                while(--j);
  14   3              } while(--i);
  15   2        }
  16   1      }
  17          void main(){
  18   1        P0=0xfe;
  19   1        while(1)
  20   1        {
  21   2          if(P1==0xfe)
  22   2              {
  23   3           Delay(20);
  24   3               while(P1==0xfe);
  25   3               Delay(20);
  26   3           P0=_cror_(P0,1);
  27   3        }
  28   2        if(P1==0xfd)
  29   2          {
  30   3          Delay(20);
  31   3          while(P1==0xfd);
  32   3          Delay(20);
  33   3          P0=_crol_(P0,1);
  34   3        }
  35   2        }
  36   1      }


MODULE INFORMATION:   STATIC OVERLAYABLE
   CODE SIZE        =     88    ----
   CONSTANT SIZE    =   ----    ----
   XDATA SIZE       =   ----    ----
   PDATA SIZE       =   ----    ----
   DATA SIZE        =   ----    ----
   IDATA SIZE       =   ----    ----
   BIT SIZE         =   ----    ----
END OF MODULE INFORMATION.


C51 COMPILATION COMPLETE.  0 WARNING(S),  0 ERROR(S)
