BL51 BANKED LINKER/LOCATER V6.22                                                        05/30/2026  15:27:17  PAGE 1


BL51 BANKED LINKER/LOCATER V6.22, INVOKED BY:
E:\KEILC51\C51\BIN\BL51.EXE STARTUP.obj, project7.obj TO project7


MEMORY MODEL: SMALL


INPUT MODULES INCLUDED:
  STARTUP.obj (?C_STARTUP)
  project7.obj (PROJECT7)
  E:\KEILC51\C51\LIB\C51S.LIB (?C?COPY)
  E:\KEILC51\C51\LIB\C51S.LIB (?C?UIDIV)


LINK MAP OF MODULE:  project7 (?C_STARTUP)


            TYPE    BASE      LENGTH    RELOCATION   SEGMENT NAME
            -----------------------------------------------------

            * * * * * * *   D A T A   M E M O R Y   * * * * * * *
            REG     0000H     0008H     ABSOLUTE     "REG BANK 0"
            DATA    0008H     0006H     UNIT         _DATA_GROUP_
            IDATA   000EH     0001H     UNIT         ?STACK

            * * * * * * *   C O D E   M E M O R Y   * * * * * * *
            CODE    0000H     0003H     ABSOLUTE     
            CODE    0003H     0003H     UNIT         ?PR?TIMER0_INT?PROJECT7
                    0006H     0005H                  *** GAP ***
            CODE    000BH     0003H     ABSOLUTE     
            CODE    000EH     014BH     UNIT         ?C?LIB_CODE
            CODE    0159H     00E6H     UNIT         ?PR?MAIN?PROJECT7
            CODE    023FH     002CH     UNIT         ?PR?_DELAY?PROJECT7
            CODE    026BH     0013H     UNIT         ?CO?PROJECT7
            CODE    027EH     000CH     UNIT         ?C_C51STARTUP



OVERLAY MAP OF MODULE:   project7 (?C_STARTUP)


SEGMENT                           DATA_GROUP 
  +--> CALLED SEGMENT           START    LENGTH
-----------------------------------------------
?C_C51STARTUP                   -----    -----
  +--> ?PR?MAIN?PROJECT7

?PR?MAIN?PROJECT7               0008H    0006H
  +--> ?CO?PROJECT7
  +--> ?PR?_DELAY?PROJECT7

?PR?_DELAY?PROJECT7             -----    -----
  +--> ?CO?PROJECT7



SYMBOL TABLE OF MODULE:  project7 (?C_STARTUP)

BL51 BANKED LINKER/LOCATER V6.22                                                      05/30/2026  15:27:17  PAGE 2


  VALUE           TYPE          NAME
  ----------------------------------

  -------         MODULE        ?C_STARTUP
  C:027EH         SEGMENT       ?C_C51STARTUP
  I:000EH         SEGMENT       ?STACK
  C:0000H         PUBLIC        ?C_STARTUP
  D:00E0H         SYMBOL        ACC
  D:00F0H         SYMBOL        B
  D:0083H         SYMBOL        DPH
  D:0082H         SYMBOL        DPL
  N:0000H         SYMBOL        IBPSTACK
  N:0100H         SYMBOL        IBPSTACKTOP
  N:0080H         SYMBOL        IDATALEN
  C:0281H         SYMBOL        IDATALOOP
  N:0000H         SYMBOL        PBPSTACK
  N:0100H         SYMBOL        PBPSTACKTOP
  N:0000H         SYMBOL        PDATALEN
  N:0000H         SYMBOL        PDATASTART
  N:0000H         SYMBOL        PPAGE
  N:0000H         SYMBOL        PPAGEENABLE
  D:00A0H         SYMBOL        PPAGE_SFR
  D:0081H         SYMBOL        SP
  C:027EH         SYMBOL        STARTUP1
  N:0000H         SYMBOL        XBPSTACK
  N:0000H         SYMBOL        XBPSTACKTOP
  N:0000H         SYMBOL        XDATALEN
  N:0000H         SYMBOL        XDATASTART
  C:0000H         LINE#         126
  C:027EH         LINE#         133
  C:0280H         LINE#         134
  C:0281H         LINE#         135
  C:0282H         LINE#         136
  C:0284H         LINE#         185
  C:0287H         LINE#         196
  -------         ENDMOD        ?C_STARTUP

  -------         MODULE        PROJECT7
  C:0000H         SYMBOL        _ICE_DUMMY_
  D:0080H         PUBLIC        P0
  C:0003H         PUBLIC        Timer0_INT
  D:0090H         PUBLIC        P1
  C:0276H         PUBLIC        combit
  C:026BH         PUBLIC        segbit
  D:00A0H         PUBLIC        P2
  D:00B0H         PUBLIC        P3
  D:00A8H         PUBLIC        IE
  B:00B0H.7       PUBLIC        OE
  B:00A0H.7       PUBLIC        CS
  D:00B8H         PUBLIC        IP
  C:0159H         PUBLIC        main
  B:00B0H.6       PUBLIC        ST
  D:0098H         PUBLIC        SCON
  D:0089H         PUBLIC        TMOD
  D:0088H         PUBLIC        TCON
  C:027AH         SYMBOL        _?ix1000
  D:008CH         PUBLIC        TH0
BL51 BANKED LINKER/LOCATER V6.22                                                      05/30/2026  15:27:17  PAGE 3


  D:008AH         PUBLIC        TL0
  B:0088H.4       PUBLIC        TR0
  B:00B0H.0       PUBLIC        EOC
  B:00B0H.1       PUBLIC        CLK
  D:00C8H         PUBLIC        T2CON
  C:024CH         PUBLIC        _Delay
  D:00D0H         PUBLIC        PSW
  -------         PROC          L?0028
  -------         ENDPROC       L?0028
  -------         PROC          _DELAY
  D:0006H         SYMBOL        i
  -------         DO            
  D:0004H         SYMBOL        j
  -------         ENDDO         
  C:024CH         LINE#         20
  C:024CH         LINE#         21
  C:024CH         LINE#         23
  C:0255H         LINE#         24
  C:0255H         LINE#         25
  C:0258H         LINE#         26
  C:0263H         LINE#         27
  C:026AH         LINE#         28
  -------         ENDPROC       _DELAY
  -------         PROC          MAIN
  -------         DO            
  D:0007H         SYMBOL        temp
  D:0008H         SYMBOL        loopdat1
  D:0009H         SYMBOL        scan
  D:0002H         SYMBOL        voldata
  D:000AH         SYMBOL        dispbuf
  -------         ENDDO         
  C:0159H         LINE#         30
  C:0159H         LINE#         31
  C:0159H         LINE#         34
  C:016CH         LINE#         36
  C:016FH         LINE#         37
  C:0172H         LINE#         38
  C:0175H         LINE#         39
  C:0178H         LINE#         40
  C:017AH         LINE#         41
  C:017CH         LINE#         43
  C:017CH         LINE#         44
  C:017CH         LINE#         46
  C:017EH         LINE#         47
  C:0180H         LINE#         48
  C:0182H         LINE#         52
  C:0182H         LINE#         53
  C:0185H         LINE#         54
  C:0185H         LINE#         56
  C:0188H         LINE#         58
  C:0194H         LINE#         59
  C:0199H         LINE#         60
  C:0199H         LINE#         61
  C:019CH         LINE#         62
  C:019CH         LINE#         63
  C:019CH         LINE#         64
  C:019FH         LINE#         66
BL51 BANKED LINKER/LOCATER V6.22                                                      05/30/2026  15:27:17  PAGE 4


  C:01A2H         LINE#         67
  C:01ABH         LINE#         68
  C:01AEH         LINE#         71
  C:01B0H         LINE#         72
  C:01B2H         LINE#         73
  C:01B4H         LINE#         76
  C:01C7H         LINE#         77
  C:01D0H         LINE#         78
  C:01E4H         LINE#         79
  C:01F8H         LINE#         80
  C:0205H         LINE#         83
  C:0212H         LINE#         84
  C:0212H         LINE#         85
  C:0215H         LINE#         86
  C:0215H         LINE#         87
  C:0218H         LINE#         88
  C:0224H         LINE#         89
  C:0229H         LINE#         90
  C:0229H         LINE#         91
  C:022CH         LINE#         92
  C:022CH         LINE#         93
  C:022CH         LINE#         94
  C:022FH         LINE#         95
  C:0232H         LINE#         96
  C:023BH         LINE#         97
  -------         ENDPROC       MAIN
  -------         PROC          TIMER0_INT
  C:0003H         LINE#         101
  C:0003H         LINE#         103
  C:0005H         LINE#         104
  -------         ENDPROC       TIMER0_INT
  -------         ENDMOD        PROJECT7

  -------         MODULE        ?C?COPY
  C:00DEH         PUBLIC        ?C?COPY
  -------         ENDMOD        ?C?COPY

  -------         MODULE        ?C?UIDIV
  C:0104H         PUBLIC        ?C?UIDIV
  -------         ENDMOD        ?C?UIDIV

Program Size: data=15.0 xdata=0 code=645
LINK/LOCATE RUN COMPLETE.  0 WARNING(S),  0 ERROR(S)
