BL51 BANKED LINKER/LOCATER V6.22                                                        06/03/2024  14:50:14  PAGE 1


BL51 BANKED LINKER/LOCATER V6.22, INVOKED BY:
E:\APPS\C51\BIN\BL51.EXE STARTUP.obj, shiyan8.obj TO shiyan8


MEMORY MODEL: SMALL


INPUT MODULES INCLUDED:
  STARTUP.obj (?C_STARTUP)
  shiyan8.obj (SHIYAN8)


LINK MAP OF MODULE:  shiyan8 (?C_STARTUP)


            TYPE    BASE      LENGTH    RELOCATION   SEGMENT NAME
            -----------------------------------------------------

            * * * * * * *   D A T A   M E M O R Y   * * * * * * *
            REG     0000H     0008H     ABSOLUTE     "REG BANK 0"
            IDATA   0008H     0001H     UNIT         ?STACK

            * * * * * * *   C O D E   M E M O R Y   * * * * * * *
            CODE    0000H     0003H     ABSOLUTE     
                    0003H     07FDH                  *** GAP ***
            CODE    0800H     0020H     UNIT         ?PR?_DELAY?SHIYAN8
            CODE    0820H     001BH     UNIT         ?PR?MAIN?SHIYAN8
            CODE    083BH     000CH     UNIT         ?C_C51STARTUP



OVERLAY MAP OF MODULE:   shiyan8 (?C_STARTUP)


SEGMENT
  +--> CALLED SEGMENT
---------------------
?C_C51STARTUP
  +--> ?PR?MAIN?SHIYAN8

?PR?MAIN?SHIYAN8
  +--> ?PR?_DELAY?SHIYAN8



SYMBOL TABLE OF MODULE:  shiyan8 (?C_STARTUP)

  VALUE           TYPE          NAME
  ----------------------------------

  -------         MODULE        ?C_STARTUP
  C:083BH         SEGMENT       ?C_C51STARTUP
  I:0008H         SEGMENT       ?STACK
  C:0000H         PUBLIC        ?C_STARTUP
  D:00E0H         SYMBOL        ACC
  D:00F0H         SYMBOL        B
  D:0083H         SYMBOL        DPH
  D:0082H         SYMBOL        DPL
BL51 BANKED LINKER/LOCATER V6.22                                                      06/03/2024  14:50:14  PAGE 2


  N:0000H         SYMBOL        IBPSTACK
  N:0100H         SYMBOL        IBPSTACKTOP
  N:0080H         SYMBOL        IDATALEN
  C:083EH         SYMBOL        IDATALOOP
  N:0000H         SYMBOL        PBPSTACK
  N:0100H         SYMBOL        PBPSTACKTOP
  N:0000H         SYMBOL        PDATALEN
  N:0000H         SYMBOL        PDATASTART
  N:0000H         SYMBOL        PPAGE
  N:0000H         SYMBOL        PPAGEENABLE
  D:00A0H         SYMBOL        PPAGE_SFR
  D:0081H         SYMBOL        SP
  C:083BH         SYMBOL        STARTUP1
  N:0000H         SYMBOL        XBPSTACK
  N:0000H         SYMBOL        XBPSTACKTOP
  N:0000H         SYMBOL        XDATALEN
  N:0000H         SYMBOL        XDATASTART
  C:0000H         LINE#         126
  C:083BH         LINE#         133
  C:083DH         LINE#         134
  C:083EH         LINE#         135
  C:083FH         LINE#         136
  C:0841H         LINE#         185
  C:0844H         LINE#         196
  -------         ENDMOD        ?C_STARTUP

  -------         MODULE        SHIYAN8
  C:0000H         SYMBOL        _ICE_DUMMY_
  D:00A0H         PUBLIC        P2
  D:00B0H         PUBLIC        P3
  B:00B0H.6       PUBLIC        WR12
  C:0800H         PUBLIC        _delay
  B:00A0H.7       PUBLIC        CS
  D:0080H         PUBLIC        DAC0832
  C:0820H         PUBLIC        main
  -------         PROC          _DELAY
  D:0006H         SYMBOL        time
  -------         DO            
  D:0004H         SYMBOL        i
  D:0002H         SYMBOL        j
  -------         ENDDO         
  C:0800H         LINE#         5
  C:0800H         LINE#         7
  C:080AH         LINE#         8
  C:081FH         LINE#         9
  -------         ENDPROC       _DELAY
  -------         PROC          MAIN
  -------         DO            
  D:0001H         SYMBOL        value
  -------         ENDDO         
  C:0820H         LINE#         10
  C:0820H         LINE#         12
  C:0822H         LINE#         13
  C:0824H         LINE#         15
  C:0824H         LINE#         17
  C:0826H         LINE#         18
  C:082BH         LINE#         19
BL51 BANKED LINKER/LOCATER V6.22                                                      06/03/2024  14:50:14  PAGE 3


  C:0832H         LINE#         21
  C:0836H         LINE#         22
  C:0839H         LINE#         27
  -------         ENDPROC       MAIN
  -------         ENDMOD        SHIYAN8

******************************************************************************
* RESTRICTED VERSION WITH 0800H BYTE CODE SIZE LIMIT; USED: 004AH BYTE ( 3%) *
******************************************************************************

Program Size: data=9.0 xdata=0 code=74
LINK/LOCATE RUN COMPLETE.  0 WARNING(S),  0 ERROR(S)
