BL51 BANKED LINKER/LOCATER V5.03                                                        05/15/2026  09:38:21  PAGE 1


BL51 BANKED LINKER/LOCATER V5.03, INVOKED BY:
D:\KEIL\C51\BIN\BL51.EXE .\STARTUP.obj, Sort.obj TO Sort


MEMORY MODEL: SMALL


INPUT MODULES INCLUDED:
  .\STARTUP.obj (?C_STARTUP)
  Sort.obj (SORT)


LINK MAP OF MODULE:  Sort (?C_STARTUP)


            TYPE    BASE      LENGTH    RELOCATION   SEGMENT NAME
            -----------------------------------------------------

            * * * * * * *   D A T A   M E M O R Y   * * * * * * *
            REG     0000H     0008H     ABSOLUTE     "REG BANK 0"
                    0008H     0028H                  *** GAP ***
            DATA    0030H     0020H     ABSOLUTE     
            IDATA   0050H     0001H     UNIT         ?STACK

            * * * * * * *   C O D E   M E M O R Y   * * * * * * *
            CODE    0000H     0003H     ABSOLUTE     
                    0003H     07FDH                  *** GAP ***
            CODE    0800H     0045H     UNIT         ?PR?MAIN?SORT
            CODE    0845H     0020H     UNIT         ?CO?SORT
            CODE    0865H     000CH     UNIT         ?C_C51STARTUP



OVERLAY MAP OF MODULE:   Sort (?C_STARTUP)


SEGMENT
  +--> CALLED SEGMENT
---------------------
?C_C51STARTUP
  +--> ?PR?MAIN?SORT

?PR?MAIN?SORT
  +--> ?CO?SORT



SYMBOL TABLE OF MODULE:  Sort (?C_STARTUP)

  VALUE           TYPE          NAME
  ----------------------------------

  -------         MODULE        ?C_STARTUP
  C:0865H         SEGMENT       ?C_C51STARTUP
  I:0050H         SEGMENT       ?STACK
  C:0000H         PUBLIC        ?C_STARTUP
  D:00E0H         SYMBOL        ACC
  D:00F0H         SYMBOL        B
BL51 BANKED LINKER/LOCATER V5.03                                                      05/15/2026  09:38:21  PAGE 2


  D:0083H         SYMBOL        DPH
  D:0082H         SYMBOL        DPL
  N:0000H         SYMBOL        IBPSTACK
  N:0100H         SYMBOL        IBPSTACKTOP
  N:0080H         SYMBOL        IDATALEN
  C:0868H         SYMBOL        IDATALOOP
  N:0000H         SYMBOL        PBPSTACK
  N:0000H         SYMBOL        PBPSTACKTOP
  N:0000H         SYMBOL        PDATALEN
  N:0000H         SYMBOL        PDATASTART
  N:0000H         SYMBOL        PPAGE
  N:0000H         SYMBOL        PPAGEENABLE
  D:00A0H         SYMBOL        PPAGE_SFR
  D:0081H         SYMBOL        SP
  C:0865H         SYMBOL        STARTUP1
  N:0000H         SYMBOL        XBPSTACK
  N:0000H         SYMBOL        XBPSTACKTOP
  N:0000H         SYMBOL        XDATALEN
  N:0000H         SYMBOL        XDATASTART
  C:0000H         LINE#         92
  C:0865H         LINE#         99
  C:0867H         LINE#         100
  C:0868H         LINE#         101
  C:0869H         LINE#         102
  C:086BH         LINE#         151
  C:086EH         LINE#         155
  -------         ENDMOD        ?C_STARTUP

  -------         MODULE        SORT
  C:0000H         SYMBOL        _ICE_DUMMY_
  C:0800H         PUBLIC        main
  D:0030H         PUBLIC        a
  -------         PROC          MAIN
  -------         DO            
  C:0845H         SYMBOL        table
  D:0007H         SYMBOL        i
  D:0006H         SYMBOL        j
  D:0004H         SYMBOL        temp
  -------         ENDDO         
  C:0800H         LINE#         7
  C:0800H         LINE#         8
  C:0800H         LINE#         21
  C:0802H         LINE#         22
  C:0802H         LINE#         23
  C:080EH         LINE#         24
  C:0812H         LINE#         27
  C:0814H         LINE#         28
  C:0814H         LINE#         30
  C:0820H         LINE#         31
  C:0820H         LINE#         33
  C:0830H         LINE#         34
  C:0830H         LINE#         35
  C:0830H         LINE#         36
  C:0836H         LINE#         37
  C:083CH         LINE#         38
  C:083CH         LINE#         39
  C:083FH         LINE#         40
BL51 BANKED LINKER/LOCATER V5.03                                                      05/15/2026  09:38:21  PAGE 3


  C:0843H         LINE#         43
  -------         ENDPROC       MAIN
  -------         ENDMOD        SORT

******************************************************************************
* RESTRICTED VERSION WITH 0800H BYTE CODE SIZE LIMIT; USED: 0078H BYTE ( 5%) *
******************************************************************************

Program Size: data=41.0 xdata=0 code=116
LINK/LOCATE RUN COMPLETE.  0 WARNING(S),  0 ERROR(S)
