C51 COMPILER V7.06   SORT                                                                  05/15/2026 09:38:21 PAGE 1   


C51 COMPILER V7.06, COMPILATION OF MODULE SORT
OBJECT MODULE PLACED IN Sort.OBJ
COMPILER INVOKED BY: D:\Keil\C51\BIN\C51.EXE Sort.c BROWSE DEBUG OBJECTEXTEND

stmt level    source

   1          #include <reg51.h>
   2          #define uchar unsigned char
   3          #define uint  unsigned int
   4          
   5          uchar data a[32] _at_ 0x30;
   6          
   7          void main()
   8          {
   9   1      
  10   1          uchar code table[32] = {
  11   1              1, 3, 9, 2, 17, 4, 11, 6,
  12   1              5, 20, 100, 64, 21, 14, 79, 35,
  13   1              92, 7, 91, 23, 65, 16, 13, 18,
  14   1              18, 73, 65, 101, 27, 19, 62, 69
  15   1          };
  16   1      
  17   1          uchar i, j;
  18   1          uchar temp;
  19   1      
  20   1       
  21   1          for(i = 0; i < 32; i++)
  22   1          {
  23   2              a[i] = table[i];
  24   2          }
  25   1      
  26   1        
  27   1          for(j = 0; j < 31; j++)
  28   1          {
  29   2          
  30   2              for(i = 0; i < 31 - j; i++)
  31   2              {
  32   3                  
  33   3                  if(a[i] > a[i + 1])
  34   3                  {
  35   4                      temp = a[i];
  36   4                      a[i] = a[i + 1];
  37   4                      a[i + 1] = temp;
  38   4                  }
  39   3              }
  40   2          }
  41   1      
  42   1      
  43   1          while(1);
  44   1      }


MODULE INFORMATION:   STATIC OVERLAYABLE
   CODE SIZE        =     69    ----
   CONSTANT SIZE    =     32    ----
   XDATA SIZE       =   ----    ----
   PDATA SIZE       =   ----    ----
   DATA SIZE        =   ----    ----
   IDATA SIZE       =   ----    ----
   BIT SIZE         =   ----    ----
END OF MODULE INFORMATION.

C51 COMPILER V7.06   SORT                                                                  05/15/2026 09:38:21 PAGE 2   


C51 COMPILATION COMPLETE.  0 WARNING(S),  0 ERROR(S)
