BL51 BANKED LINKER/LOCATER V6.22                                                        05/16/2026  15:26:00  PAGE 1


BL51 BANKED LINKER/LOCATER V6.22, INVOKED BY:
BL51.EXE MAIN.OBJ TO DEBUG.OMF


MEMORY MODEL: SMALL


INPUT MODULES INCLUDED:
  MAIN.OBJ (MAIN)
  ..\..\..\..\..\..\..\KEIL4\C51\LIB\C51S.LIB (?C_STARTUP)


LINK MAP OF MODULE:  DEBUG.OMF (MAIN)


            TYPE    BASE      LENGTH    RELOCATION   SEGMENT NAME
            -----------------------------------------------------

            * * * * * * *   D A T A   M E M O R Y   * * * * * * *
            REG     0000H     0008H     ABSOLUTE     "REG BANK 0"
            IDATA   0008H     0001H     UNIT         ?STACK

            * * * * * * *   C O D E   M E M O R Y   * * * * * * *
            CODE    0000H     0003H     ABSOLUTE     
                    0003H     07FDH                  *** GAP ***
            CODE    0800H     003FH     INBLOCK      ?PR?MAIN?MAIN
            CODE    083FH     0019H     INBLOCK      ?PR?_DELAY?MAIN
            CODE    0858H     000CH     UNIT         ?C_C51STARTUP



OVERLAY MAP OF MODULE:   DEBUG.OMF (MAIN)


SEGMENT
  +--> CALLED SEGMENT
---------------------
?C_C51STARTUP
  +--> ?PR?MAIN?MAIN

?PR?MAIN?MAIN
  +--> ?PR?_DELAY?MAIN



SYMBOL TABLE OF MODULE:  DEBUG.OMF (MAIN)

  VALUE           TYPE          NAME
  ----------------------------------

  -------         MODULE        MAIN
  C:0000H         SYMBOL        _ICE_DUMMY_
  D:0080H         PUBLIC        P0
  D:0090H         PUBLIC        P1
  D:00B0H         PUBLIC        P3
  D:00A8H         PUBLIC        IE
  D:00B8H         PUBLIC        IP
  C:0800H         PUBLIC        main
BL51 BANKED LINKER/LOCATER V6.22                                                      05/16/2026  15:26:00  PAGE 2


  D:0098H         PUBLIC        SCON
  D:0088H         PUBLIC        TCON
  D:00C8H         PUBLIC        T2CON
  C:0843H         PUBLIC        _Delay
  D:00D0H         PUBLIC        PSW
  C:083FH         SYMBOL        L?0024
  -------         PROC          L?0023
  -------         ENDPROC       L?0023
  C:083FH         SYMBOL        L?0024
  -------         PROC          _DELAY
  D:0006H         SYMBOL        xms
  -------         DO            
  D:0005H         SYMBOL        i
  D:0004H         SYMBOL        j
  -------         ENDDO         
  C:0843H         LINE#         4
  C:0843H         LINE#         5
  C:0843H         LINE#         7
  C:084DH         LINE#         8
  C:084DH         LINE#         9
  C:084FH         LINE#         10
  C:0851H         LINE#         12
  C:0851H         LINE#         13
  C:0853H         LINE#         14
  C:0855H         LINE#         15
  C:0857H         LINE#         16
  -------         ENDPROC       _DELAY
  -------         PROC          MAIN
  C:0800H         LINE#         17
  C:0800H         LINE#         18
  C:0803H         LINE#         19
  C:0803H         LINE#         20
  C:0803H         LINE#         21
  C:0808H         LINE#         22
  C:0808H         LINE#         23
  C:080BH         LINE#         24
  C:0811H         LINE#         25
  C:0814H         LINE#         26
  C:0821H         LINE#         27
  C:0821H         LINE#         28
  C:0826H         LINE#         29
  C:0826H         LINE#         30
  C:0828H         LINE#         31
  C:082EH         LINE#         32
  C:0830H         LINE#         33
  C:083DH         LINE#         34
  C:083DH         LINE#         35
  -------         ENDPROC       MAIN
  -------         ENDMOD        MAIN

******************************************************************************
* RESTRICTED VERSION WITH 0800H BYTE CODE SIZE LIMIT; USED: 0058H BYTE ( 4%) *
******************************************************************************

Program Size: data=9.0 xdata=0 code=103
LINK/LOCATE RUN COMPLETE.  0 WARNING(S),  0 ERROR(S)
