BL51 BANKED LINKER/LOCATER V6.22                                                        05/23/2024  15:32:49  PAGE 1


BL51 BANKED LINKER/LOCATER V6.22, INVOKED BY:
E:\APPS\C51\BIN\BL51.EXE STARTUP.obj, shiyan1.obj TO shiyan1


MEMORY MODEL: SMALL


INPUT MODULES INCLUDED:
  STARTUP.obj (?C_STARTUP)
  shiyan1.obj (SHIYAN1)


LINK MAP OF MODULE:  shiyan1 (?C_STARTUP)


            TYPE    BASE      LENGTH    RELOCATION   SEGMENT NAME
            -----------------------------------------------------

            * * * * * * *   D A T A   M E M O R Y   * * * * * * *
            REG     0000H     0008H     ABSOLUTE     "REG BANK 0"
            IDATA   0008H     0001H     UNIT         ?STACK

            * * * * * * *   C O D E   M E M O R Y   * * * * * * *
            CODE    0000H     0003H     ABSOLUTE     
                    0003H     07FDH                  *** GAP ***
            CODE    0800H     0041H     UNIT         ?PR?MAIN?SHIYAN1
            CODE    0841H     0019H     UNIT         ?PR?_DELAY?SHIYAN1
            CODE    085AH     000CH     UNIT         ?C_C51STARTUP



OVERLAY MAP OF MODULE:   shiyan1 (?C_STARTUP)


SEGMENT
  +--> CALLED SEGMENT
---------------------
?C_C51STARTUP
  +--> ?PR?MAIN?SHIYAN1

?PR?MAIN?SHIYAN1
  +--> ?PR?_DELAY?SHIYAN1



SYMBOL TABLE OF MODULE:  shiyan1 (?C_STARTUP)

  VALUE           TYPE          NAME
  ----------------------------------

  -------         MODULE        ?C_STARTUP
  C:085AH         SEGMENT       ?C_C51STARTUP
  I:0008H         SEGMENT       ?STACK
  C:0000H         PUBLIC        ?C_STARTUP
  D:00E0H         SYMBOL        ACC
  D:00F0H         SYMBOL        B
  D:0083H         SYMBOL        DPH
  D:0082H         SYMBOL        DPL
BL51 BANKED LINKER/LOCATER V6.22                                                      05/23/2024  15:32:49  PAGE 2


  N:0000H         SYMBOL        IBPSTACK
  N:0100H         SYMBOL        IBPSTACKTOP
  N:0080H         SYMBOL        IDATALEN
  C:085DH         SYMBOL        IDATALOOP
  N:0000H         SYMBOL        PBPSTACK
  N:0100H         SYMBOL        PBPSTACKTOP
  N:0000H         SYMBOL        PDATALEN
  N:0000H         SYMBOL        PDATASTART
  N:0000H         SYMBOL        PPAGE
  N:0000H         SYMBOL        PPAGEENABLE
  D:00A0H         SYMBOL        PPAGE_SFR
  D:0081H         SYMBOL        SP
  C:085AH         SYMBOL        STARTUP1
  N:0000H         SYMBOL        XBPSTACK
  N:0000H         SYMBOL        XBPSTACKTOP
  N:0000H         SYMBOL        XDATALEN
  N:0000H         SYMBOL        XDATASTART
  C:0000H         LINE#         126
  C:085AH         LINE#         133
  C:085CH         LINE#         134
  C:085DH         LINE#         135
  C:085EH         LINE#         136
  C:0860H         LINE#         185
  C:0863H         LINE#         196
  -------         ENDMOD        ?C_STARTUP

  -------         MODULE        SHIYAN1
  C:0000H         SYMBOL        _ICE_DUMMY_
  D:0080H         PUBLIC        P0
  D:0090H         PUBLIC        P1
  D:00B0H         PUBLIC        P3
  D:00A8H         PUBLIC        IE
  D:00B8H         PUBLIC        IP
  C:0800H         PUBLIC        main
  D:0098H         PUBLIC        SCON
  D:0088H         PUBLIC        TCON
  D:00C8H         PUBLIC        T2CON
  C:0845H         PUBLIC        _Delay
  D:00D0H         PUBLIC        PSW
  C:0841H         SYMBOL        L?0024
  -------         PROC          L?0023
  -------         ENDPROC       L?0023
  C:0841H         SYMBOL        L?0024
  -------         PROC          _DELAY
  D:0006H         SYMBOL        xms
  -------         DO            
  D:0005H         SYMBOL        i
  D:0004H         SYMBOL        j
  -------         ENDDO         
  C:0845H         LINE#         4
  C:0845H         LINE#         5
  C:0845H         LINE#         7
  C:084FH         LINE#         8
  C:084FH         LINE#         9
  C:0851H         LINE#         10
  C:0853H         LINE#         12
  C:0853H         LINE#         13
BL51 BANKED LINKER/LOCATER V6.22                                                      05/23/2024  15:32:49  PAGE 3


  C:0855H         LINE#         14
  C:0857H         LINE#         15
  C:0859H         LINE#         16
  -------         ENDPROC       _DELAY
  -------         PROC          MAIN
  C:0800H         LINE#         17
  C:0800H         LINE#         18
  C:0803H         LINE#         19
  C:0803H         LINE#         20
  C:0803H         LINE#         21
  C:0808H         LINE#         22
  C:0808H         LINE#         23
  C:080BH         LINE#         24
  C:0811H         LINE#         25
  C:0814H         LINE#         26
  C:0821H         LINE#         27
  C:0821H         LINE#         28
  C:0826H         LINE#         29
  C:0826H         LINE#         30
  C:0829H         LINE#         31
  C:082FH         LINE#         32
  C:0832H         LINE#         33
  C:083FH         LINE#         34
  C:083FH         LINE#         35
  -------         ENDPROC       MAIN
  -------         ENDMOD        SHIYAN1

******************************************************************************
* RESTRICTED VERSION WITH 0800H BYTE CODE SIZE LIMIT; USED: 0069H BYTE ( 5%) *
******************************************************************************

Program Size: data=9.0 xdata=0 code=105
LINK/LOCATE RUN COMPLETE.  0 WARNING(S),  0 ERROR(S)
