C51 COMPILER V9.02   SHIYAN2                                                               05/23/2024 15:58:39 PAGE 1   


C51 COMPILER V9.02, COMPILATION OF MODULE SHIYAN2
OBJECT MODULE PLACED IN shiyan2.OBJ
COMPILER INVOKED BY: E:\Apps\C51\BIN\C51.EXE shiyan2.c BROWSE DEBUG OBJECTEXTEND

line level    source

   1          #include <reg52.h>
   2          #include <INTRINS.H>
   3          
   4          void Delay(unsigned int xms)
   5          {
   6   1        unsigned char i,j;
   7   1        while (xms--)
   8   1        {
   9   2          i=2;
  10   2              j=239;
  11   2              do
  12   2              {
  13   3            while(--j);       
  14   3              } while(--i);
  15   2               
  16   2        }
  17   1      }
  18          void main()
  19          {
  20   1        P0=0xfe;
  21   1        while(1)
  22   1        {
  23   2          Delay(250);
  24   2              P0=_crol_(P0,1);
  25   2        }
  26   1      }


MODULE INFORMATION:   STATIC OVERLAYABLE
   CODE SIZE        =     46    ----
   CONSTANT SIZE    =   ----    ----
   XDATA SIZE       =   ----    ----
   PDATA SIZE       =   ----    ----
   DATA SIZE        =   ----    ----
   IDATA SIZE       =   ----    ----
   BIT SIZE         =   ----    ----
END OF MODULE INFORMATION.


C51 COMPILATION COMPLETE.  0 WARNING(S),  0 ERROR(S)
