BL51 BANKED LINKER/LOCATER V6.22                                                        05/23/2026  12:24:47  PAGE 1


BL51 BANKED LINKER/LOCATER V6.22, INVOKED BY:
D:\KEIL4\C51\BIN\BL51.EXE STARTUP.obj, Shiyan3.obj TO Shiyan3 RAMSIZE (256)


MEMORY MODEL: SMALL


INPUT MODULES INCLUDED:
  STARTUP.obj (?C_STARTUP)
  Shiyan3.obj (SHIYAN3)
  D:\KEIL4\C51\LIB\C51S.LIB (?C_INIT)
  D:\KEIL4\C51\LIB\C51S.LIB (?C?UIDIV)


LINK MAP OF MODULE:  Shiyan3 (?C_STARTUP)


            TYPE    BASE      LENGTH    RELOCATION   SEGMENT NAME
            -----------------------------------------------------

            * * * * * * *   D A T A   M E M O R Y   * * * * * * *
            REG     0000H     0008H     ABSOLUTE     "REG BANK 0"
            DATA    0008H     000AH     UNIT         ?DT?SHIYAN3
            DATA    0012H     0002H     UNIT         _DATA_GROUP_
            IDATA   0014H     0001H     UNIT         ?STACK

            * * * * * * *   C O D E   M E M O R Y   * * * * * * *
            CODE    0000H     0003H     ABSOLUTE     
            CODE    0003H     0003H     ABSOLUTE     
                    0006H     07FAH                  *** GAP ***
            CODE    0800H     00A9H     UNIT         ?PR?EXTERNAL_INTERRUPT?SHIYAN3
            CODE    08A9H     008CH     UNIT         ?C_C51STARTUP
            CODE    0935H     0055H     UNIT         ?C?LIB_CODE
            CODE    098AH     004EH     UNIT         ?PR?MAIN?SHIYAN3
            CODE    09D8H     0020H     UNIT         ?PR?_DELAY?SHIYAN3
            CODE    09F8H     000FH     UNIT         ?C_INITSEG
            CODE    0A07H     000AH     UNIT         ?CO?SHIYAN3



OVERLAY MAP OF MODULE:   Shiyan3 (?C_STARTUP)


SEGMENT                                  DATA_GROUP 
  +--> CALLED SEGMENT                  START    LENGTH
------------------------------------------------------
?C_C51STARTUP                          -----    -----
  +--> ?PR?MAIN?SHIYAN3
  +--> ?C_INITSEG

?PR?MAIN?SHIYAN3                       0012H    0002H
  +--> ?CO?SHIYAN3
  +--> ?PR?_DELAY?SHIYAN3



SYMBOL TABLE OF MODULE:  Shiyan3 (?C_STARTUP)

BL51 BANKED LINKER/LOCATER V6.22                                                      05/23/2026  12:24:47  PAGE 2


  VALUE           TYPE          NAME
  ----------------------------------

  -------         MODULE        ?C_STARTUP
  C:08A9H         SEGMENT       ?C_C51STARTUP
  I:0014H         SEGMENT       ?STACK
  C:0000H         PUBLIC        ?C_STARTUP
  D:00E0H         SYMBOL        ACC
  D:00F0H         SYMBOL        B
  D:0083H         SYMBOL        DPH
  D:0082H         SYMBOL        DPL
  N:0000H         SYMBOL        IBPSTACK
  N:0100H         SYMBOL        IBPSTACKTOP
  N:0080H         SYMBOL        IDATALEN
  C:08ACH         SYMBOL        IDATALOOP
  N:0000H         SYMBOL        PBPSTACK
  N:0100H         SYMBOL        PBPSTACKTOP
  N:0000H         SYMBOL        PDATALEN
  N:0000H         SYMBOL        PDATASTART
  N:0000H         SYMBOL        PPAGE
  N:0000H         SYMBOL        PPAGEENABLE
  D:00A0H         SYMBOL        PPAGE_SFR
  D:0081H         SYMBOL        SP
  C:08A9H         SYMBOL        STARTUP1
  N:0000H         SYMBOL        XBPSTACK
  N:0000H         SYMBOL        XBPSTACKTOP
  N:0000H         SYMBOL        XDATALEN
  N:0000H         SYMBOL        XDATASTART
  C:0000H         LINE#         126
  C:08A9H         LINE#         133
  C:08ABH         LINE#         134
  C:08ACH         LINE#         135
  C:08ADH         LINE#         136
  C:08AFH         LINE#         185
  C:08B2H         LINE#         196
  -------         ENDMOD        ?C_STARTUP

  -------         MODULE        SHIYAN3
  C:0000H         SYMBOL        _ICE_DUMMY_
  D:0080H         PUBLIC        P0
  D:0090H         PUBLIC        P1
  D:00B0H         PUBLIC        P3
  B:00A8H.7       PUBLIC        EA
  D:00A8H         PUBLIC        IE
  C:09D8H         PUBLIC        _delay
  D:00B8H         PUBLIC        IP
  C:0A07H         PUBLIC        led_table
  C:098AH         PUBLIC        main
  D:0008H         PUBLIC        count
  D:0098H         PUBLIC        SCON
  D:0088H         PUBLIC        TCON
  C:0800H         PUBLIC        external_interrupt
  B:00A8H.0       PUBLIC        EX0
  B:0088H.0       PUBLIC        IT0
  D:000AH         PUBLIC        a
  D:00C8H         PUBLIC        T2CON
  D:00D0H         PUBLIC        PSW
BL51 BANKED LINKER/LOCATER V6.22                                                      05/23/2026  12:24:47  PAGE 3


  -------         PROC          _DELAY
  D:0006H         SYMBOL        t
  -------         DO            
  D:0004H         SYMBOL        i
  D:0002H         SYMBOL        j
  -------         ENDDO         
  C:09D8H         LINE#         10
  C:09D8H         LINE#         12
  C:09E2H         LINE#         13
  C:09F0H         LINE#         14
  C:09F7H         LINE#         15
  -------         ENDPROC       _DELAY
  -------         PROC          EXTERNAL_INTERRUPT
  -------         DO            
  D:0082H         SYMBOL        i
  D:0002H         SYMBOL        j
  -------         ENDDO         
  C:0800H         LINE#         20
  C:081BH         LINE#         22
  C:081DH         LINE#         24
  C:0828H         LINE#         25
  C:082EH         LINE#         26
  C:082EH         LINE#         27
  C:0836H         LINE#         28
  C:083AH         LINE#         30
  C:083DH         LINE#         31
  C:0855H         LINE#         32
  C:0864H         LINE#         33
  C:0885H         LINE#         34
  C:088EH         LINE#         36
  C:0890H         LINE#         37
  -------         ENDPROC       EXTERNAL_INTERRUPT
  -------         PROC          MAIN
  -------         DO            
  D:0012H         SYMBOL        i
  -------         ENDDO         
  C:098AH         LINE#         40
  C:098AH         LINE#         43
  C:098CH         LINE#         44
  C:098EH         LINE#         45
  C:0990H         LINE#         47
  C:0990H         LINE#         48
  C:0995H         LINE#         49
  C:0998H         LINE#         50
  C:09B1H         LINE#         51
  C:09BEH         LINE#         52
  C:09C5H         LINE#         53
  -------         ENDPROC       MAIN
  -------         ENDMOD        SHIYAN3

  -------         MODULE        ?C?UIDIV
  C:0935H         PUBLIC        ?C?UIDIV
  -------         ENDMOD        ?C?UIDIV

******************************************************************************
* RESTRICTED VERSION WITH 0800H BYTE CODE SIZE LIMIT; USED: 0141H BYTE (15%) *
******************************************************************************
BL51 BANKED LINKER/LOCATER V6.22                                                      05/23/2026  12:24:47  PAGE 4



Program Size: data=21.0 xdata=0 code=535
LINK/LOCATE RUN COMPLETE.  0 WARNING(S),  0 ERROR(S)
