C51 COMPILER V9.02   SHIYAN3                                                               05/23/2026 12:24:46 PAGE 1   


C51 COMPILER V9.02, COMPILATION OF MODULE SHIYAN3
OBJECT MODULE PLACED IN Shiyan3.OBJ
COMPILER INVOKED BY: D:\Keil4\C51\BIN\C51.EXE Shiyan3.c BROWSE DEBUG OBJECTEXTEND

line level    source

   1          #include <reg52.h>  
   2          
   3          sbit key = P3^2; // 定义单个位变量key，连接到P3端口的第2位，假设用于外部中断触发
   4          unsigned int count = 0; // 定义全局变量count，用于记录中断次数
   5          unsigned char code led_table[] = {0xc0,0xf9,0xa4,0xb0, 0x99,0x92,0x82,0xf8,0x80,0x90}; // 数码管显示数字0-
             -9的编码表
   6          
   7          int a[4]= {0x00,0x00,0x00,0x00}; // 定义数组a，用于存储每位数字的显示
   8          
   9          // 定义延时函数
  10          void delay(unsigned int t) {
  11   1          unsigned int i, j;
  12   1          for (i = 0; i < t; i++) {
  13   2              for (j = 0; j < 10; j++); // 简单的循环延时
  14   2          }
  15   1      }
  16          
  17          // 定义外部中断服务程序
  18          //外部中断：程序使用P3.2作为外部中断输入，每次外部中断触发时，count 计数器加1。
  19          //并且对该数进行分解，将各位数存储在数组 a 中，然后在四个数码管上显示出来。
  20          void external_interrupt() interrupt 0 {
  21   1          unsigned int i, j;
  22   1          EX0 = 0; // 关闭外部中断0，避免在处理中断时再次被中断
  23   1      
  24   1          if (count > 9999) {
  25   2              count = 0; // 如果计数器超过9999，则重置为0
  26   2          }
  27   1          count++; // 每次中断计数器加1
  28   1          j = 10000; // 设置初始除数为10000，用于提取每个数位
  29   1      
  30   1          for (i = 0; i < 4; i++) {
  31   2              a[i] = count % j; // 获取当前数位
  32   2              j = j / 10;       // 降低除数的数量级
  33   2              a[i] = a[i] / j;  // 根据数量级获得实际显示的数
  34   2          }
  35   1          
  36   1          EX0 = 1; // 处理完后重新开启外部中断0
  37   1      }
  38          
  39          // 主函数
  40          void main() {
  41   1          unsigned int i;
  42   1          // 初始化外部中断
  43   1          IT0 = 1; // 设置外部中断0为下降沿触发
  44   1          EX0 = 1; // 开启外部中断0
  45   1          EA = 1;  // 开启全局中断
  46   1      
  47   1          while (1) {
  48   2              for (i = 0; i < 4; i++) {
  49   3                  P1 = 0x00; // 清空P1口
  50   3                  P0 = led_table[a[i]]; // 设置P0口输出对应数字的编码，控制数码管显示
  51   3                  P1 = (1 << i); // 设置P1口对应位为低电平，使得对应数码管被选中
  52   3                  delay(10); // 延时一段时间，保证数码管显示稳定
  53   3              }
  54   2          }
C51 COMPILER V9.02   SHIYAN3                                                               05/23/2026 12:24:46 PAGE 2   

  55   1      }


MODULE INFORMATION:   STATIC OVERLAYABLE
   CODE SIZE        =    279    ----
   CONSTANT SIZE    =     10    ----
   XDATA SIZE       =   ----    ----
   PDATA SIZE       =   ----    ----
   DATA SIZE        =     10       2
   IDATA SIZE       =   ----    ----
   BIT SIZE         =   ----    ----
END OF MODULE INFORMATION.


C51 COMPILATION COMPLETE.  0 WARNING(S),  0 ERROR(S)
