BL51 BANKED LINKER/LOCATER V6.22                                                        05/16/2026  09:49:23  PAGE 1


BL51 BANKED LINKER/LOCATER V6.22, INVOKED BY:
D:\KEIL4\C51\BIN\BL51.EXE 2to10.obj TO simlab1


INPUT MODULES INCLUDED:
  2to10.obj (2TO10)


LINK MAP OF MODULE:  simlab1 (2TO10)


            TYPE    BASE      LENGTH    RELOCATION   SEGMENT NAME
            -----------------------------------------------------

            * * * * * * *   D A T A   M E M O R Y   * * * * * * *
            REG     0000H     0008H     ABSOLUTE     "REG BANK 0"

            * * * * * * *   C O D E   M E M O R Y   * * * * * * *
            CODE    0000H     0052H     ABSOLUTE     



SYMBOL TABLE OF MODULE:  simlab1 (2TO10)

  VALUE           TYPE          NAME
  ----------------------------------

  -------         MODULE        2TO10
  D:00F0H         SYMBOL        B
  C:0047H         SYMBOL        LOOP
  C:0030H         SYMBOL        MAIN
  D:0081H         SYMBOL        SP
  C:0000H         LINE#         2
  C:0030H         LINE#         6
  C:0033H         LINE#         7
  C:0036H         LINE#         8
  C:0038H         LINE#         9
  C:003BH         LINE#         10
  C:003CH         LINE#         11
  C:003EH         LINE#         13
  C:0040H         LINE#         14
  C:0043H         LINE#         15
  C:0044H         LINE#         17
  C:0046H         LINE#         18
  C:0047H         LINE#         21
  C:0048H         LINE#         22
  C:004AH         LINE#         24
  C:004CH         LINE#         25
  C:004EH         LINE#         26
  C:0050H         LINE#         28
  -------         ENDMOD        2TO10

******************************************************************************
* RESTRICTED VERSION WITH 0800H BYTE CODE SIZE LIMIT; USED: 0024H BYTE ( 1%) *
******************************************************************************

Program Size: data=8.0 xdata=0 code=82
LINK/LOCATE RUN COMPLETE.  0 WARNING(S),  0 ERROR(S)
