C51 COMPILER V9.02   SHIYAN3                                                               05/31/2024 14:37:55 PAGE 1   


C51 COMPILER V9.02, COMPILATION OF MODULE SHIYAN3
OBJECT MODULE PLACED IN shiyan3.OBJ
COMPILER INVOKED BY: E:\Apps\C51\BIN\C51.EXE shiyan3.c BROWSE DEBUG OBJECTEXTEND

line level    source

   1          #include <reg51.h>
   2          #include<intrins.h>
   3          unsigned char codetable[]={0xf9,0xa4,0xb0, 0x99,0x92,0x82,0xf8,0x80};
   4          // 0，1，2，3，4，5，6，7，8，9，off/*利用数组引用数码表（该数码管是共阳极数码管，所以使用共阳极数码表）。
             -code是将数组从ram调到ROM节省空间*/
   5          unsigned char codeTab[]={0xFE,0xFD,0xFB,0xF7,0xEF,0xDF,0xBF,0x7F}; 
   6          //*延时函数*/
   7          void delay(unsigned int xms)//定义延时函数 
   8          {
   9   1       unsigned char i,j;
  10   1       while(xms--)
  11   1      {
  12   2       i=2;
  13   2      j=239;
  14   2      do
  15   2      {
  16   3      while (--j);
  17   3      }
  18   2      while (--i);
  19   2      }
  20   1      }
  21          
  22          void Display()  
  23          {    
  24   1         unsigned int i;
  25   1         for(i=0; i<8; i++){  
  26   2      
  27   2          P0 = codetable[i];  // P0提供段选  
  28   2              P2 = codeTab[i];    //P2片选，发光顺序 
  29   2          delay(200);
  30   2          // 延时后关闭位选线  
  31   2          P2=0xff;     //关闭 
  32   2          }
  33   1      }  
  34          
  35          void main()
  36          { 
  37   1        while(1)
  38   1        {
  39   2        Display();
  40   2        }     
  41   1       }


MODULE INFORMATION:   STATIC OVERLAYABLE
   CODE SIZE        =     65    ----
   CONSTANT SIZE    =   ----    ----
   XDATA SIZE       =   ----    ----
   PDATA SIZE       =   ----    ----
   DATA SIZE        =     16    ----
   IDATA SIZE       =   ----    ----
   BIT SIZE         =   ----    ----
END OF MODULE INFORMATION.


C51 COMPILATION COMPLETE.  0 WARNING(S),  0 ERROR(S)
