BL51 BANKED LINKER/LOCATER V6.22                                                        05/31/2024  14:40:43  PAGE 1


BL51 BANKED LINKER/LOCATER V6.22, INVOKED BY:
E:\APPS\C51\BIN\BL51.EXE STARTUP.obj, shiyan3.obj TO shiyan3


MEMORY MODEL: SMALL


INPUT MODULES INCLUDED:
  STARTUP.obj (?C_STARTUP)
  shiyan3.obj (SHIYAN3)
  E:\APPS\C51\LIB\C51S.LIB (?C_INIT)


LINK MAP OF MODULE:  shiyan3 (?C_STARTUP)


            TYPE    BASE      LENGTH    RELOCATION   SEGMENT NAME
            -----------------------------------------------------

            * * * * * * *   D A T A   M E M O R Y   * * * * * * *
            REG     0000H     0008H     ABSOLUTE     "REG BANK 0"
            DATA    0008H     0010H     UNIT         ?DT?SHIYAN3
            IDATA   0018H     0001H     UNIT         ?STACK

            * * * * * * *   C O D E   M E M O R Y   * * * * * * *
            CODE    0000H     0003H     ABSOLUTE     
                    0003H     07FDH                  *** GAP ***
            CODE    0800H     008CH     UNIT         ?C_C51STARTUP
            CODE    088CH     0027H     UNIT         ?PR?DISPLAY?SHIYAN3
            CODE    08B3H     0015H     UNIT         ?PR?_DELAY?SHIYAN3
            CODE    08C8H     0015H     UNIT         ?C_INITSEG
            CODE    08DDH     0005H     UNIT         ?PR?MAIN?SHIYAN3



OVERLAY MAP OF MODULE:   shiyan3 (?C_STARTUP)


SEGMENT
  +--> CALLED SEGMENT
---------------------
?C_C51STARTUP
  +--> ?PR?MAIN?SHIYAN3
  +--> ?C_INITSEG

?PR?MAIN?SHIYAN3
  +--> ?PR?DISPLAY?SHIYAN3

?PR?DISPLAY?SHIYAN3
  +--> ?PR?_DELAY?SHIYAN3



SYMBOL TABLE OF MODULE:  shiyan3 (?C_STARTUP)

  VALUE           TYPE          NAME
  ----------------------------------

BL51 BANKED LINKER/LOCATER V6.22                                                      05/31/2024  14:40:43  PAGE 2


  -------         MODULE        ?C_STARTUP
  C:0800H         SEGMENT       ?C_C51STARTUP
  I:0018H         SEGMENT       ?STACK
  C:0000H         PUBLIC        ?C_STARTUP
  D:00E0H         SYMBOL        ACC
  D:00F0H         SYMBOL        B
  D:0083H         SYMBOL        DPH
  D:0082H         SYMBOL        DPL
  N:0000H         SYMBOL        IBPSTACK
  N:0100H         SYMBOL        IBPSTACKTOP
  N:0080H         SYMBOL        IDATALEN
  C:0803H         SYMBOL        IDATALOOP
  N:0000H         SYMBOL        PBPSTACK
  N:0100H         SYMBOL        PBPSTACKTOP
  N:0000H         SYMBOL        PDATALEN
  N:0000H         SYMBOL        PDATASTART
  N:0000H         SYMBOL        PPAGE
  N:0000H         SYMBOL        PPAGEENABLE
  D:00A0H         SYMBOL        PPAGE_SFR
  D:0081H         SYMBOL        SP
  C:0800H         SYMBOL        STARTUP1
  N:0000H         SYMBOL        XBPSTACK
  N:0000H         SYMBOL        XBPSTACKTOP
  N:0000H         SYMBOL        XDATALEN
  N:0000H         SYMBOL        XDATASTART
  C:0000H         LINE#         126
  C:0800H         LINE#         133
  C:0802H         LINE#         134
  C:0803H         LINE#         135
  C:0804H         LINE#         136
  C:0806H         LINE#         185
  C:0809H         LINE#         196
  -------         ENDMOD        ?C_STARTUP

  -------         MODULE        SHIYAN3
  C:0000H         SYMBOL        _ICE_DUMMY_
  D:0080H         PUBLIC        P0
  D:00A0H         PUBLIC        P2
  C:08B3H         PUBLIC        _delay
  C:08DDH         PUBLIC        main
  D:0008H         PUBLIC        codetable
  D:0010H         PUBLIC        codeTab
  C:088CH         PUBLIC        Display
  -------         PROC          _DELAY
  D:0006H         SYMBOL        xms
  -------         DO            
  D:0005H         SYMBOL        i
  D:0004H         SYMBOL        j
  -------         ENDDO         
  C:08B3H         LINE#         7
  C:08B3H         LINE#         8
  C:08B3H         LINE#         10
  C:08BDH         LINE#         11
  C:08BDH         LINE#         12
  C:08BFH         LINE#         13
  C:08C1H         LINE#         15
  C:08C1H         LINE#         16
BL51 BANKED LINKER/LOCATER V6.22                                                      05/31/2024  14:40:43  PAGE 3


  C:08C3H         LINE#         17
  C:08C3H         LINE#         18
  C:08C5H         LINE#         19
  C:08C7H         LINE#         20
  -------         ENDPROC       _DELAY
  -------         PROC          DISPLAY
  -------         DO            
  D:0002H         SYMBOL        i
  -------         ENDDO         
  C:088CH         LINE#         22
  C:088CH         LINE#         23
  C:088CH         LINE#         25
  C:088FH         LINE#         27
  C:0896H         LINE#         28
  C:089DH         LINE#         29
  C:08A4H         LINE#         31
  C:08A7H         LINE#         32
  C:08B2H         LINE#         33
  -------         ENDPROC       DISPLAY
  -------         PROC          MAIN
  C:08DDH         LINE#         35
  C:08DDH         LINE#         36
  C:08DDH         LINE#         37
  C:08DDH         LINE#         38
  C:08DDH         LINE#         39
  C:08E0H         LINE#         40
  -------         ENDPROC       MAIN
  -------         ENDMOD        SHIYAN3

******************************************************************************
* RESTRICTED VERSION WITH 0800H BYTE CODE SIZE LIMIT; USED: 0064H BYTE ( 4%) *
******************************************************************************

Program Size: data=25.0 xdata=0 code=229
LINK/LOCATE RUN COMPLETE.  0 WARNING(S),  0 ERROR(S)
