BL51 BANKED LINKER/LOCATER V6.22.4.0                                                    06/15/2026  20:09:28  PAGE 1


BL51 BANKED LINKER/LOCATER V6.22.4.0, INVOKED BY:
D:\KEIL5\C51\BIN\BL51.EXE STARTUP.obj, LCD1602.obj, MIAN.obj, DHT11.obj TO DHT11


MEMORY MODEL: SMALL


INPUT MODULES INCLUDED:
  STARTUP.obj (?C_STARTUP)
  LCD1602.obj (LCD1602)
  MIAN.obj (MIAN)
  DHT11.obj (DHT11)
  D:\KEIL5\C51\LIB\C51S.LIB (?C?CLDPTR)


LINK MAP OF MODULE:  DHT11 (?C_STARTUP)


            TYPE    BASE      LENGTH    RELOCATION   SEGMENT NAME
            -----------------------------------------------------

            * * * * * * *   D A T A   M E M O R Y   * * * * * * *
            REG     0000H     0008H     ABSOLUTE     "REG BANK 0"
            DATA    0008H     000DH     UNIT         ?DT?DHT11
            DATA    0015H     0003H     UNIT         _DATA_GROUP_
            IDATA   0018H     0001H     UNIT         ?STACK

            * * * * * * *   C O D E   M E M O R Y   * * * * * * *
            CODE    0000H     0003H     ABSOLUTE     
                    0003H     07FDH                  *** GAP ***
            CODE    0800H     0073H     UNIT         ?PR?MAIN?MIAN
            CODE    0873H     006CH     UNIT         ?PR?RH?DHT11
            CODE    08DFH     003DH     UNIT         ?PR?DHT11_REV?DHT11
            CODE    091CH     0030H     UNIT         ?PR?_WRITE_STRING?LCD1602
            CODE    094CH     0027H     UNIT         ?PR?LCD_INIT?LCD1602
            CODE    0973H     001FH     UNIT         ?PR?_DELAYMS?LCD1602
            CODE    0992H     001BH     UNIT         ?CO?MIAN
            CODE    09ADH     0019H     UNIT         ?C?LIB_CODE
            CODE    09C6H     0017H     UNIT         ?PR?_DELAYUS?LCD1602
            CODE    09DDH     0011H     UNIT         ?PR?DELAY_10US?DHT11
            CODE    09EEH     0010H     UNIT         ?PR?_WRITE_COMMAND?LCD1602
            CODE    09FEH     0010H     UNIT         ?PR?_WRITE_DATA?LCD1602
            CODE    0A0EH     000DH     UNIT         ?PR?DELAY20MS?DHT11
            CODE    0A1BH     000CH     UNIT         ?C_C51STARTUP
            CODE    0A27H     000AH     UNIT         ?PR?_WRITE_CHAR?LCD1602



OVERLAY MAP OF MODULE:   DHT11 (?C_STARTUP)


SEGMENT                              DATA_GROUP 
  +--> CALLED SEGMENT              START    LENGTH
--------------------------------------------------
?C_C51STARTUP                      -----    -----
  +--> ?PR?MAIN?MIAN

?PR?MAIN?MIAN                      -----    -----
BL51 BANKED LINKER/LOCATER V6.22.4.0                                                  06/15/2026  20:09:28  PAGE 2


  +--> ?PR?LCD_INIT?LCD1602
  +--> ?PR?RH?DHT11
  +--> ?CO?MIAN
  +--> ?PR?_WRITE_STRING?LCD1602
  +--> ?PR?_WRITE_CHAR?LCD1602

?PR?LCD_INIT?LCD1602               -----    -----
  +--> ?PR?_DELAYMS?LCD1602
  +--> ?PR?_WRITE_COMMAND?LCD1602

?PR?_WRITE_COMMAND?LCD1602         -----    -----
  +--> ?PR?_DELAYUS?LCD1602
  +--> ?PR?_DELAYMS?LCD1602

?PR?RH?DHT11                       -----    -----
  +--> ?PR?DELAY20MS?DHT11
  +--> ?PR?DELAY_10US?DHT11
  +--> ?PR?DHT11_REV?DHT11

?PR?DHT11_REV?DHT11                -----    -----
  +--> ?PR?DELAY_10US?DHT11

?PR?_WRITE_STRING?LCD1602          0015H    0003H
  +--> ?PR?_WRITE_COMMAND?LCD1602
  +--> ?PR?_WRITE_DATA?LCD1602
  +--> ?PR?_DELAYUS?LCD1602

?PR?_WRITE_DATA?LCD1602            -----    -----
  +--> ?PR?_DELAYUS?LCD1602
  +--> ?PR?_DELAYMS?LCD1602

?PR?_WRITE_CHAR?LCD1602            -----    -----
  +--> ?PR?_WRITE_COMMAND?LCD1602
  +--> ?PR?_WRITE_DATA?LCD1602



SYMBOL TABLE OF MODULE:  DHT11 (?C_STARTUP)

  VALUE           TYPE          NAME
  ----------------------------------

  -------         MODULE        ?C_STARTUP
  C:0A1BH         SEGMENT       ?C_C51STARTUP
  I:0018H         SEGMENT       ?STACK
  C:0000H         PUBLIC        ?C_STARTUP
  D:00E0H         SYMBOL        ACC
  D:00F0H         SYMBOL        B
  D:0083H         SYMBOL        DPH
  D:0082H         SYMBOL        DPL
  N:0000H         SYMBOL        IBPSTACK
  N:0100H         SYMBOL        IBPSTACKTOP
  N:0080H         SYMBOL        IDATALEN
  C:0A1EH         SYMBOL        IDATALOOP
  N:0000H         SYMBOL        PBPSTACK
  N:0100H         SYMBOL        PBPSTACKTOP
  N:0000H         SYMBOL        PDATALEN
BL51 BANKED LINKER/LOCATER V6.22.4.0                                                  06/15/2026  20:09:28  PAGE 3


  N:0000H         SYMBOL        PDATASTART
  N:0000H         SYMBOL        PPAGE
  N:0000H         SYMBOL        PPAGEENABLE
  D:00A0H         SYMBOL        PPAGE_SFR
  D:0081H         SYMBOL        SP
  C:0A1BH         SYMBOL        STARTUP1
  N:0000H         SYMBOL        XBPSTACK
  N:0000H         SYMBOL        XBPSTACKTOP
  N:0000H         SYMBOL        XDATALEN
  N:0000H         SYMBOL        XDATASTART
  C:0000H         LINE#         126
  C:0A1BH         LINE#         133
  C:0A1DH         LINE#         134
  C:0A1EH         LINE#         135
  C:0A1FH         LINE#         136
  C:0A21H         LINE#         185
  C:0A24H         LINE#         196
  -------         ENDMOD        ?C_STARTUP

  -------         MODULE        LCD1602
  C:0000H         SYMBOL        _ICE_DUMMY_
  D:0080H         PUBLIC        P0
  D:0090H         PUBLIC        P1
  D:00B0H         PUBLIC        P3
  C:094CH         PUBLIC        Lcd_Init
  D:00A8H         PUBLIC        IE
  D:00B8H         PUBLIC        IP
  B:0090H.0       PUBLIC        RS
  B:0090H.1       PUBLIC        RW
  C:09EEH         PUBLIC        _Write_Command
  D:0098H         PUBLIC        SCON
  D:0088H         PUBLIC        TCON
  B:0090H.2       PUBLIC        E
  D:00C8H         PUBLIC        T2CON
  C:091CH         PUBLIC        _Write_String
  C:09FEH         PUBLIC        _Write_Data
  C:0A27H         PUBLIC        _Write_Char
  C:0973H         PUBLIC        _delayms
  D:00D0H         PUBLIC        PSW
  C:09D3H         PUBLIC        _delayus
  -------         PROC          L?0022
  -------         ENDPROC       L?0022
  -------         PROC          _DELAYUS
  D:0007H         SYMBOL        utime
  -------         DO            
  D:0007H         SYMBOL        i
  -------         ENDDO         
  C:09D3H         LINE#         8
  C:09D3H         LINE#         9
  C:09D3H         LINE#         11
  C:09DCH         LINE#         12
  -------         ENDPROC       _DELAYUS
  -------         PROC          _DELAYMS
  D:0006H         SYMBOL        mtime
  -------         DO            
  D:0006H         SYMBOL        i
  D:0004H         SYMBOL        j
BL51 BANKED LINKER/LOCATER V6.22.4.0                                                  06/15/2026  20:09:28  PAGE 4


  -------         ENDDO         
  C:0973H         LINE#         14
  C:0973H         LINE#         15
  C:0973H         LINE#         17
  C:097CH         LINE#         18
  C:0991H         LINE#         19
  -------         ENDPROC       _DELAYMS
  -------         PROC          _WRITE_COMMAND
  D:0007H         SYMBOL        COM
  C:09EEH         LINE#         36
  C:09EEH         LINE#         37
  C:09EEH         LINE#         39
  C:09F0H         LINE#         40
  C:09F2H         LINE#         41
  C:09F2H         LINE#         42
  C:09F2H         LINE#         43
  C:09F2H         LINE#         44
  C:09F2H         LINE#         45
  C:09F5H         LINE#         46
  C:09F7H         LINE#         47
  -------         ENDPROC       _WRITE_COMMAND
  -------         PROC          _WRITE_DATA
  D:0007H         SYMBOL        WDATA
  C:09FEH         LINE#         49
  C:09FEH         LINE#         50
  C:09FEH         LINE#         52
  C:0A00H         LINE#         53
  C:0A02H         LINE#         54
  C:0A02H         LINE#         55
  C:0A02H         LINE#         56
  C:0A02H         LINE#         57
  C:0A02H         LINE#         58
  C:0A05H         LINE#         59
  C:0A07H         LINE#         60
  -------         ENDPROC       _WRITE_DATA
  -------         PROC          _WRITE_CHAR
  D:0007H         SYMBOL        ad
  D:0003H         SYMBOL        dat
  C:0A27H         LINE#         63
  C:0A29H         LINE#         64
  C:0A29H         LINE#         65
  C:0A2CH         LINE#         66
  -------         ENDPROC       _WRITE_CHAR
  -------         PROC          _WRITE_STRING
  D:0007H         SYMBOL        ad
  D:0015H         SYMBOL        s
  C:091CH         LINE#         69
  C:0922H         LINE#         70
  C:0922H         LINE#         71
  C:0925H         LINE#         72
  C:0933H         LINE#         73
  C:0933H         LINE#         74
  C:0944H         LINE#         75
  C:0949H         LINE#         76
  C:094BH         LINE#         77
  -------         ENDPROC       _WRITE_STRING
  -------         PROC          LCD_INIT
BL51 BANKED LINKER/LOCATER V6.22.4.0                                                  06/15/2026  20:09:28  PAGE 5


  C:094CH         LINE#         79
  C:094CH         LINE#         80
  C:094CH         LINE#         81
  C:0953H         LINE#         82
  C:0958H         LINE#         83
  C:095DH         LINE#         84
  C:0962H         LINE#         85
  C:0967H         LINE#         86
  C:096CH         LINE#         87
  -------         ENDPROC       LCD_INIT
  -------         ENDMOD        LCD1602

  -------         MODULE        MIAN
  C:0000H         SYMBOL        _ICE_DUMMY_
  D:0090H         PUBLIC        P1
  C:0800H         PUBLIC        main
  -------         PROC          MAIN
  C:0800H         LINE#         8
  C:0800H         LINE#         9
  C:0800H         LINE#         10
  C:0803H         LINE#         11
  C:0803H         LINE#         12
  C:0803H         LINE#         13
  C:0806H         LINE#         14
  C:0811H         LINE#         15
  C:081FH         LINE#         16
  C:082FH         LINE#         17
  C:083AH         LINE#         19
  C:0845H         LINE#         20
  C:0853H         LINE#         21
  C:0863H         LINE#         22
  C:086AH         LINE#         23
  C:0871H         LINE#         24
  -------         ENDPROC       MAIN
  -------         ENDMOD        MIAN

  -------         MODULE        DHT11
  C:0000H         SYMBOL        _ICE_DUMMY_
  D:0090H         PUBLIC        P1
  C:08DFH         PUBLIC        DHT11_REV
  D:0008H         PUBLIC        T_data_H_temp
  D:0009H         PUBLIC        T_data_L_temp
  D:000AH         PUBLIC        Checkdata_temp
  D:000BH         PUBLIC        Temp
  C:0873H         PUBLIC        RH
  C:09E6H         PUBLIC        Delay_10us
  B:0090H.3       PUBLIC        DHT11_OUT
  C:0A0EH         PUBLIC        Delay20ms
  D:000CH         PUBLIC        Comdata
  D:000DH         PUBLIC        RH_data_H
  D:000EH         PUBLIC        RH_data_L
  D:000FH         PUBLIC        RH_data_H_temp
  D:0010H         PUBLIC        RH_data_L_temp
  D:0011H         PUBLIC        T_data_H
  D:0012H         PUBLIC        Flag
  D:0013H         PUBLIC        T_data_L
  D:0014H         PUBLIC        Checkdata
BL51 BANKED LINKER/LOCATER V6.22.4.0                                                  06/15/2026  20:09:28  PAGE 6


  -------         PROC          DELAY20MS
  -------         DO            
  D:0007H         SYMBOL        i
  D:0006H         SYMBOL        j
  D:0005H         SYMBOL        k
  -------         ENDDO         
  C:0A0EH         LINE#         13
  C:0A0EH         LINE#         14
  C:0A0EH         LINE#         17
  C:0A10H         LINE#         18
  C:0A12H         LINE#         19
  C:0A14H         LINE#         21
  C:0A14H         LINE#         23
  C:0A14H         LINE#         24
  C:0A16H         LINE#         25
  C:0A18H         LINE#         26
  C:0A1AH         LINE#         27
  -------         ENDPROC       DELAY20MS
  -------         PROC          L?0030
  -------         ENDPROC       L?0030
  -------         PROC          DELAY_10US
  -------         DO            
  D:0007H         SYMBOL        i
  -------         ENDDO         
  C:09E6H         LINE#         28
  C:09E6H         LINE#         29
  C:09E6H         LINE#         32
  C:09E7H         LINE#         33
  C:09E8H         LINE#         34
  C:09E9H         LINE#         35
  C:09EBH         LINE#         36
  C:09EDH         LINE#         37
  -------         ENDPROC       DELAY_10US
  -------         PROC          DHT11_REV
  -------         DO            
  D:0006H         SYMBOL        i
  -------         ENDDO         
  C:08DFH         LINE#         41
  C:08DFH         LINE#         42
  C:08DFH         LINE#         44
  C:08E1H         LINE#         45
  C:08E1H         LINE#         46
  C:08E4H         LINE#         47
  C:08EEH         LINE#         48
  C:08EEH         LINE#         49
  C:08EEH         LINE#         50
  C:08EEH         LINE#         51
  C:08F1H         LINE#         52
  C:08F4H         LINE#         53
  C:08FAH         LINE#         54
  C:08FDH         LINE#         55
  C:0907H         LINE#         56
  C:090DH         LINE#         58
  C:0913H         LINE#         59
  C:0917H         LINE#         60
  C:091BH         LINE#         61
  -------         ENDPROC       DHT11_REV
BL51 BANKED LINKER/LOCATER V6.22.4.0                                                  06/15/2026  20:09:28  PAGE 7


  -------         PROC          RH
  C:0873H         LINE#         65
  C:0873H         LINE#         66
  C:0873H         LINE#         67
  C:0875H         LINE#         68
  C:0878H         LINE#         69
  C:087AH         LINE#         70
  C:087AH         LINE#         71
  C:087AH         LINE#         72
  C:087AH         LINE#         73
  C:087DH         LINE#         74
  C:0880H         LINE#         75
  C:0883H         LINE#         76
  C:0885H         LINE#         77
  C:0888H         LINE#         78
  C:0888H         LINE#         79
  C:088BH         LINE#         80
  C:0895H         LINE#         81
  C:0898H         LINE#         82
  C:08A2H         LINE#         83
  C:08A5H         LINE#         84
  C:08A8H         LINE#         85
  C:08ABH         LINE#         86
  C:08AEH         LINE#         87
  C:08B1H         LINE#         88
  C:08B4H         LINE#         89
  C:08B7H         LINE#         90
  C:08BAH         LINE#         91
  C:08BDH         LINE#         92
  C:08C0H         LINE#         93
  C:08C2H         LINE#         94
  C:08CCH         LINE#         95
  C:08CFH         LINE#         96
  C:08CFH         LINE#         97
  C:08D2H         LINE#         98
  C:08D5H         LINE#         99
  C:08D8H         LINE#         100
  C:08DBH         LINE#         101
  C:08DEH         LINE#         102
  C:08DEH         LINE#         103
  C:08DEH         LINE#         104
  -------         ENDPROC       RH
  -------         ENDMOD        DHT11

  -------         MODULE        ?C?CLDPTR
  C:09ADH         PUBLIC        ?C?CLDPTR
  -------         ENDMOD        ?C?CLDPTR

******************************************************************************
* RESTRICTED VERSION WITH 0800H BYTE CODE SIZE LIMIT; USED: 021BH BYTE (26%) *
******************************************************************************

Program Size: data=25.0 xdata=0 code=564
LINK/LOCATE RUN COMPLETE.  0 WARNING(S),  0 ERROR(S)
