C51 COMPILER V9.60.7.0   DHT11                                                             06/15/2026 20:09:28 PAGE 1   


C51 COMPILER V9.60.7.0, COMPILATION OF MODULE DHT11
OBJECT MODULE PLACED IN DHT11.obj
COMPILER INVOKED BY: D:\Keil5\C51\BIN\C51.EXE source\DHT11.C OPTIMIZE(8,SPEED) BROWSE INCDIR(.\source) DEBUG OBJECTEXTEN
                    -D PRINT(.\DHT11.lst) OBJECT(DHT11.obj)

line level    source

   1          #include <reg51.h>
   2          #include <intrins.h>
   3          #include "DHT11.H"
   4          
   5          uchar  Flag;
   6          uchar  Temp;
   7          uchar  T_data_H,T_data_L,RH_data_H,RH_data_L,Checkdata;
   8          uchar  T_data_H_temp,T_data_L_temp,RH_data_H_temp,RH_data_L_temp,Checkdata_temp;
   9          uchar  Comdata;    
  10          /************************************************************************
  11                                  延时程序
  12          ************************************************************************/
  13          void Delay20ms()                //@11.0592MHz
  14          {
  15   1              unsigned char i, j, k;
  16   1      
  17   1              i = 1;
  18   1              j = 216;
  19   1              k = 35;
  20   1              do
  21   1              {
  22   2                      do
  23   2                      {
  24   3                              while (--k);
  25   3                      } while (--j);
  26   2              } while (--i);
  27   1      }
  28          void Delay_10us()               //@11.0592MHz
  29          {
  30   1              unsigned char i;
  31   1      
  32   1              _nop_();
  33   1              _nop_();
  34   1              _nop_();
  35   1              i = 24;
  36   1              while (--i);
  37   1      }
  38          /*******************************************************************    
  39                                   通讯
  40          *******************************************************************/
  41          void DHT11_REV(void)
  42          {
  43   1         uchar i;
  44   1         for(i=0;i<8;i++)        
  45   1               {
  46   2                  Flag=2;     
  47   2                      while((!DHT11_OUT)&&Flag++);
  48   2                  Delay_10us();
  49   2                      Delay_10us();
  50   2                  Delay_10us();
  51   2                      Delay_10us();
  52   2                      Temp=0;
  53   2                  if(DHT11_OUT)Temp=1;
  54   2                         Flag=2;
C51 COMPILER V9.60.7.0   DHT11                                                             06/15/2026 20:09:28 PAGE 2   

  55   2                      while((DHT11_OUT)&&Flag++);             //超时则跳出for循环               
  56   2                      if(Flag==1)break;                   //判断数据位是0还是1          
  57   2                                                          //如果高电平高过预定0高电平值则数据位为1             
  58   2                         Comdata<<=1;
  59   2                         Comdata|=Temp;        
  60   2                }  
  61   1      }
  62          /********************************************************************
  63                                          温度读取子程序
  64          ********************************************************************/
  65          void RH(void)
  66          {
  67   1        DHT11_OUT=0;
  68   1        Delay20ms();
  69   1        DHT11_OUT=1;
  70   1        Delay_10us();
  71   1        Delay_10us();
  72   1        Delay_10us();
  73   1        Delay_10us(); 
  74   1        Delay_10us();
  75   1        Delay_10us();
  76   1        DHT11_OUT=1;
  77   1        if(!DHT11_OUT)                          
  78   1              {
  79   2                 Flag=2;       
  80   2                 while((!DHT11_OUT)&&Flag++);
  81   2                 Flag=2;
  82   2                 while((DHT11_OUT)&&Flag++);   
  83   2                 DHT11_REV();
  84   2                 RH_data_H_temp=Comdata;
  85   2                 DHT11_REV();
  86   2                 RH_data_L_temp=Comdata;
  87   2                 DHT11_REV();
  88   2                 T_data_H_temp=Comdata;
  89   2                 DHT11_REV();
  90   2                 T_data_L_temp=Comdata;
  91   2                 DHT11_REV();
  92   2                 Checkdata_temp=Comdata;
  93   2                 DHT11_OUT=1;
  94   2                 Temp=(T_data_H_temp+T_data_L_temp+RH_data_H_temp+RH_data_L_temp);
  95   2                 if(Temp==Checkdata_temp)
  96   2                 {
  97   3                        RH_data_H=RH_data_H_temp;
  98   3                        RH_data_L=RH_data_L_temp;
  99   3                        T_data_H=T_data_H_temp;
 100   3                        T_data_L=T_data_L_temp;
 101   3                        Checkdata=Checkdata_temp;
 102   3                 }
 103   2          }
 104   1      }


MODULE INFORMATION:   STATIC OVERLAYABLE
   CODE SIZE        =    199    ----
   CONSTANT SIZE    =   ----    ----
   XDATA SIZE       =   ----    ----
   PDATA SIZE       =   ----    ----
   DATA SIZE        =     13    ----
   IDATA SIZE       =   ----    ----
   BIT SIZE         =   ----    ----
END OF MODULE INFORMATION.


C51 COMPILATION COMPLETE.  0 WARNING(S),  0 ERROR(S)
