C51 COMPILER V9.60.7.0   LCD1602                                                           06/15/2026 20:09:27 PAGE 1   


C51 COMPILER V9.60.7.0, COMPILATION OF MODULE LCD1602
OBJECT MODULE PLACED IN LCD1602.obj
COMPILER INVOKED BY: D:\Keil5\C51\BIN\C51.EXE source\LCD1602.c OPTIMIZE(8,SPEED) BROWSE INCDIR(.\source) DEBUG OBJECTEXT
                    -END PRINT(.\LCD1602.lst) OBJECT(LCD1602.obj)

line level    source

   1          #include <reg52.h>
   2          #include <absacc.h>
   3          #include "LCD1602.h"
   4          
   5          
   6          #define DATABUS P0 //XBYTE[0x7FFF] 
   7          
   8          void delayus(uchar utime)
   9          {
  10   1        uchar i;
  11   1        for(i=utime;i>0;i--);
  12   1      }
  13          
  14          void delayms(uint mtime)
  15          {
  16   1       uint i,j;
  17   1       for(i=mtime;i>0;i--)
  18   1       for(j=0;j<1000;j++);
  19   1      }
  20          
  21          //void Busy_Check()
  22          //{
  23          //  uint temp;
  24          //  DATABUS = 0XFF; 
  25          //  RS = 0;
  26          //  RW = 1;
  27          //  E = 1;
  28          //  do
  29          //  {
  30          //    temp = DATABUS;
  31          //  }
  32          //  while(temp&0X80);
  33          //  E = 0;
  34          //}
  35          
  36          void Write_Command(uchar COM)
  37          {
  38   1        //Busy_Check();
  39   1        E = 0;
  40   1        RS = 0;
  41   1        RW = 0;
  42   1        DATABUS = COM;
  43   1        delayus(5);
  44   1        E = 1;
  45   1        delayus(5);
  46   1        E = 0;
  47   1        delayms(10);
  48   1      }
  49          void Write_Data(uchar WDATA)
  50          {
  51   1        //Busy_Check();
  52   1        E = 0;
  53   1        RS = 1;
  54   1        RW = 0;
C51 COMPILER V9.60.7.0   LCD1602                                                           06/15/2026 20:09:27 PAGE 2   

  55   1        DATABUS = WDATA;
  56   1        delayus(5);
  57   1        E = 1;
  58   1        delayus(5);
  59   1        E = 0;
  60   1        delayms(10);
  61   1      }
  62          
  63          void Write_Char(uchar ad,uchar dat)
  64          {
  65   1        Write_Command(ad);
  66   1        Write_Data(dat);
  67   1      }
  68          
  69          void Write_String(uchar ad,uchar *s)
  70          {
  71   1        Write_Command(ad);
  72   1        while(*s>0)
  73   1        {
  74   2          Write_Data(*s++);
  75   2          delayus(10);
  76   2        }
  77   1      }
  78          
  79          void Lcd_Init(void)
  80          {
  81   1        delayms(100);
  82   1        Write_Command(0x38); 
  83   1        Write_Command(0x0c);
  84   1        Write_Command(0x06);
  85   1        Write_Command(0x01);
  86   1        Write_Command(0x38);
  87   1        delayms(100);
  88   1      }


MODULE INFORMATION:   STATIC OVERLAYABLE
   CODE SIZE        =    183    ----
   CONSTANT SIZE    =   ----    ----
   XDATA SIZE       =   ----    ----
   PDATA SIZE       =   ----    ----
   DATA SIZE        =   ----       3
   IDATA SIZE       =   ----    ----
   BIT SIZE         =   ----    ----
END OF MODULE INFORMATION.


C51 COMPILATION COMPLETE.  0 WARNING(S),  0 ERROR(S)
