C51 COMPILER V9.60.7.0   MIAN                                                              06/15/2026 20:09:25 PAGE 1   


C51 COMPILER V9.60.7.0, COMPILATION OF MODULE MIAN
OBJECT MODULE PLACED IN MIAN.obj
COMPILER INVOKED BY: D:\Keil5\C51\BIN\C51.EXE source\MIAN.C OPTIMIZE(8,SPEED) BROWSE INCDIR(.\source) DEBUG OBJECTEXTEND
                    - PRINT(.\MIAN.lst) OBJECT(MIAN.obj)

line level    source

   1          
   2          #include <reg51.h>
   3          #include "typedef.h"
   4          #include "LCD1602.H"
   5          #include "DHT11.H"
   6          
   7          
   8          void main()
   9          {
  10   1       Lcd_Init();                         
  11   1       while(1)                             
  12   1       {
  13   2          RH();                             
  14   2              Write_String(0x80,"humidity:");   
  15   2              Write_Char(0x89,RH_data_H/10+48); 
  16   2              Write_Char(0x8a,RH_data_H%10+48); 
  17   2              Write_String(0x8b,"%rh");         
  18   2      
  19   2              Write_String(0xc0,"temperature:");
  20   2              Write_Char(0xcc,T_data_H/10+48);  
  21   2              Write_Char(0xcd,T_data_H%10+48);  
  22   2              Write_Char(0xce,0xdf);            
  23   2              Write_Char(0xcf,'C');             
  24   2       }
  25   1      }


MODULE INFORMATION:   STATIC OVERLAYABLE
   CODE SIZE        =    115    ----
   CONSTANT SIZE    =     27    ----
   XDATA SIZE       =   ----    ----
   PDATA SIZE       =   ----    ----
   DATA SIZE        =   ----    ----
   IDATA SIZE       =   ----    ----
   BIT SIZE         =   ----    ----
END OF MODULE INFORMATION.


C51 COMPILATION COMPLETE.  0 WARNING(S),  0 ERROR(S)
