BL51 BANKED LINKER/LOCATER V6.22                                                        05/30/2026  15:26:10  PAGE 1


BL51 BANKED LINKER/LOCATER V6.22, INVOKED BY:
D:\KEIL4\C51\BIN\BL51.EXE STARTUP.obj, Shiyan6.obj TO Shiyan6


MEMORY MODEL: SMALL


INPUT MODULES INCLUDED:
  STARTUP.obj (?C_STARTUP)
  Shiyan6.obj (SHIYAN6)
  D:\KEIL4\C51\LIB\C51S.LIB (?C?CLDOPTR)


LINK MAP OF MODULE:  Shiyan6 (?C_STARTUP)


            TYPE    BASE      LENGTH    RELOCATION   SEGMENT NAME
            -----------------------------------------------------

            * * * * * * *   D A T A   M E M O R Y   * * * * * * *
            REG     0000H     0008H     ABSOLUTE     "REG BANK 0"
            DATA    0008H     0006H     UNIT         _DATA_GROUP_
            DATA    000EH     0004H     UNIT         ?DT?SHIYAN6
            IDATA   0012H     0001H     UNIT         ?STACK

            * * * * * * *   C O D E   M E M O R Y   * * * * * * *
            CODE    0000H     0003H     ABSOLUTE     
                    0003H     07FDH                  *** GAP ***
            CODE    0800H     0240H     UNIT         ?CO?SHIYAN6
            CODE    0A40H     00A1H     UNIT         ?PR?MAIN?SHIYAN6
            CODE    0AE1H     0063H     UNIT         ?PR?_DISP_HZ?SHIYAN6
            CODE    0B44H     002DH     UNIT         ?C?LIB_CODE
            CODE    0B71H     0024H     UNIT         ?PR?_SET_XY?SHIYAN6
            CODE    0B95H     0021H     UNIT         ?PR?LCD_INIT?SHIYAN6
            CODE    0BB6H     0015H     UNIT         ?PR?_DELAYMS?SHIYAN6
            CODE    0BCBH     0015H     UNIT         ?PR?_DELAYUS?SHIYAN6
            CODE    0BE0H     0013H     UNIT         ?PR?_WRITE_CMD?SHIYAN6
            CODE    0BF3H     0013H     UNIT         ?PR?_WRITE_DATA?SHIYAN6
            CODE    0C06H     000CH     UNIT         ?C_C51STARTUP
            CODE    0C12H     0007H     UNIT         ?PR?CHECK_BUSY?SHIYAN6



OVERLAY MAP OF MODULE:   Shiyan6 (?C_STARTUP)


SEGMENT                           DATA_GROUP 
  +--> CALLED SEGMENT           START    LENGTH
-----------------------------------------------
?C_C51STARTUP                   -----    -----
  +--> ?PR?MAIN?SHIYAN6

?PR?MAIN?SHIYAN6                -----    -----
  +--> ?PR?LCD_INIT?SHIYAN6
  +--> ?CO?SHIYAN6
  +--> ?PR?_DISP_HZ?SHIYAN6

?PR?LCD_INIT?SHIYAN6            -----    -----
BL51 BANKED LINKER/LOCATER V6.22                                                      05/30/2026  15:26:10  PAGE 2


  +--> ?PR?_WRITE_CMD?SHIYAN6
  +--> ?PR?_DELAYMS?SHIYAN6

?PR?_WRITE_CMD?SHIYAN6          -----    -----
  +--> ?PR?_DELAYUS?SHIYAN6

?PR?_DISP_HZ?SHIYAN6            0008H    0006H
  +--> ?PR?_SET_XY?SHIYAN6
  +--> ?PR?_WRITE_DATA?SHIYAN6

?PR?_SET_XY?SHIYAN6             -----    -----
  +--> ?PR?_WRITE_CMD?SHIYAN6

?PR?_WRITE_DATA?SHIYAN6         -----    -----
  +--> ?PR?_DELAYUS?SHIYAN6



SYMBOL TABLE OF MODULE:  Shiyan6 (?C_STARTUP)

  VALUE           TYPE          NAME
  ----------------------------------

  -------         MODULE        ?C_STARTUP
  C:0C06H         SEGMENT       ?C_C51STARTUP
  I:0012H         SEGMENT       ?STACK
  C:0000H         PUBLIC        ?C_STARTUP
  D:00E0H         SYMBOL        ACC
  D:00F0H         SYMBOL        B
  D:0083H         SYMBOL        DPH
  D:0082H         SYMBOL        DPL
  N:0000H         SYMBOL        IBPSTACK
  N:0100H         SYMBOL        IBPSTACKTOP
  N:0080H         SYMBOL        IDATALEN
  C:0C09H         SYMBOL        IDATALOOP
  N:0000H         SYMBOL        PBPSTACK
  N:0100H         SYMBOL        PBPSTACKTOP
  N:0000H         SYMBOL        PDATALEN
  N:0000H         SYMBOL        PDATASTART
  N:0000H         SYMBOL        PPAGE
  N:0000H         SYMBOL        PPAGEENABLE
  D:00A0H         SYMBOL        PPAGE_SFR
  D:0081H         SYMBOL        SP
  C:0C06H         SYMBOL        STARTUP1
  N:0000H         SYMBOL        XBPSTACK
  N:0000H         SYMBOL        XBPSTACKTOP
  N:0000H         SYMBOL        XDATALEN
  N:0000H         SYMBOL        XDATASTART
  C:0000H         LINE#         126
  C:0C06H         LINE#         133
  C:0C08H         LINE#         134
  C:0C09H         LINE#         135
  C:0C0AH         LINE#         136
  C:0C0CH         LINE#         185
  C:0C0FH         LINE#         196
  -------         ENDMOD        ?C_STARTUP

BL51 BANKED LINKER/LOCATER V6.22                                                      05/30/2026  15:26:10  PAGE 3


  -------         MODULE        SHIYAN6
  C:0000H         SYMBOL        _ICE_DUMMY_
  D:0080H         PUBLIC        P0
  D:0090H         PUBLIC        P1
  D:00A0H         PUBLIC        P2
  D:00B0H         PUBLIC        P3
  C:0C12H         PUBLIC        Check_busy
  D:00A8H         PUBLIC        IE
  D:00B8H         PUBLIC        IP
  C:0B71H         PUBLIC        _set_xy
  B:00A0H.4       PUBLIC        RS
  C:0A40H         PUBLIC        main
  B:00A0H.3       PUBLIC        RW
  C:0BF3H         PUBLIC        _write_data
  D:0098H         PUBLIC        SCON
  D:0088H         PUBLIC        TCON
  C:0BE0H         PUBLIC        _write_cmd
  B:00A0H.2       PUBLIC        E
  B:00A0H.5       PUBLIC        CS1
  B:00A0H.6       PUBLIC        CS2
  C:0B95H         PUBLIC        LCD_Init
  C:0BB6H         PUBLIC        _Delayms
  C:0AE1H         PUBLIC        _Disp_hz
  C:0BCBH         PUBLIC        _Delayus
  C:0800H         PUBLIC        a
  D:00C8H         PUBLIC        T2CON
  D:000EH         PUBLIC        i
  D:0010H         PUBLIC        j
  B:00A0H.0       PUBLIC        RST
  D:00D0H         PUBLIC        PSW
  -------         PROC          _DELAYMS
  D:0006H         SYMBOL        xms
  -------         DO            
  D:0005H         SYMBOL        i
  D:0004H         SYMBOL        j
  -------         ENDDO         
  C:0BB6H         LINE#         37
  C:0BB6H         LINE#         38
  C:0BB6H         LINE#         40
  C:0BC0H         LINE#         41
  C:0BC0H         LINE#         42
  C:0BC2H         LINE#         43
  C:0BC4H         LINE#         45
  C:0BC4H         LINE#         46
  C:0BC6H         LINE#         47
  C:0BC8H         LINE#         48
  C:0BCAH         LINE#         49
  -------         ENDPROC       _DELAYMS
  -------         PROC          _DELAYUS
  D:0006H         SYMBOL        xms
  -------         DO            
  D:0005H         SYMBOL        i
  D:0004H         SYMBOL        j
  -------         ENDDO         
  C:0BCBH         LINE#         50
  C:0BCBH         LINE#         51
  C:0BCBH         LINE#         53
BL51 BANKED LINKER/LOCATER V6.22                                                      05/30/2026  15:26:10  PAGE 4


  C:0BD5H         LINE#         54
  C:0BD5H         LINE#         55
  C:0BD7H         LINE#         56
  C:0BD9H         LINE#         58
  C:0BD9H         LINE#         59
  C:0BDBH         LINE#         60
  C:0BDDH         LINE#         61
  C:0BDFH         LINE#         62
  -------         ENDPROC       _DELAYUS
  -------         PROC          CHECK_BUSY
  C:0C12H         LINE#         63
  C:0C12H         LINE#         64
  C:0C12H         LINE#         65
  -------         ENDPROC       CHECK_BUSY
  -------         PROC          _WRITE_CMD
  D:0007H         SYMBOL        cmd
  C:0BE0H         LINE#         68
  C:0BE0H         LINE#         69
  C:0BE0H         LINE#         70
  C:0BE2H         LINE#         71
  C:0BE4H         LINE#         73
  C:0BE6H         LINE#         75
  C:0BE8H         LINE#         76
  C:0BE9H         LINE#         77
  C:0BEAH         LINE#         78
  C:0BECH         LINE#         80
  -------         ENDPROC       _WRITE_CMD
  -------         PROC          _WRITE_DATA
  D:0007H         SYMBOL        dat
  C:0BF3H         LINE#         83
  C:0BF3H         LINE#         84
  C:0BF3H         LINE#         85
  C:0BF5H         LINE#         86
  C:0BF7H         LINE#         88
  C:0BF9H         LINE#         90
  C:0BFBH         LINE#         91
  C:0BFCH         LINE#         92
  C:0BFDH         LINE#         93
  C:0BFFH         LINE#         95
  -------         ENDPROC       _WRITE_DATA
  -------         PROC          LCD_INIT
  C:0B95H         LINE#         98
  C:0B95H         LINE#         99
  C:0B95H         LINE#         100
  C:0B97H         LINE#         102
  C:0B99H         LINE#         103
  C:0B9BH         LINE#         105
  C:0BA0H         LINE#         106
  C:0BA5H         LINE#         107
  C:0BAAH         LINE#         108
  C:0BAFH         LINE#         110
  -------         ENDPROC       LCD_INIT
  -------         PROC          _SET_XY
  D:0007H         SYMBOL        page
  D:0003H         SYMBOL        col
  C:0B71H         LINE#         113
  C:0B73H         LINE#         114
BL51 BANKED LINKER/LOCATER V6.22                                                      05/30/2026  15:26:10  PAGE 5


  C:0B73H         LINE#         115
  C:0B79H         LINE#         116
  C:0B79H         LINE#         117
  C:0B7BH         LINE#         118
  C:0B7DH         LINE#         119
  C:0B7FH         LINE#         121
  C:0B7FH         LINE#         122
  C:0B81H         LINE#         123
  C:0B83H         LINE#         124
  C:0B87H         LINE#         125
  C:0B87H         LINE#         127
  C:0B8EH         LINE#         128
  -------         ENDPROC       _SET_XY
  -------         PROC          _DISP_HZ
  D:0008H         SYMBOL        page
  D:0009H         SYMBOL        col
  D:000AH         SYMBOL        p
  -------         DO            
  D:000DH         SYMBOL        i
  -------         ENDDO         
  C:0AE1H         LINE#         131
  C:0AEBH         LINE#         132
  C:0AEBH         LINE#         135
  C:0AEEH         LINE#         136
  C:0AEEH         LINE#         137
  C:0AF8H         LINE#         138
  C:0B0BH         LINE#         139
  C:0B14H         LINE#         141
  C:0B17H         LINE#         142
  C:0B17H         LINE#         143
  C:0B23H         LINE#         144
  C:0B3AH         LINE#         145
  C:0B43H         LINE#         146
  -------         ENDPROC       _DISP_HZ
  -------         PROC          MAIN
  C:0A40H         LINE#         148
  C:0A40H         LINE#         149
  C:0A40H         LINE#         150
  C:0A43H         LINE#         153
  C:0A48H         LINE#         154
  C:0A48H         LINE#         155
  C:0A69H         LINE#         156
  C:0A7CH         LINE#         159
  C:0A89H         LINE#         160
  C:0A96H         LINE#         161
  C:0AA3H         LINE#         162
  C:0AA9H         LINE#         163
  C:0AA9H         LINE#         164
  C:0ACCH         LINE#         165
  C:0ADFH         LINE#         167
  -------         ENDPROC       MAIN
  -------         ENDMOD        SHIYAN6

  -------         MODULE        ?C?CLDOPTR
  C:0B44H         PUBLIC        ?C?CLDOPTR
  -------         ENDMOD        ?C?CLDOPTR

BL51 BANKED LINKER/LOCATER V6.22                                                      05/30/2026  15:26:10  PAGE 6


*** WARNING L16: UNCALLED SEGMENT, IGNORED FOR OVERLAY PROCESS
    SEGMENT: ?PR?CHECK_BUSY?SHIYAN6

******************************************************************************
* RESTRICTED VERSION WITH 0800H BYTE CODE SIZE LIMIT; USED: 03EFH BYTE (49%) *
******************************************************************************

Program Size: data=19.0 xdata=0 code=1052
LINK/LOCATE RUN COMPLETE.  1 WARNING(S),  0 ERROR(S)
