C51 COMPILER V9.02   SHIYAN6                                                               05/30/2026 15:26:10 PAGE 1   


C51 COMPILER V9.02, COMPILATION OF MODULE SHIYAN6
OBJECT MODULE PLACED IN Shiyan6.OBJ
COMPILER INVOKED BY: D:\Keil4\C51\BIN\C51.EXE Shiyan6.c BROWSE DEBUG OBJECTEXTEND

line level    source

   1          #include <reg52.h>
   2          #include <INTRINS.H>
   3          #define uchar unsigned char
   4          #define uint unsigned int
   5          
   6          int i,j;
   7          const uchar code a[][32]=
   8                  {
   9                  0x00,0x00,0xC0,0x38,0xE0,0x00,0x00,0x00,0x00,0x00,0x00,0x00,0x00,0x00,0x00,0x00,0x20,0x3C,0x23,0x02,0x02,
             -0x27,0x38,0x20,0x00,0x00,0x00,0x00,0x00,0x00,0x00,0x00,
  10                  0x18,0x08,0x08,0xF8,0x08,0x08,0x18,0x00,0x00,0x00,0x00,0x00,0x00,0x00,0x00,0x00,0x00,0x00,0x20,0x3F,0x20,
             -0x00,0x00,0x00,0x00,0x00,0x00,0x00,0x00,0x00,0x00,0x00,
  11                  0x00,0x70,0x88,0x08,0x08,0x88,0x70,0x00,0x00,0x00,0x00,0x00,0x00,0x00,0x00,0x00,0x00,0x1C,0x22,0x21,0x21,
             -0x22,0x1C,0x00,0x00,0x00,0x00,0x00,0x00,0x00,0x00,0x00,       
  12                  0x00,0xF0,0x08,0x08,0x08,0x10,0xE0,0x00,0x00,0x00,0x00,0x00,0x00,0x00,0x00,0x00,0x00,0x01,0x12,0x22,0x22,
             -0x11,0x0F,0x00,0x00,0x00,0x00,0x00,0x00,0x00,0x00,0x00,               
  13                  0xC0,0x30,0x08,0x08,0x08,0x08,0x38,0x00,0x00,0x00,0x00,0x00,0x00,0x00,0x00,0x00,0x07,0x18,0x20,0x20,0x20,
             -0x10,0x08,0x00,0x00,0x00,0x00,0x00,0x00,0x00,0x00,0x00,
  14                  0x00,0xF8,0x88,0x88,0x88,0x08,0x08,0x00,0x00,0x00,0x00,0x00,0x00,0x00,0x00,0x00,0x00,0x19,0x20,0x20,0x20,
             -0x11,0x0E,0x00,0x00,0x00,0x00,0x00,0x00,0x00,0x00,0x00,
  15                  0x00,0x00,0x10,0x10,0xF8,0x00,0x00,0x00,0x00,0x00,0x00,0x00,0x00,0x00,0x00,0x00,0x00,0x00,0x20,0x20,0x3F,
             -0x20,0x20,0x00,0x00,0x00,0x00,0x00,0x00,0x00,0x00,0x00,       
  16                  0x00,0x00,0xF8,0x49,0x4A,0x4C,0x48,0xF8,0x48,0x4C,0x4A,0x49,0xFC,0x08,0x00,0x00,0x10,0x10,0x17,0x12,0x12,
             -0x12,0x12,0xFF,0x12,0x12,0x12,0x12,0x13,0x18,0x10,0x00,
  17                  0x00,0x00,0x00,0xFE,0x20,0x20,0x20,0x20,0x20,0x3F,0x20,0x20,0x20,0x20,0x00,0x00,0x00,0x80,0x60,0x1F,0x02,
             -0x02,0x02,0x02,0x02,0x02,0xFE,0x00,0x00,0x00,0x00,0x00,
  18                  0x10,0x10,0xD0,0xFF,0x90,0x10,0x00,0xFE,0x02,0x02,0x02,0xFE,0x00,0x00,0x00,0x00,0x04,0x03,0x00,0xFF,0x00,
             -0x83,0x60,0x1F,0x00,0x00,0x00,0x3F,0x40,0x40,0x78,0x00,
  19                  0x08,0x04,0x93,0x92,0x96,0x9A,0x92,0xFA,0x94,0x93,0x92,0x96,0xFA,0x02,0x02,0x00,0x40,0x40,0x47,0x24,0x24,
             -0x14,0x0C,0xFF,0x04,0x04,0x24,0x44,0x24,0x1C,0x00,0x00,               
  20                  0x20,0x20,0x20,0x20,0x20,0x20,0x21,0x22,0x2C,0x20,0x20,0x20,0x20,0x20,0x20,0x00,0x00,0x40,0x20,0x10,0x0C,
             -0x03,0x00,0x00,0x00,0x01,0x02,0x04,0x18,0x60,0x00,0x00,
  21                  0x00,0x02,0x0C,0x80,0x60,0x80,0x40,0x30,0x0F,0xC8,0x08,0x08,0x28,0x18,0x00,0x00,0x02,0x02,0x7E,0x01,0x80,
             -0x40,0x20,0x18,0x06,0x01,0x06,0x18,0x20,0x40,0x80,0x00,
  22                  0x10,0x0C,0x04,0x84,0x14,0x64,0x05,0x06,0xF4,0x04,0x04,0x04,0x04,0x14,0x0C,0x00,0x04,0x84,0x84,0x44,0x47,
             -0x24,0x14,0x0C,0x07,0x0C,0x14,0x24,0x44,0x84,0x04,0x00,
  23                  0x02,0xFA,0x82,0x82,0xFE,0x80,0x40,0x20,0x50,0x4C,0x43,0x4C,0x50,0x20,0x40,0x00,0x08,0x18,0x48,0x84,0x44,
             -0x3F,0x40,0x44,0x58,0x41,0x4E,0x60,0x58,0x47,0x40,0x00,
  24                  0x40,0x40,0x42,0xCC,0x00,0x80,0x88,0x88,0xFF,0x88,0x88,0xFF,0x88,0x88,0x80,0x00,0x00,0x40,0x20,0x1F,0x20,
             -0x40,0x50,0x4C,0x43,0x40,0x40,0x5F,0x40,0x40,0x40,0x00,
  25                  0x00,0x10,0x88,0xC4,0x33,0x00,0x40,0x42,0x42,0x42,0xC2,0x42,0x42,0x42,0x40,0x00,0x02,0x01,0x00,0xFF,0x00,
             -0x00,0x00,0x00,0x40,0x80,0x7F,0x00,0x00,0x00,0x00,0x00,
  26                  0x00,0x00,0xF0,0x10,0x10,0x10,0x10,0xFF,0x10,0x10,0x10,0x10,0xF0,0x00,0x00,0x00,0x00,0x00,0x0F,0x04,0x04,
             -0x04,0x04,0xFF,0x04,0x04,0x04,0x04,0x0F,0x00,0x00,0x00
  27                  };
  28                  
  29          sbit RST=P2^0;
  30          sbit E=P2^2;
  31          sbit RW=P2^3;
  32          sbit RS=P2^4;
  33          sbit CS1=P2^5;
  34          sbit CS2=P2^6;
  35          
  36          
  37          void Delayms(unsigned int xms)
C51 COMPILER V9.02   SHIYAN6                                                               05/30/2026 15:26:10 PAGE 2   

  38          {
  39   1          unsigned char i, j;
  40   1          while (xms--)
  41   1          {
  42   2              i = 2;
  43   2              j = 239;
  44   2              do
  45   2              {
  46   3                  while (--j);
  47   3              } while (--i);
  48   2          }
  49   1      }
  50          void Delayus(unsigned int xms)
  51          {
  52   1          unsigned char i, j;
  53   1          while (xms--)
  54   1          {
  55   2              i = 2;
  56   2              j = 24;
  57   2              do
  58   2              {
  59   3                  while (--j);
  60   3              } while (--i);
  61   2          }
  62   1      }
  63          void Check_busy()
  64          {
  65   1          Delayus(20);
  66   1      }
  67          
  68          void write_cmd(uchar cmd)
  69          {
  70   1          RS=0;
  71   1          RW=0;
  72   1      
  73   1          P0=cmd;
  74   1      
  75   1          E=1;
  76   1          _nop_();
  77   1          _nop_();
  78   1          E=0;
  79   1      
  80   1          Delayus(20);
  81   1      }
  82          
  83          void write_data(uchar dat)
  84          {
  85   1          RS=1;
  86   1          RW=0;
  87   1      
  88   1          P0=dat;
  89   1      
  90   1          E=1;
  91   1          _nop_();
  92   1          _nop_();
  93   1          E=0;
  94   1      
  95   1          Delayus(20);
  96   1      }
  97          
  98          void LCD_Init()
  99          {
C51 COMPILER V9.02   SHIYAN6                                                               05/30/2026 15:26:10 PAGE 3   

 100   1          RST=1;
 101   1      
 102   1          CS1=1;
 103   1          CS2=1;
 104   1      
 105   1          write_cmd(0x3F);
 106   1          write_cmd(0xC0);
 107   1          write_cmd(0xB8);
 108   1          write_cmd(0x40);
 109   1      
 110   1          Delayms(20);
 111   1      }
 112          
 113          void set_xy(uchar page,uchar col)
 114          {
 115   1          if(col<64)
 116   1          {
 117   2              CS1=0;
 118   2              CS2=1;
 119   2          }
 120   1          else
 121   1          {
 122   2              CS1=1;
 123   2              CS2=0;
 124   2              col-=64;
 125   2          }
 126   1      
 127   1          write_cmd(0xB8+page);
 128   1          write_cmd(0x40+col);
 129   1      }
 130          
 131          void Disp_hz(uchar page,uchar col,uchar *p)
 132          {
 133   1          uchar i;
 134   1      
 135   1          for(i=0;i<16;i++)
 136   1          {
 137   2              set_xy(page,col+i);
 138   2              write_data(p[i]);
 139   2          }
 140   1      
 141   1          for(i=0;i<16;i++)
 142   1          {
 143   2              set_xy(page+1,col+i);
 144   2              write_data(p[i+16]);
 145   2          }
 146   1      }
 147          
 148          void main()
 149          {
 150   1          LCD_Init();
 151   1      
 152   1          // 第一行：只写 AT89C51（a[0]~a[6]），不写“单”
 153   1          for(i=0;i<7;i++)
 154   1          {
 155   2              Disp_hz(0,i*16,(uchar *)a[i]);
 156   2          }
 157   1      
 158   1          // 第二行：先写“单”，再写“片机第六次实验”
 159   1          Disp_hz(2,0*16,(uchar *)a[7]);  // 单
 160   1          Disp_hz(2,1*16,(uchar *)a[8]);  // 片
 161   1          Disp_hz(2,2*16,(uchar *)a[9]);  // 机
C51 COMPILER V9.02   SHIYAN6                                                               05/30/2026 15:26:10 PAGE 4   

 162   1          for(i=10;i<=14;i++)               // 第六次实验
 163   1          {
 164   2              Disp_hz(2,(i-7)*16,(uchar *)a[i]);
 165   2          }
 166   1      
 167   1          while(1);
 168   1      }


MODULE INFORMATION:   STATIC OVERLAYABLE
   CODE SIZE        =    416    ----
   CONSTANT SIZE    =    576    ----
   XDATA SIZE       =   ----    ----
   PDATA SIZE       =   ----    ----
   DATA SIZE        =      4       6
   IDATA SIZE       =   ----    ----
   BIT SIZE         =   ----    ----
END OF MODULE INFORMATION.


C51 COMPILATION COMPLETE.  0 WARNING(S),  0 ERROR(S)
