Microsoft (R) Macro Assembler Version 6.11		    03/26/25 20:31:25
tempfile.asm						     Page 1 - 1


 0000				DATAS SEGMENT ; 数据段开始
 0000 72 61 6E 64 6F 6D		    MSG DB 'random',13,10,'$' ; 提示信息，告知用户将生成一个1~9的随机数
       0D 0A 24
 0009				DATAS ENDS ; 数据段结束

 0000				STACKS SEGMENT stack ; 栈段开始
 0000  0008 [			    DW 8 DUP (0) ; 分配16字节的栈空间
        0000
       ]
 0010				STACKS ENDS ; 栈段结束

 0000				CODES SEGMENT ; 代码段开始
				    ASSUME CS:CODES, DS:DATAS, SS:STACKS ; 设置段寄存器的假设

 0000				MAIN:
 0000  B8 ---- R		    MOV AX, DATAS ; 将数据段地址加载到AX寄存器
 0003  8E D8			    MOV DS, AX ; 将AX寄存器的值赋给DS寄存器，设置数据段
 0005  B8 ---- R		    MOV AX, STACKS ; 将栈段地址加载到AX寄存器
 0008  8E D0			    MOV SS, AX ; 将AX寄存器的值赋给SS寄存器，设置栈段

 000A  33 C0			    XOR AX, AX ; 清零AX寄存器
 000C  8E C0			    MOV ES, AX ; 将ES寄存器指向中断向量表所在的段地址
 000E  BB 0218			    MOV BX, 0218H ; 计算中断号为INT 86H的中断子程序首物理地址
 0011  8D 06 002C R		    LEA AX, RANDOM ; 获取中断子程序的偏移地址
 0015  26: 89 07		    MOV ES:WORD PTR[BX], AX ; 将中断子程序的偏移地址写入中断向量表
 0018  8C C8			    MOV AX, CS ; 获取中断子程序的段地址
 001A  26: 89 47 02		    MOV ES:WORD PTR[BX+2], AX ; 将中断子程序的段地址写入中断向量表

				    ; 输出提示字符串MSG
 001E  B4 09			    MOV AH, 09H ; 设置AH寄存器为09H，准备使用INT 21H中断显示字符串
 0020  8D 16 0000 R		    LEA DX, MSG ; 将MSG的偏移地址加载到DX寄存器
 0024  CD 21			    INT 21H ; 调用中断，显示字符串

				    ; 调用中断INT 86H，使程序通过中断向量表指向中断子程序RANDOM
 0026  CD 86			    INT 86H ; 触发中断，执行RANDOM中断服务程序

				    ; 退出程序的中断
 0028  B4 4C			    MOV AH, 4CH ; 设置AH寄存器为4CH，准备退出程序
 002A  CD 21			    INT 21H ; 调用中断，退出程序

 002C				RANDOM:
 002C  B4 00			    MOV AH, 00H ; 设置INT 1AH的功能号为00H，读取系统时钟计数器
 002E  CD 1A			    INT 1AH ; 读取时钟计数器值，CX:DX存储计数器值，CX为高位，DX为低位
 0030  8B C2			    MOV AX, DX ; 将DX（时钟计数器的低16位）的值存入AX作为除法的低八位
 0032  33 D2			    XOR DX, DX ; 将DX置零，作为除法的高八位
 0034  B9 0009			    MOV CX, 09H ; 将9存入CX，作为除数
 0037  F7 F1			    DIV CX ; 除以9获得0-8的随机数
 0039  FE C2			    INC DL ; 使DL自增1，从而得到1~9的随机数
 003B  80 C2 30			    ADD DL, 30H ; 将余数转换为ASCII码
 003E  B4 02			    MOV AH, 2 ; 设置AH寄存器为2，准备使用INT 21H中断显示字符
 0040  CD 21			    INT 21H ; 调用中断，显示随机数字符
 0042  CF			    IRET ; 中断返回

 0043				CODES ENDS
				    END MAIN ; 指定程序入口

Microsoft (R) Macro Assembler Version 6.11		    03/26/25 20:31:25
tempfile.asm						     Symbols 2 - 1




Segments and Groups:

                N a m e                 Size     Length   Align   Combine Class

CODES  . . . . . . . . . . . . .	16 Bit	 0043	  Para	  Private 
DATAS  . . . . . . . . . . . . .	16 Bit	 0009	  Para	  Private 
STACKS . . . . . . . . . . . . .	16 Bit	 0010	  Para	  Stack	  


Symbols:

                N a m e                 Type     Value    Attr

MAIN . . . . . . . . . . . . . .	L Near	 0000	  CODES	
MSG  . . . . . . . . . . . . . .	Byte	 0000	  DATAS	
RANDOM . . . . . . . . . . . . .	L Near	 002C	  CODES	

	   0 Warnings
	   0 Errors
