BL51 BANKED LINKER/LOCATER V6.22                                                        05/23/2026  15:12:54  PAGE 1


BL51 BANKED LINKER/LOCATER V6.22, INVOKED BY:
D:\KEIL4\C51\BIN\BL51.EXE STARTUP.obj, Shiyan4_1.obj TO Shiyan4(1) RAMSIZE (256)


MEMORY MODEL: SMALL


INPUT MODULES INCLUDED:
  STARTUP.obj (?C_STARTUP)
  Shiyan4_1.obj (SHIYAN4_1)
  D:\KEIL4\C51\LIB\C51S.LIB (?C?COPY)


LINK MAP OF MODULE:  Shiyan4(1) (?C_STARTUP)


            TYPE    BASE      LENGTH    RELOCATION   SEGMENT NAME
            -----------------------------------------------------

            * * * * * * *   D A T A   M E M O R Y   * * * * * * *
            REG     0000H     0008H     ABSOLUTE     "REG BANK 0"
            DATA    0008H     0008H     UNIT         _DATA_GROUP_
            IDATA   0010H     0001H     UNIT         ?STACK

            * * * * * * *   C O D E   M E M O R Y   * * * * * * *
            CODE    0000H     0003H     ABSOLUTE     
                    0003H     07FDH                  *** GAP ***
            CODE    0800H     00F6H     UNIT         ?C?LIB_CODE
            CODE    08F6H     0033H     UNIT         ?PR?MAIN?SHIYAN4_1
            CODE    0929H     0020H     UNIT         ?PR?_DELAY_MS?SHIYAN4_1
            CODE    0949H     0013H     UNIT         ?CO?SHIYAN4_1
            CODE    095CH     000CH     UNIT         ?C_C51STARTUP



OVERLAY MAP OF MODULE:   Shiyan4(1) (?C_STARTUP)


SEGMENT                           DATA_GROUP 
  +--> CALLED SEGMENT           START    LENGTH
-----------------------------------------------
?C_C51STARTUP                   -----    -----
  +--> ?PR?MAIN?SHIYAN4_1

?PR?MAIN?SHIYAN4_1              0008H    0008H
  +--> ?CO?SHIYAN4_1
  +--> ?PR?_DELAY_MS?SHIYAN4_1



SYMBOL TABLE OF MODULE:  Shiyan4(1) (?C_STARTUP)

  VALUE           TYPE          NAME
  ----------------------------------

  -------         MODULE        ?C_STARTUP
  C:095CH         SEGMENT       ?C_C51STARTUP
  I:0010H         SEGMENT       ?STACK
BL51 BANKED LINKER/LOCATER V6.22                                                      05/23/2026  15:12:54  PAGE 2


  C:0000H         PUBLIC        ?C_STARTUP
  D:00E0H         SYMBOL        ACC
  D:00F0H         SYMBOL        B
  D:0083H         SYMBOL        DPH
  D:0082H         SYMBOL        DPL
  N:0000H         SYMBOL        IBPSTACK
  N:0100H         SYMBOL        IBPSTACKTOP
  N:0080H         SYMBOL        IDATALEN
  C:095FH         SYMBOL        IDATALOOP
  N:0000H         SYMBOL        PBPSTACK
  N:0100H         SYMBOL        PBPSTACKTOP
  N:0000H         SYMBOL        PDATALEN
  N:0000H         SYMBOL        PDATASTART
  N:0000H         SYMBOL        PPAGE
  N:0000H         SYMBOL        PPAGEENABLE
  D:00A0H         SYMBOL        PPAGE_SFR
  D:0081H         SYMBOL        SP
  C:095CH         SYMBOL        STARTUP1
  N:0000H         SYMBOL        XBPSTACK
  N:0000H         SYMBOL        XBPSTACKTOP
  N:0000H         SYMBOL        XDATALEN
  N:0000H         SYMBOL        XDATASTART
  C:0000H         LINE#         126
  C:095CH         LINE#         133
  C:095EH         LINE#         134
  C:095FH         LINE#         135
  C:0960H         LINE#         136
  C:0962H         LINE#         185
  C:0965H         LINE#         196
  -------         ENDMOD        ?C_STARTUP

  -------         MODULE        SHIYAN4_1
  C:0000H         SYMBOL        _ICE_DUMMY_
  D:0080H         PUBLIC        P0
  D:0090H         PUBLIC        P1
  D:00A0H         PUBLIC        P2
  D:00B0H         PUBLIC        P3
  D:00A8H         PUBLIC        IE
  D:00B8H         PUBLIC        IP
  C:08F6H         PUBLIC        main
  C:0929H         PUBLIC        _Delay_ms
  D:0098H         PUBLIC        SCON
  D:0088H         PUBLIC        TCON
  C:0949H         PUBLIC        dis_code
  C:0954H         SYMBOL        _?ix1000
  D:00C8H         PUBLIC        T2CON
  D:00D0H         PUBLIC        PSW
  -------         PROC          _DELAY_MS
  D:0006H         SYMBOL        ms
  -------         DO            
  D:0004H         SYMBOL        i
  D:0002H         SYMBOL        j
  -------         ENDDO         
  C:0929H         LINE#         8
  C:0929H         LINE#         10
  C:0933H         LINE#         11
  C:0941H         LINE#         12
BL51 BANKED LINKER/LOCATER V6.22                                                      05/23/2026  15:12:54  PAGE 3


  C:0948H         LINE#         13
  -------         ENDPROC       _DELAY_MS
  -------         PROC          MAIN
  -------         DO            
  D:0001H         SYMBOL        i
  D:0008H         SYMBOL        pos_code
  -------         ENDDO         
  C:08F6H         LINE#         15
  C:08F6H         LINE#         17
  C:0909H         LINE#         21
  C:0909H         LINE#         23
  C:090BH         LINE#         25
  C:090EH         LINE#         26
  C:0915H         LINE#         27
  C:091CH         LINE#         28
  C:0923H         LINE#         29
  -------         ENDPROC       MAIN
  -------         ENDMOD        SHIYAN4_1

  -------         MODULE        ?C?COPY
  C:08D0H         PUBLIC        ?C?COPY
  -------         ENDMOD        ?C?COPY

******************************************************************************
* RESTRICTED VERSION WITH 0800H BYTE CODE SIZE LIMIT; USED: 0075H BYTE ( 5%) *
******************************************************************************

Program Size: data=17.0 xdata=0 code=363
LINK/LOCATE RUN COMPLETE.  0 WARNING(S),  0 ERROR(S)
