C51 COMPILER V9.02   SHIYAN4                                                               05/23/2026 15:33:58 PAGE 1   


C51 COMPILER V9.02, COMPILATION OF MODULE SHIYAN4
OBJECT MODULE PLACED IN Shiyan4.OBJ
COMPILER INVOKED BY: D:\Keil4\C51\BIN\C51.EXE Shiyan4.c BROWSE DEBUG OBJECTEXTEND

line level    source

   1          #include <reg52.h>
   2          
   3          code unsigned char dis_code[] = {
   4              0xc0, 0xf9, 0xa4, 0xb0, 0xb0, 0x92, 0x82, 0xf8, 0x80, 0x90, 0xff
   5          }; 
   6          
   7          
   8          void Delay_ms(unsigned int ms) {
   9   1          unsigned int i, j;
  10   1          for (i = 0; i < ms; i++) {
  11   2              for (j = 0; j < 120; j++); 
  12   2          }
  13   1      }
  14          
  15          void main() {
  16   1          unsigned char i;
  17   1          unsigned char pos_code[] = {
  18   1              ~0x01, ~0x02, ~0x04, ~0x08, ~0x10, ~0x20, ~0x40, ~0x80
  19   1          };
  20   1      
  21   1          while (1) {
  22   2              
  23   2              for (i = 0; i < 8; i++) {
  24   3                  
  25   3                  P0 = 0xFF; 
  26   3                  P2 = pos_code[i];
  27   3                  P0 = dis_code[i + 1];
  28   3                  Delay_ms(1); 
  29   3              }
  30   2          }
  31   1      }


MODULE INFORMATION:   STATIC OVERLAYABLE
   CODE SIZE        =     83    ----
   CONSTANT SIZE    =     19    ----
   XDATA SIZE       =   ----    ----
   PDATA SIZE       =   ----    ----
   DATA SIZE        =   ----       8
   IDATA SIZE       =   ----    ----
   BIT SIZE         =   ----    ----
END OF MODULE INFORMATION.


C51 COMPILATION COMPLETE.  0 WARNING(S),  0 ERROR(S)
