BL51 BANKED LINKER/LOCATER V6.22                                                        05/30/2025  16:46:54  PAGE 1


BL51 BANKED LINKER/LOCATER V6.22, INVOKED BY:
C:\KEIL\C51\BIN\BL51.EXE STARTUP.obj, shiyan7.obj TO shiyan7


MEMORY MODEL: SMALL


INPUT MODULES INCLUDED:
  STARTUP.obj (?C_STARTUP)
  shiyan7.obj (SHIYAN7)
  C:\KEIL\C51\LIB\C51S.LIB (?C?UIDIV)


LINK MAP OF MODULE:  shiyan7 (?C_STARTUP)


            TYPE    BASE      LENGTH    RELOCATION   SEGMENT NAME
            -----------------------------------------------------

            * * * * * * *   D A T A   M E M O R Y   * * * * * * *
            REG     0000H     0008H     ABSOLUTE     "REG BANK 0"
            DATA    0008H     0006H     UNIT         _DATA_GROUP_
            IDATA   000EH     0001H     UNIT         ?STACK

            * * * * * * *   C O D E   M E M O R Y   * * * * * * *
            CODE    0000H     0003H     ABSOLUTE     
                    0003H     0008H                  *** GAP ***
            CODE    000BH     0003H     ABSOLUTE     
                    000EH     07F2H                  *** GAP ***
            CODE    0800H     009BH     UNIT         ?PR?MAIN?SHIYAN7
            CODE    089BH     0055H     UNIT         ?C?LIB_CODE
            CODE    08F0H     001FH     UNIT         ?PR?_DELAY?SHIYAN7
            CODE    090FH     000FH     UNIT         ?CO?SHIYAN7
            CODE    091EH     000CH     UNIT         ?C_C51STARTUP
            CODE    092AH     0003H     UNIT         ?PR?TIMER0_INT?SHIYAN7



OVERLAY MAP OF MODULE:   shiyan7 (?C_STARTUP)


SEGMENT                          DATA_GROUP 
  +--> CALLED SEGMENT          START    LENGTH
----------------------------------------------
?C_C51STARTUP                  -----    -----
  +--> ?PR?MAIN?SHIYAN7

?PR?MAIN?SHIYAN7               0008H    0006H
  +--> ?CO?SHIYAN7
  +--> ?PR?_DELAY?SHIYAN7



SYMBOL TABLE OF MODULE:  shiyan7 (?C_STARTUP)

  VALUE           TYPE          NAME
  ----------------------------------

BL51 BANKED LINKER/LOCATER V6.22                                                      05/30/2025  16:46:54  PAGE 2


  -------         MODULE        ?C_STARTUP
  C:091EH         SEGMENT       ?C_C51STARTUP
  I:000EH         SEGMENT       ?STACK
  C:0000H         PUBLIC        ?C_STARTUP
  D:00E0H         SYMBOL        ACC
  D:00F0H         SYMBOL        B
  D:0083H         SYMBOL        DPH
  D:0082H         SYMBOL        DPL
  N:0000H         SYMBOL        IBPSTACK
  N:0100H         SYMBOL        IBPSTACKTOP
  N:0080H         SYMBOL        IDATALEN
  C:0921H         SYMBOL        IDATALOOP
  N:0000H         SYMBOL        PBPSTACK
  N:0100H         SYMBOL        PBPSTACKTOP
  N:0000H         SYMBOL        PDATALEN
  N:0000H         SYMBOL        PDATASTART
  N:0000H         SYMBOL        PPAGE
  N:0000H         SYMBOL        PPAGEENABLE
  D:00A0H         SYMBOL        PPAGE_SFR
  D:0081H         SYMBOL        SP
  C:091EH         SYMBOL        STARTUP1
  N:0000H         SYMBOL        XBPSTACK
  N:0000H         SYMBOL        XBPSTACKTOP
  N:0000H         SYMBOL        XDATALEN
  N:0000H         SYMBOL        XDATASTART
  C:0000H         LINE#         126
  C:091EH         LINE#         133
  C:0920H         LINE#         134
  C:0921H         LINE#         135
  C:0922H         LINE#         136
  C:0924H         LINE#         185
  C:0927H         LINE#         196
  -------         ENDMOD        ?C_STARTUP

  -------         MODULE        SHIYAN7
  C:0000H         SYMBOL        _ICE_DUMMY_
  D:0080H         PUBLIC        P0
  C:092AH         PUBLIC        Timer0_INT
  D:0090H         PUBLIC        P1
  C:091AH         PUBLIC        combit
  C:090FH         PUBLIC        segbit
  D:00A0H         PUBLIC        P2
  D:00B0H         PUBLIC        P3
  D:00A8H         PUBLIC        IE
  B:00B0H.7       PUBLIC        OE
  B:00A0H.7       PUBLIC        CS
  D:00B8H         PUBLIC        IP
  C:0800H         PUBLIC        main
  B:00B0H.6       PUBLIC        ST
  D:0098H         PUBLIC        SCON
  D:0089H         PUBLIC        TMOD
  D:0088H         PUBLIC        TCON
  D:008CH         PUBLIC        TH0
  D:008AH         PUBLIC        TL0
  B:0088H.4       PUBLIC        TR0
  B:00B0H.0       PUBLIC        EOC
  B:00B0H.1       PUBLIC        CLK
BL51 BANKED LINKER/LOCATER V6.22                                                      05/30/2025  16:46:54  PAGE 3


  D:00C8H         PUBLIC        T2CON
  C:08F0H         PUBLIC        _Delay
  D:00D0H         PUBLIC        PSW
  -------         PROC          _DELAY
  D:0006H         SYMBOL        i
  -------         DO            
  D:0004H         SYMBOL        j
  -------         ENDDO         
  C:08F0H         LINE#         21
  C:08F0H         LINE#         22
  C:08F0H         LINE#         24
  C:08F9H         LINE#         25
  C:08F9H         LINE#         26
  C:08FCH         LINE#         27
  C:0907H         LINE#         28
  C:090EH         LINE#         29
  -------         ENDPROC       _DELAY
  -------         PROC          MAIN
  -------         DO            
  D:0007H         SYMBOL        temp
  D:0003H         SYMBOL        loopdat1
  D:0008H         SYMBOL        voldata
  D:000AH         SYMBOL        dispbuf
  -------         ENDDO         
  C:0800H         LINE#         32
  C:0800H         LINE#         33
  C:0800H         LINE#         37
  C:0803H         LINE#         38
  C:0806H         LINE#         39
  C:0809H         LINE#         40
  C:080CH         LINE#         41
  C:080EH         LINE#         42
  C:0810H         LINE#         43
  C:0810H         LINE#         44
  C:0810H         LINE#         47
  C:0812H         LINE#         48
  C:0814H         LINE#         49
  C:0816H         LINE#         51
  C:0816H         LINE#         52
  C:0819H         LINE#         54
  C:081BH         LINE#         55
  C:081DH         LINE#         56
  C:081FH         LINE#         58
  C:0832H         LINE#         60
  C:083BH         LINE#         61
  C:084FH         LINE#         62
  C:0863H         LINE#         63
  C:0870H         LINE#         65
  C:0878H         LINE#         66
  C:0878H         LINE#         68
  C:0883H         LINE#         69
  C:0886H         LINE#         70
  C:0886H         LINE#         72
  C:0889H         LINE#         73
  C:0889H         LINE#         74
  C:0891H         LINE#         75
  C:0898H         LINE#         77
BL51 BANKED LINKER/LOCATER V6.22                                                      05/30/2025  16:46:54  PAGE 4


  -------         ENDPROC       MAIN
  -------         PROC          TIMER0_INT
  C:092AH         LINE#         81
  C:092AH         LINE#         83
  C:092CH         LINE#         84
  -------         ENDPROC       TIMER0_INT
  -------         ENDMOD        SHIYAN7

  -------         MODULE        ?C?UIDIV
  C:089BH         PUBLIC        ?C?UIDIV
  -------         ENDMOD        ?C?UIDIV

******************************************************************************
* RESTRICTED VERSION WITH 0800H BYTE CODE SIZE LIMIT; USED: 00DEH BYTE (10%) *
******************************************************************************

Program Size: data=15.0 xdata=0 code=307
LINK/LOCATE RUN COMPLETE.  0 WARNING(S),  0 ERROR(S)
