A51 MACRO ASSEMBLER  LINE                                                                 05/16/2024 14:34:10 PAGE     1


MACRO ASSEMBLER A51 V7.07
OBJECT MODULE PLACED IN line.OBJ
ASSEMBLER INVOKED BY: D:\STUDY APPS\C51\BIN\A51.EXE line.asm SET(SMALL) DEBUG EP

LOC  OBJ            LINE     SOURCE

0000                   1     ORG 0000H     
0000 0190              2     AJMP MAIN    
0090                   3     ORG 0090H      
0090 758162            4     MAIN: MOV SP,#62H
0093 7830              5           MOV R0,#30H               
0095 900030            6           MOV DPTR,#TABLE     
0098 7900              7           MOV R1,#00H                 
009A 7A20              8               MOV R2,#20H           
                       9     
009C E9               10     READ: MOV A,R1                    
009D 93               11               MOVC A,@A+DPTR           
009E F6               12               MOV @R0,A                       
009F 08               13               INC R0                        
00A0 A3               14               INC DPTR                              
00A1 DAF9             15               DJNZ R2,READ
                      16                                                                                      
00A3 7F1F             17               MOV R7,#1FH                   
00A5 7930             18     L1:       MOV R1,#30H           
00A7 EF               19               MOV A,R7                         
00A8 FE               20               MOV R6,A     
                      21     
                      22               
00A9 E7               23     L2:       MOV A,@R1                     
00AA FD               24               MOV R5,A                      
00AB 09               25               INC R1                         
00AC 97               26               SUBB A, @R1           
00AD 4005             27               JC L3                                 
00AF ED               28               MOV A,R5              
00B0 C7               29               XCH A,@R1   
00B1 19               30          DEC R1  
00B2 F7               31          MOV @R1,A  
00B3 09               32               INC R1                        
00B4 DEF3             33     L3:       DJNZ R6,L2              
00B6 DFED             34               DJNZ R7,L1            
00B8 80FE             35       SJMP $
                      36     
                      37     
0030                  38     ORG 30H   
                      39     
0030 01030902         40     TABLE: DB 1,3,9,2,17,4,11,6 
0034 11040B06                
0038 05146440         41            DB 5,20,100,64,21,14,79,35  
003C 150E4F23                
0040 5C075B17         42                DB 92,7,91,23,65,16,13,18
0044 41100D12                
0048 12494165         43                DB 18,73,65,101,27,19,62,69
004C 1B133E45                
                      44     END  
A51 MACRO ASSEMBLER  LINE                                                                 05/16/2024 14:34:10 PAGE     2

SYMBOL TABLE LISTING
------ ----- -------


N A M E             T Y P E  V A L U E   ATTRIBUTES

L1 . . . . . . . .  C ADDR   00A5H   A   
L2 . . . . . . . .  C ADDR   00A9H   A   
L3 . . . . . . . .  C ADDR   00B4H   A   
MAIN . . . . . . .  C ADDR   0090H   A   
READ . . . . . . .  C ADDR   009CH   A   
SP . . . . . . . .  D ADDR   0081H   A   
TABLE. . . . . . .  C ADDR   0030H   A   


REGISTER BANK(S) USED: 0 


ASSEMBLY COMPLETE.  0 WARNING(S), 0 ERROR(S)
