BL51 BANKED LINKER/LOCATER V6.22                                                        05/14/2025  20:19:05  PAGE 1


BL51 BANKED LINKER/LOCATER V6.22, INVOKED BY:
C:\KEIL\C51\BIN\BL51.EXE STARTUP.obj, test1.obj TO shiyan1


INPUT MODULES INCLUDED:
  STARTUP.obj (?C_STARTUP)
  test1.obj (TEST1)


LINK MAP OF MODULE:  shiyan1 (?C_STARTUP)


            TYPE    BASE      LENGTH    RELOCATION   SEGMENT NAME
            -----------------------------------------------------

            * * * * * * *   D A T A   M E M O R Y   * * * * * * *
            REG     0000H     0008H     ABSOLUTE     "REG BANK 0"
            IDATA   0008H     0001H     UNIT         ?STACK

            * * * * * * *   C O D E   M E M O R Y   * * * * * * *
            CODE    0000H     0003H     ABSOLUTE     
* OVERLAP * CODE    0000H     0049H     ABSOLUTE     
            CODE    0049H     000CH     UNIT         ?C_C51STARTUP



UNRESOLVED EXTERNAL SYMBOLS:
   ?C_START



SYMBOL TABLE OF MODULE:  shiyan1 (?C_STARTUP)

  VALUE           TYPE          NAME
  ----------------------------------

  -------         MODULE        ?C_STARTUP
  C:0049H         SEGMENT       ?C_C51STARTUP
  I:0008H         SEGMENT       ?STACK
  C:0000H         PUBLIC        ?C_STARTUP
  D:00E0H         SYMBOL        ACC
  D:00F0H         SYMBOL        B
  D:0083H         SYMBOL        DPH
  D:0082H         SYMBOL        DPL
  N:0000H         SYMBOL        IBPSTACK
  N:0100H         SYMBOL        IBPSTACKTOP
  N:0080H         SYMBOL        IDATALEN
  C:004CH         SYMBOL        IDATALOOP
  N:0000H         SYMBOL        PBPSTACK
  N:0100H         SYMBOL        PBPSTACKTOP
  N:0000H         SYMBOL        PDATALEN
  N:0000H         SYMBOL        PDATASTART
  N:0000H         SYMBOL        PPAGE
  N:0000H         SYMBOL        PPAGEENABLE
  D:00A0H         SYMBOL        PPAGE_SFR
  D:0081H         SYMBOL        SP
  C:0049H         SYMBOL        STARTUP1
  N:0000H         SYMBOL        XBPSTACK
BL51 BANKED LINKER/LOCATER V6.22                                                      05/14/2025  20:19:05  PAGE 2


  N:0000H         SYMBOL        XBPSTACKTOP
  N:0000H         SYMBOL        XDATALEN
  N:0000H         SYMBOL        XDATASTART
  C:0000H         LINE#         126
  C:0049H         LINE#         133
  C:004BH         LINE#         134
  C:004CH         LINE#         135
  C:004DH         LINE#         136
  C:004FH         LINE#         185
  C:0052H         LINE#         196
  -------         ENDMOD        ?C_STARTUP

  -------         MODULE        TEST1
  C:0042H         SYMBOL        LOOP
  C:0039H         SYMBOL        LOOP1
  C:0030H         SYMBOL        MAIN
  D:0081H         SYMBOL        SP
  C:0000H         LINE#         2
  C:0030H         LINE#         5
  C:0033H         LINE#         6
  C:0035H         LINE#         7
  C:0037H         LINE#         8
  C:0039H         LINE#         10
  C:003AH         LINE#         11
  C:003BH         LINE#         12
  C:003DH         LINE#         13
  C:003EH         LINE#         14
  C:0040H         LINE#         15
  C:0042H         LINE#         17
  C:0043H         LINE#         18
  C:0044H         LINE#         19
  C:0045H         LINE#         20
  C:0047H         LINE#         21
  -------         ENDMOD        TEST1

*** WARNING L5: CODE SPACE MEMORY OVERLAP
    FROM:    0000H
    TO:      0002H

*** WARNING L1: UNRESOLVED EXTERNAL SYMBOL
    SYMBOL:  ?C_START
    MODULE:  STARTUP.obj (?C_STARTUP)

*** WARNING L2: REFERENCE MADE TO UNRESOLVED EXTERNAL
    SYMBOL:  ?C_START
    MODULE:  STARTUP.obj (?C_STARTUP)
    ADDRESS: 0053H

Program Size: data=9.0 xdata=0 code=88
LINK/LOCATE RUN COMPLETE.  3 WARNING(S),  0 ERROR(S)
