BL51 BANKED LINKER/LOCATER V5.03                                                        05/16/2024  14:10:08  PAGE 1


BL51 BANKED LINKER/LOCATER V5.03, INVOKED BY:
D:\STUDY APPS\C51\BIN\BL51.EXE eight.obj TO simlab1


INPUT MODULES INCLUDED:
  eight.obj (EIGHT)


LINK MAP OF MODULE:  simlab1 (EIGHT)


            TYPE    BASE      LENGTH    RELOCATION   SEGMENT NAME
            -----------------------------------------------------

            * * * * * * *   D A T A   M E M O R Y   * * * * * * *
            REG     0000H     0008H     ABSOLUTE     "REG BANK 0"

            * * * * * * *   C O D E   M E M O R Y   * * * * * * *
            CODE    0000H     004EH     ABSOLUTE     



SYMBOL TABLE OF MODULE:  simlab1 (EIGHT)

  VALUE           TYPE          NAME
  ----------------------------------

  -------         MODULE        EIGHT
  D:00F0H         SYMBOL        B
  C:0043H         SYMBOL        LOOP
  C:0030H         SYMBOL        MAIN
  C:0048H         SYMBOL        PLACE
  C:0000H         LINE#         2
  C:0030H         LINE#         5
  C:0033H         LINE#         6
  C:0035H         LINE#         7
  C:0038H         LINE#         8
  C:0039H         LINE#         9
  C:003BH         LINE#         10
  C:003DH         LINE#         11
  C:0040H         LINE#         12
  C:0041H         LINE#         13
  C:0043H         LINE#         15
  C:0044H         LINE#         16
  C:0046H         LINE#         17
  C:0048H         LINE#         19
  C:004AH         LINE#         20
  C:004CH         LINE#         21
  -------         ENDMOD        EIGHT

******************************************************************************
* RESTRICTED VERSION WITH 0800H BYTE CODE SIZE LIMIT; USED: 0022H BYTE ( 1%) *
******************************************************************************

Program Size: data=8.0 xdata=0 code=78
LINK/LOCATE RUN COMPLETE.  0 WARNING(S),  0 ERROR(S)
