BL51 BANKED LINKER/LOCATER V6.22                                                        05/15/2026  10:14:25  PAGE 1


BL51 BANKED LINKER/LOCATER V6.22, INVOKED BY:
D:\KEIL4\C51\BIN\BL51.EXE .\STARTUP.obj, add.obj, asmsin.obj, delay.obj, esimlab4.obj TO esimlab4


MEMORY MODEL: SMALL WITH FLOATING POINT ARITHMETIC


INPUT MODULES INCLUDED:
  .\STARTUP.obj (?C_STARTUP)
  add.obj (ADD)
  asmsin.obj (ASMSIN)
  delay.obj (DELAY)
  esimlab4.obj (ESIMLAB4)
  D:\KEIL4\C51\LIB\C51FPS.LIB (SIN)
  D:\KEIL4\C51\LIB\C51FPS.LIB (?C?FPGETOPN)
  D:\KEIL4\C51\LIB\C51FPS.LIB (?C?FPADD)
  D:\KEIL4\C51\LIB\C51FPS.LIB (?C?FPMUL)
  D:\KEIL4\C51\LIB\C51FPS.LIB (?C?FPDIV)
  D:\KEIL4\C51\LIB\C51FPS.LIB (?C?FCAST)
  D:\KEIL4\C51\LIB\C51FPS.LIB (?C?CASTF)
  D:\KEIL4\C51\LIB\C51FPS.LIB (?C?FPSERIES)
  D:\KEIL4\C51\LIB\C51S.LIB (?C?LNEG)
  D:\KEIL4\C51\LIB\C51S.LIB (?C?LLDCODE)
  D:\KEIL4\C51\LIB\C51S.LIB (?C?LLDCODE0)


LINK MAP OF MODULE:  esimlab4 (?C_STARTUP)


            TYPE    BASE      LENGTH    RELOCATION   SEGMENT NAME
            -----------------------------------------------------

            * * * * * * *   D A T A   M E M O R Y   * * * * * * *
            REG     0000H     0008H     ABSOLUTE     "REG BANK 0"
            DATA    0008H     000DH     UNIT         ?DT?ESIMLAB4
            DATA    0015H     0004H     UNIT         _DATA_GROUP_
                    0019H     0007H                  *** GAP ***
            BIT     0020H.0   0000H.1   UNIT         _BIT_GROUP_
                    0020H.1   0000H.7                *** GAP ***
            IDATA   0021H     0001H     UNIT         ?STACK

            * * * * * * *   C O D E   M E M O R Y   * * * * * * *
            CODE    0000H     0003H     ABSOLUTE     
                    0003H     07FDH                  *** GAP ***
            CODE    0800H     03D8H     UNIT         ?C?LIB_CODE
            CODE    0BD8H     016EH     UNIT         ?PR?SIN?SIN
            CODE    0D46H     004EH     UNIT         ?PR?MAIN?ESIMLAB4
            CODE    0D94H     000CH     UNIT         ?C_C51STARTUP
            CODE    0DA0H     000AH     UNIT         ?PR?_ADD
            CODE    0DAAH     000AH     UNIT         ?PR?_DELAY
            CODE    0DB4H     0004H     UNIT         ?PR?_ASMSIN



OVERLAY MAP OF MODULE:   esimlab4 (?C_STARTUP)


SEGMENT                           BIT_GROUP          DATA_GROUP 
BL51 BANKED LINKER/LOCATER V6.22                                                      05/15/2026  10:14:25  PAGE 2


  +--> CALLED SEGMENT          START    LENGTH     START    LENGTH
------------------------------------------------------------------
?C_C51STARTUP                  -----    -----      -----    -----
  +--> ?PR?MAIN?ESIMLAB4

?PR?MAIN?ESIMLAB4              -----    -----      -----    -----
  +--> ?PR?_DELAY
  +--> ?PR?_ADD
  +--> ?PR?_ASMSIN

?PR?_ASMSIN                    -----    -----      -----    -----
  +--> ?PR?SIN?SIN

?PR?SIN?SIN                    0020H.0  0000H.1    0015H    0004H



SYMBOL TABLE OF MODULE:  esimlab4 (?C_STARTUP)

  VALUE           TYPE          NAME
  ----------------------------------

  -------         MODULE        ?C_STARTUP
  C:0D94H         SEGMENT       ?C_C51STARTUP
  I:0021H         SEGMENT       ?STACK
  C:0000H         PUBLIC        ?C_STARTUP
  D:00E0H         SYMBOL        ACC
  D:00F0H         SYMBOL        B
  D:0083H         SYMBOL        DPH
  D:0082H         SYMBOL        DPL
  N:0000H         SYMBOL        IBPSTACK
  N:0100H         SYMBOL        IBPSTACKTOP
  N:0080H         SYMBOL        IDATALEN
  C:0D97H         SYMBOL        IDATALOOP
  N:0000H         SYMBOL        PBPSTACK
  N:0000H         SYMBOL        PBPSTACKTOP
  N:0000H         SYMBOL        PDATALEN
  N:0000H         SYMBOL        PDATASTART
  N:0000H         SYMBOL        PPAGE
  N:0000H         SYMBOL        PPAGEENABLE
  D:00A0H         SYMBOL        PPAGE_SFR
  D:0081H         SYMBOL        SP
  C:0D94H         SYMBOL        STARTUP1
  N:0000H         SYMBOL        XBPSTACK
  N:0000H         SYMBOL        XBPSTACKTOP
  N:0000H         SYMBOL        XDATALEN
  N:0000H         SYMBOL        XDATASTART
  C:0000H         LINE#         92
  C:0D94H         LINE#         99
  C:0D96H         LINE#         100
  C:0D97H         LINE#         101
  C:0D98H         LINE#         102
  C:0D9AH         LINE#         151
  C:0D9DH         LINE#         155
  -------         ENDMOD        ?C_STARTUP

  -------         MODULE        ADD
BL51 BANKED LINKER/LOCATER V6.22                                                      05/15/2026  10:14:25  PAGE 3


  C:0DA0H         SEGMENT       ?PR?_ADD
  C:0DA0H         PUBLIC        _ADD
  C:0DA0H         LINE#         5
  C:0DA1H         LINE#         6
  C:0DA2H         LINE#         7
  C:0DA3H         LINE#         8
  C:0DA4H         LINE#         9
  C:0DA6H         LINE#         10
  C:0DA8H         LINE#         11
  C:0DA9H         LINE#         12
  -------         ENDMOD        ADD

  -------         MODULE        ASMSIN
  C:0DB4H         SEGMENT       ?PR?_ASMSIN
  C:0DB4H         PUBLIC        _ASMSIN
  C:0DB4H         LINE#         6
  C:0DB7H         LINE#         8
  -------         ENDMOD        ASMSIN

  -------         MODULE        DELAY
  C:0DAAH         SEGMENT       ?PR?_DELAY
  C:0DAAH         PUBLIC        _DELAY
  C:0DACH         SYMBOL        DL1
  C:0DAEH         SYMBOL        DL2
  C:0DAAH         LINE#         6
  C:0DABH         LINE#         7
  C:0DACH         LINE#         8
  C:0DAEH         LINE#         9
  C:0DB0H         LINE#         10
  C:0DB1H         LINE#         11
  C:0DB3H         LINE#         12
  -------         ENDMOD        DELAY

  -------         MODULE        ESIMLAB4
  C:0000H         SYMBOL        _ICE_DUMMY_
  C:0D46H         PUBLIC        main
  D:0008H         PUBLIC        i
  D:0009H         PUBLIC        j
  D:000AH         PUBLIC        n
  D:000BH         PUBLIC        x
  D:000DH         PUBLIC        y
  D:0011H         PUBLIC        z
  -------         PROC          MAIN
  C:0D46H         LINE#         14
  C:0D46H         LINE#         15
  C:0D46H         LINE#         17
  C:0D49H         LINE#         18
  C:0D4CH         LINE#         19
  C:0D4CH         LINE#         20
  C:0D53H         LINE#         21
  C:0D56H         LINE#         22
  C:0D56H         LINE#         23
  C:0D5DH         LINE#         24
  C:0D62H         LINE#         26
  C:0D65H         LINE#         27
  C:0D68H         LINE#         28
  C:0D73H         LINE#         30
BL51 BANKED LINKER/LOCATER V6.22                                                      05/15/2026  10:14:25  PAGE 4


  C:0D7FH         LINE#         31
  C:0D92H         LINE#         32
  -------         ENDPROC       MAIN
  -------         ENDMOD        ESIMLAB4

  -------         MODULE        SIN
  C:0C20H         PUBLIC        _COS
  C:0C36H         PUBLIC        _SIN
  C:0C68H         PUBLIC        _TAN
  -------         ENDMOD        SIN

  -------         MODULE        ?C?FPADD
  C:0851H         PUBLIC        ?C?FPADD
  C:084DH         PUBLIC        ?C?FPSUB
  -------         ENDMOD        ?C?FPADD

  -------         MODULE        ?C?FPMUL
  C:0942H         PUBLIC        ?C?FPMUL
  -------         ENDMOD        ?C?FPMUL

  -------         MODULE        ?C?FPDIV
  C:0A4BH         PUBLIC        ?C?FPDIV
  -------         ENDMOD        ?C?FPDIV

  -------         MODULE        ?C?FCAST
  C:0AF2H         PUBLIC        ?C?FCASTC
  C:0AEDH         PUBLIC        ?C?FCASTI
  C:0AE8H         PUBLIC        ?C?FCASTL
  -------         ENDMOD        ?C?FCAST

  -------         MODULE        ?C?CASTF
  C:0B26H         PUBLIC        ?C?CASTF
  -------         ENDMOD        ?C?CASTF

  -------         MODULE        ?C?LNEG
  C:0BAAH         PUBLIC        ?C?LNEG
  -------         ENDMOD        ?C?LNEG

  -------         MODULE        ?C?LLDCODE
  C:0BB8H         PUBLIC        ?C?LLDCODE
  -------         ENDMOD        ?C?LLDCODE

  -------         MODULE        ?C?LLDCODE0
  C:0BC8H         PUBLIC        ?C?LLDCODE0
  -------         ENDMOD        ?C?LLDCODE0

******************************************************************************
* RESTRICTED VERSION WITH 0800H BYTE CODE SIZE LIMIT; USED: 0075H BYTE ( 5%) *
******************************************************************************

Program Size: data=26.1 xdata=0 code=1467
LINK/LOCATE RUN COMPLETE.  0 WARNING(S),  0 ERROR(S)
