BL51 BANKED LINKER/LOCATER V6.22                                                        05/16/2026  13:16:21  PAGE 1


BL51 BANKED LINKER/LOCATER V6.22, INVOKED BY:
D:\KEIL4\C51\BIN\BL51.EXE STARTUP.obj, code2.obj TO Shiyan2 RAMSIZE (256)


MEMORY MODEL: SMALL


INPUT MODULES INCLUDED:
  STARTUP.obj (?C_STARTUP)
  code2.obj (CODE2)


LINK MAP OF MODULE:  Shiyan2 (?C_STARTUP)


            TYPE    BASE      LENGTH    RELOCATION   SEGMENT NAME
            -----------------------------------------------------

            * * * * * * *   D A T A   M E M O R Y   * * * * * * *
            REG     0000H     0008H     ABSOLUTE     "REG BANK 0"
            IDATA   0008H     0001H     UNIT         ?STACK

            * * * * * * *   C O D E   M E M O R Y   * * * * * * *
            CODE    0000H     0003H     ABSOLUTE     
                    0003H     07FDH                  *** GAP ***
            CODE    0800H     0020H     UNIT         ?PR?_DELAY?CODE2
            CODE    0820H     001AH     UNIT         ?PR?MAIN?CODE2
            CODE    083AH     000CH     UNIT         ?C_C51STARTUP



OVERLAY MAP OF MODULE:   Shiyan2 (?C_STARTUP)


SEGMENT
  +--> CALLED SEGMENT
---------------------
?C_C51STARTUP
  +--> ?PR?MAIN?CODE2

?PR?MAIN?CODE2
  +--> ?PR?_DELAY?CODE2



SYMBOL TABLE OF MODULE:  Shiyan2 (?C_STARTUP)

  VALUE           TYPE          NAME
  ----------------------------------

  -------         MODULE        ?C_STARTUP
  C:083AH         SEGMENT       ?C_C51STARTUP
  I:0008H         SEGMENT       ?STACK
  C:0000H         PUBLIC        ?C_STARTUP
  D:00E0H         SYMBOL        ACC
  D:00F0H         SYMBOL        B
  D:0083H         SYMBOL        DPH
  D:0082H         SYMBOL        DPL
BL51 BANKED LINKER/LOCATER V6.22                                                      05/16/2026  13:16:21  PAGE 2


  N:0000H         SYMBOL        IBPSTACK
  N:0100H         SYMBOL        IBPSTACKTOP
  N:0080H         SYMBOL        IDATALEN
  C:083DH         SYMBOL        IDATALOOP
  N:0000H         SYMBOL        PBPSTACK
  N:0100H         SYMBOL        PBPSTACKTOP
  N:0000H         SYMBOL        PDATALEN
  N:0000H         SYMBOL        PDATASTART
  N:0000H         SYMBOL        PPAGE
  N:0000H         SYMBOL        PPAGEENABLE
  D:00A0H         SYMBOL        PPAGE_SFR
  D:0081H         SYMBOL        SP
  C:083AH         SYMBOL        STARTUP1
  N:0000H         SYMBOL        XBPSTACK
  N:0000H         SYMBOL        XBPSTACKTOP
  N:0000H         SYMBOL        XDATALEN
  N:0000H         SYMBOL        XDATASTART
  C:0000H         LINE#         126
  C:083AH         LINE#         133
  C:083CH         LINE#         134
  C:083DH         LINE#         135
  C:083EH         LINE#         136
  C:0840H         LINE#         185
  C:0843H         LINE#         196
  -------         ENDMOD        ?C_STARTUP

  -------         MODULE        CODE2
  C:0000H         SYMBOL        _ICE_DUMMY_
  D:0080H         PUBLIC        P0
  D:0090H         PUBLIC        P1
  D:00B0H         PUBLIC        P3
  D:00A8H         PUBLIC        IE
  C:0800H         PUBLIC        _delay
  D:00B8H         PUBLIC        IP
  C:0820H         PUBLIC        main
  D:0098H         PUBLIC        SCON
  D:0088H         PUBLIC        TCON
  D:00C8H         PUBLIC        T2CON
  D:00D0H         PUBLIC        PSW
  -------         PROC          _DELAY
  D:0006H         SYMBOL        n
  -------         DO            
  D:0004H         SYMBOL        i
  D:0002H         SYMBOL        j
  -------         ENDDO         
  C:0800H         LINE#         2
  C:0800H         LINE#         3
  C:0800H         LINE#         5
  C:080AH         LINE#         6
  C:081FH         LINE#         12
  -------         ENDPROC       _DELAY
  -------         PROC          MAIN
  -------         DO            
  D:0001H         SYMBOL        led_status
  -------         ENDDO         
  C:0820H         LINE#         13
  C:0820H         LINE#         14
BL51 BANKED LINKER/LOCATER V6.22                                                      05/16/2026  13:16:21  PAGE 3


  C:0820H         LINE#         15
  C:0822H         LINE#         16
  C:0825H         LINE#         17
  C:0825H         LINE#         18
  C:0825H         LINE#         19
  C:082CH         LINE#         20
  C:0830H         LINE#         21
  C:0832H         LINE#         22
  C:0834H         LINE#         23
  C:0838H         LINE#         24
  -------         ENDPROC       MAIN
  -------         ENDMOD        CODE2

******************************************************************************
* RESTRICTED VERSION WITH 0800H BYTE CODE SIZE LIMIT; USED: 0049H BYTE ( 3%) *
******************************************************************************

Program Size: data=9.0 xdata=0 code=73
LINK/LOCATE RUN COMPLETE.  0 WARNING(S),  0 ERROR(S)
