C51 COMPILER V9.60.7.0   DELAY                                                             05/10/2025 12:18:35 PAGE 1   


C51 COMPILER V9.60.7.0, COMPILATION OF MODULE DELAY
OBJECT MODULE PLACED IN ..\output\delay.obj
COMPILER INVOKED BY: D:\Keil5\C51\BIN\C51.EXE ..\src\delay.c OPTIMIZE(8,SPEED) BROWSE INCDIR(..\inc) DEBUG OBJECTEXTEND 
                    -PRINT(..\output\delay.lst) OBJECT(..\output\delay.obj)

line level    source

   1          #include <reg51.h>
   2          #include "intrins.h"
   3          #include "delay.h"
   4          
   5          #define uchar unsigned char
   6          #define uint  unsigned int
   7          
   8          /*----------------------------
   9          Software delay 1 ms
  10          ------------------------------*/
  11          void delay_ms(uint n)
  12           {
  13   1               uint x;
  14   1      
  15   1               while(n--)
  16   1               {
  17   2                       x=570;
  18   2                       while(x--);
  19   2               }
  20   1       }


MODULE INFORMATION:   STATIC OVERLAYABLE
   CODE SIZE        =     27    ----
   CONSTANT SIZE    =   ----    ----
   XDATA SIZE       =   ----    ----
   PDATA SIZE       =   ----    ----
   DATA SIZE        =   ----    ----
   IDATA SIZE       =   ----    ----
   BIT SIZE         =   ----    ----
END OF MODULE INFORMATION.


C51 COMPILATION COMPLETE.  0 WARNING(S),  0 ERROR(S)
