BL51 BANKED LINKER/LOCATER V6.22                                                        05/16/2026  15:29:22  PAGE 1


BL51 BANKED LINKER/LOCATER V6.22, INVOKED BY:
BL51.EXE MAIN.OBJ TO .\RELEASE.OMF


MEMORY MODEL: SMALL


INPUT MODULES INCLUDED:
  MAIN.OBJ (MAIN)
  ..\..\..\..\..\..\..\KEIL4\C51\LIB\C51S.LIB (?C_STARTUP)


LINK MAP OF MODULE:  .\RELEASE.OMF (MAIN)


            TYPE    BASE      LENGTH    RELOCATION   SEGMENT NAME
            -----------------------------------------------------

            * * * * * * *   D A T A   M E M O R Y   * * * * * * *
            REG     0000H     0008H     ABSOLUTE     "REG BANK 0"
            IDATA   0008H     0001H     UNIT         ?STACK

            * * * * * * *   C O D E   M E M O R Y   * * * * * * *
            CODE    0000H     0003H     ABSOLUTE     
                    0003H     07FDH                  *** GAP ***
            CODE    0800H     003FH     INBLOCK      ?PR?MAIN?MAIN
            CODE    083FH     0019H     INBLOCK      ?PR?_DELAY?MAIN
            CODE    0858H     000CH     UNIT         ?C_C51STARTUP



OVERLAY MAP OF MODULE:   .\RELEASE.OMF (MAIN)


SEGMENT
  +--> CALLED SEGMENT
---------------------
?C_C51STARTUP
  +--> ?PR?MAIN?MAIN

?PR?MAIN?MAIN
  +--> ?PR?_DELAY?MAIN

******************************************************************************
* RESTRICTED VERSION WITH 0800H BYTE CODE SIZE LIMIT; USED: 0058H BYTE ( 4%) *
******************************************************************************

Program Size: data=9.0 xdata=0 code=103
LINK/LOCATE RUN COMPLETE.  0 WARNING(S),  0 ERROR(S)
